[0.393s] Invoking command in '/home/jinhan/mid_mobiity/src/env/env/midterm_env': AMENT_PREFIX_PATH=/home/jinhan/mid_mobiity/install/midterm_msgs:${AMENT_PREFIX_PATH} CMAKE_PREFIX_PATH=/home/jinhan/mid_mobiity/install/midterm_msgs LD_LIBRARY_PATH=/home/jinhan/mid_mobiity/install/midterm_msgs/lib:/opt/ros/humble/opt/rviz_ogre_vendor/lib:/opt/ros/humble/lib/x86_64-linux-gnu:/opt/ros/humble/lib:/usr/share/gazebo/../../lib/x86_64-linux-gnu/gazebo-11/plugins PYTHONPATH=/home/jinhan/mid_mobiity/build/midterm_env/prefix_override:/usr/lib/python3/dist-packages/colcon_core/task/python/colcon_distutils_commands:/home/jinhan/mid_mobiity/install/midterm_env/lib/python3.10/site-packages:/home/jinhan/mid_mobiity/install/midterm_msgs/local/lib/python3.10/dist-packages:${PYTHONPATH} /usr/bin/python3 -W ignore:setup.py install is deprecated -W ignore:easy_install command is deprecated setup.py egg_info --egg-base ../../../../build/midterm_env build --build-base /home/jinhan/mid_mobiity/build/midterm_env/build install --record /home/jinhan/mid_mobiity/build/midterm_env/install.log --single-version-externally-managed install_data
[0.533s] running egg_info
[0.533s] creating ../../../../build/midterm_env/midterm_env.egg-info
[0.533s] writing ../../../../build/midterm_env/midterm_env.egg-info/PKG-INFO
[0.534s] writing dependency_links to ../../../../build/midterm_env/midterm_env.egg-info/dependency_links.txt
[0.534s] writing entry points to ../../../../build/midterm_env/midterm_env.egg-info/entry_points.txt
[0.534s] writing requirements to ../../../../build/midterm_env/midterm_env.egg-info/requires.txt
[0.534s] writing top-level names to ../../../../build/midterm_env/midterm_env.egg-info/top_level.txt
[0.534s] writing manifest file '../../../../build/midterm_env/midterm_env.egg-info/SOURCES.txt'
[0.535s] reading manifest file '../../../../build/midterm_env/midterm_env.egg-info/SOURCES.txt'
[0.535s] writing manifest file '../../../../build/midterm_env/midterm_env.egg-info/SOURCES.txt'
[0.535s] running build
[0.535s] running build_py
[0.535s] creating /home/jinhan/mid_mobiity/build/midterm_env/build
[0.535s] creating /home/jinhan/mid_mobiity/build/midterm_env/build/lib
[0.535s] creating /home/jinhan/mid_mobiity/build/midterm_env/build/lib/midterm_env
[0.535s] copying midterm_env/__init__.py -> /home/jinhan/mid_mobiity/build/midterm_env/build/lib/midterm_env
[0.535s] copying midterm_env/keyboard.py -> /home/jinhan/mid_mobiity/build/midterm_env/build/lib/midterm_env
[0.535s] copying midterm_env/env.py -> /home/jinhan/mid_mobiity/build/midterm_env/build/lib/midterm_env
[0.535s] running install
[0.536s] running install_lib
[0.536s] creating /home/jinhan/mid_mobiity/install/midterm_env/lib/python3.10/site-packages/midterm_env
[0.536s] copying /home/jinhan/mid_mobiity/build/midterm_env/build/lib/midterm_env/__init__.py -> /home/jinhan/mid_mobiity/install/midterm_env/lib/python3.10/site-packages/midterm_env
[0.536s] copying /home/jinhan/mid_mobiity/build/midterm_env/build/lib/midterm_env/keyboard.py -> /home/jinhan/mid_mobiity/install/midterm_env/lib/python3.10/site-packages/midterm_env
[0.536s] copying /home/jinhan/mid_mobiity/build/midterm_env/build/lib/midterm_env/env.py -> /home/jinhan/mid_mobiity/install/midterm_env/lib/python3.10/site-packages/midterm_env
[0.536s] byte-compiling /home/jinhan/mid_mobiity/install/midterm_env/lib/python3.10/site-packages/midterm_env/__init__.py to __init__.cpython-310.pyc
[0.537s] byte-compiling /home/jinhan/mid_mobiity/install/midterm_env/lib/python3.10/site-packages/midterm_env/keyboard.py to keyboard.cpython-310.pyc
[0.537s] byte-compiling /home/jinhan/mid_mobiity/install/midterm_env/lib/python3.10/site-packages/midterm_env/env.py to env.cpython-310.pyc
[0.540s] running install_data
[0.540s] creating /home/jinhan/mid_mobiity/install/midterm_env/share/ament_index
[0.540s] creating /home/jinhan/mid_mobiity/install/midterm_env/share/ament_index/resource_index
[0.540s] creating /home/jinhan/mid_mobiity/install/midterm_env/share/ament_index/resource_index/packages
[0.540s] copying resource/midterm_env -> /home/jinhan/mid_mobiity/install/midterm_env/share/ament_index/resource_index/packages
[0.540s] copying package.xml -> /home/jinhan/mid_mobiity/install/midterm_env/share/midterm_env
[0.540s] running install_egg_info
[0.542s] Copying ../../../../build/midterm_env/midterm_env.egg-info to /home/jinhan/mid_mobiity/install/midterm_env/lib/python3.10/site-packages/midterm_env-0.0.0-py3.10.egg-info
[0.542s] running install_scripts
[0.555s] Installing env script to /home/jinhan/mid_mobiity/install/midterm_env/lib/midterm_env
[0.555s] Installing keyboard script to /home/jinhan/mid_mobiity/install/midterm_env/lib/midterm_env
[0.555s] writing list of installed files to '/home/jinhan/mid_mobiity/build/midterm_env/install.log'
[0.571s] Invoked command in '/home/jinhan/mid_mobiity/src/env/env/midterm_env' returned '0': AMENT_PREFIX_PATH=/home/jinhan/mid_mobiity/install/midterm_msgs:${AMENT_PREFIX_PATH} CMAKE_PREFIX_PATH=/home/jinhan/mid_mobiity/install/midterm_msgs LD_LIBRARY_PATH=/home/jinhan/mid_mobiity/install/midterm_msgs/lib:/opt/ros/humble/opt/rviz_ogre_vendor/lib:/opt/ros/humble/lib/x86_64-linux-gnu:/opt/ros/humble/lib:/usr/share/gazebo/../../lib/x86_64-linux-gnu/gazebo-11/plugins PYTHONPATH=/home/jinhan/mid_mobiity/build/midterm_env/prefix_override:/usr/lib/python3/dist-packages/colcon_core/task/python/colcon_distutils_commands:/home/jinhan/mid_mobiity/install/midterm_env/lib/python3.10/site-packages:/home/jinhan/mid_mobiity/install/midterm_msgs/local/lib/python3.10/dist-packages:${PYTHONPATH} /usr/bin/python3 -W ignore:setup.py install is deprecated -W ignore:easy_install command is deprecated setup.py egg_info --egg-base ../../../../build/midterm_env build --build-base /home/jinhan/mid_mobiity/build/midterm_env/build install --record /home/jinhan/mid_mobiity/build/midterm_env/install.log --single-version-externally-managed install_data
