[0.601s] Invoking command in '/home/jinhan/mid_mobiity/src/env/env/midterm_env': LD_LIBRARY_PATH=/home/jinhan/mid_mobiity/install/midterm_msgs/lib:/opt/ros/humble/opt/rviz_ogre_vendor/lib:/opt/ros/humble/lib/x86_64-linux-gnu:/opt/ros/humble/lib:/usr/share/gazebo/../../lib/x86_64-linux-gnu/gazebo-11/plugins PYTHONPATH=/home/jinhan/mid_mobiity/build/midterm_env/prefix_override:/usr/lib/python3/dist-packages/colcon_core/task/python/colcon_distutils_commands:/home/jinhan/mid_mobiity/install/midterm_env/lib/python3.10/site-packages:${PYTHONPATH} /usr/bin/python3 -W ignore:setup.py install is deprecated -W ignore:easy_install command is deprecated setup.py egg_info --egg-base ../../../../build/midterm_env build --build-base /home/jinhan/mid_mobiity/build/midterm_env/build install --record /home/jinhan/mid_mobiity/build/midterm_env/install.log --single-version-externally-managed install_data
[0.763s] running egg_info
[0.763s] writing ../../../../build/midterm_env/midterm_env.egg-info/PKG-INFO
[0.763s] writing dependency_links to ../../../../build/midterm_env/midterm_env.egg-info/dependency_links.txt
[0.763s] writing entry points to ../../../../build/midterm_env/midterm_env.egg-info/entry_points.txt
[0.763s] writing requirements to ../../../../build/midterm_env/midterm_env.egg-info/requires.txt
[0.764s] writing top-level names to ../../../../build/midterm_env/midterm_env.egg-info/top_level.txt
[0.765s] reading manifest file '../../../../build/midterm_env/midterm_env.egg-info/SOURCES.txt'
[0.765s] writing manifest file '../../../../build/midterm_env/midterm_env.egg-info/SOURCES.txt'
[0.765s] running build
[0.765s] running build_py
[0.765s] running install
[0.765s] running install_lib
[0.767s] running install_data
[0.767s] running install_egg_info
[0.768s] removing '/home/jinhan/mid_mobiity/install/midterm_env/lib/python3.10/site-packages/midterm_env-0.0.0-py3.10.egg-info' (and everything under it)
[0.768s] Copying ../../../../build/midterm_env/midterm_env.egg-info to /home/jinhan/mid_mobiity/install/midterm_env/lib/python3.10/site-packages/midterm_env-0.0.0-py3.10.egg-info
[0.769s] running install_scripts
[0.783s] Installing env script to /home/jinhan/mid_mobiity/install/midterm_env/lib/midterm_env
[0.783s] Installing keyboard script to /home/jinhan/mid_mobiity/install/midterm_env/lib/midterm_env
[0.784s] writing list of installed files to '/home/jinhan/mid_mobiity/build/midterm_env/install.log'
[0.810s] Invoked command in '/home/jinhan/mid_mobiity/src/env/env/midterm_env' returned '0': LD_LIBRARY_PATH=/home/jinhan/mid_mobiity/install/midterm_msgs/lib:/opt/ros/humble/opt/rviz_ogre_vendor/lib:/opt/ros/humble/lib/x86_64-linux-gnu:/opt/ros/humble/lib:/usr/share/gazebo/../../lib/x86_64-linux-gnu/gazebo-11/plugins PYTHONPATH=/home/jinhan/mid_mobiity/build/midterm_env/prefix_override:/usr/lib/python3/dist-packages/colcon_core/task/python/colcon_distutils_commands:/home/jinhan/mid_mobiity/install/midterm_env/lib/python3.10/site-packages:${PYTHONPATH} /usr/bin/python3 -W ignore:setup.py install is deprecated -W ignore:easy_install command is deprecated setup.py egg_info --egg-base ../../../../build/midterm_env build --build-base /home/jinhan/mid_mobiity/build/midterm_env/build install --record /home/jinhan/mid_mobiity/build/midterm_env/install.log --single-version-externally-managed install_data
