[ 11%] Built target midterm_msgs__rosidl_generator_c
[ 12%] Built target midterm_msgs__cpp
[ 12%] Built target ament_cmake_python_copy_midterm_msgs
[ 23%] Built target midterm_msgs__rosidl_typesupport_introspection_c
[ 35%] Built target midterm_msgs__rosidl_typesupport_c
[ 46%] Built target midterm_msgs__rosidl_typesupport_fastrtps_c
[ 57%] Built target midterm_msgs__rosidl_typesupport_fastrtps_cpp
[ 69%] Built target midterm_msgs__rosidl_typesupport_cpp
[ 80%] Built target midterm_msgs__rosidl_typesupport_introspection_cpp
[ 80%] Built target midterm_msgs
[ 81%] Built target midterm_msgs__py
[ 91%] Built target midterm_msgs__rosidl_generator_py
[ 94%] Built target midterm_msgs__rosidl_typesupport_introspection_c__pyext
[100%] Built target midterm_msgs__rosidl_typesupport_fastrtps_c__pyext
[100%] Built target midterm_msgs__rosidl_typesupport_c__pyext
running egg_info
writing midterm_msgs.egg-info/PKG-INFO
writing dependency_links to midterm_msgs.egg-info/dependency_links.txt
writing top-level names to midterm_msgs.egg-info/top_level.txt
reading manifest file 'midterm_msgs.egg-info/SOURCES.txt'
writing manifest file 'midterm_msgs.egg-info/SOURCES.txt'
[100%] Built target ament_cmake_python_build_midterm_msgs_egg
-- Install configuration: ""
-- Up-to-date: /home/jinhan/mid_mobiity/install/midterm_msgs/share/ament_index/resource_index/rosidl_interfaces/midterm_msgs
-- Up-to-date: /home/jinhan/mid_mobiity/install/midterm_msgs/include/midterm_msgs/midterm_msgs
-- Up-to-date: /home/jinhan/mid_mobiity/install/midterm_msgs/include/midterm_msgs/midterm_msgs/msg
-- Up-to-date: /home/jinhan/mid_mobiity/install/midterm_msgs/include/midterm_msgs/midterm_msgs/msg/simple_lidar.h
-- Up-to-date: /home/jinhan/mid_mobiity/install/midterm_msgs/include/midterm_msgs/midterm_msgs/msg/control.h
-- Up-to-date: /home/jinhan/mid_mobiity/install/midterm_msgs/include/midterm_msgs/midterm_msgs/msg/detail
-- Up-to-date: /home/jinhan/mid_mobiity/install/midterm_msgs/include/midterm_msgs/midterm_msgs/msg/detail/simple_gps__struct.h
-- Up-to-date: /home/jinhan/mid_mobiity/install/midterm_msgs/include/midterm_msgs/midterm_msgs/msg/detail/simple_lidar__functions.h
-- Up-to-date: /home/jinhan/mid_mobiity/install/midterm_msgs/include/midterm_msgs/midterm_msgs/msg/detail/wall__functions.c
-- Up-to-date: /home/jinhan/mid_mobiity/install/midterm_msgs/include/midterm_msgs/midterm_msgs/msg/detail/wall_list__type_support.h
-- Up-to-date: /home/jinhan/mid_mobiity/install/midterm_msgs/include/midterm_msgs/midterm_msgs/msg/detail/control__type_support.h
-- Up-to-date: /home/jinhan/mid_mobiity/install/midterm_msgs/include/midterm_msgs/midterm_msgs/msg/detail/control__struct.h
-- Up-to-date: /home/jinhan/mid_mobiity/install/midterm_msgs/include/midterm_msgs/midterm_msgs/msg/detail/wall__struct.h
-- Up-to-date: /home/jinhan/mid_mobiity/install/midterm_msgs/include/midterm_msgs/midterm_msgs/msg/detail/wall__type_support.h
-- Up-to-date: /home/jinhan/mid_mobiity/install/midterm_msgs/include/midterm_msgs/midterm_msgs/msg/detail/wall_list__functions.c
-- Up-to-date: /home/jinhan/mid_mobiity/install/midterm_msgs/include/midterm_msgs/midterm_msgs/msg/detail/control__functions.c
-- Up-to-date: /home/jinhan/mid_mobiity/install/midterm_msgs/include/midterm_msgs/midterm_msgs/msg/detail/simple_gps__functions.h
-- Up-to-date: /home/jinhan/mid_mobiity/install/midterm_msgs/include/midterm_msgs/midterm_msgs/msg/detail/wall_list__struct.h
-- Up-to-date: /home/jinhan/mid_mobiity/install/midterm_msgs/include/midterm_msgs/midterm_msgs/msg/detail/goal__functions.c
-- Up-to-date: /home/jinhan/mid_mobiity/install/midterm_msgs/include/midterm_msgs/midterm_msgs/msg/detail/simple_lidar__functions.c
-- Up-to-date: /home/jinhan/mid_mobiity/install/midterm_msgs/include/midterm_msgs/midterm_msgs/msg/detail/simple_gps__functions.c
-- Up-to-date: /home/jinhan/mid_mobiity/install/midterm_msgs/include/midterm_msgs/midterm_msgs/msg/detail/goal__type_support.h
-- Up-to-date: /home/jinhan/mid_mobiity/install/midterm_msgs/include/midterm_msgs/midterm_msgs/msg/detail/goal__functions.h
-- Up-to-date: /home/jinhan/mid_mobiity/install/midterm_msgs/include/midterm_msgs/midterm_msgs/msg/detail/wall_list__functions.h
-- Up-to-date: /home/jinhan/mid_mobiity/install/midterm_msgs/include/midterm_msgs/midterm_msgs/msg/detail/simple_lidar__struct.h
-- Up-to-date: /home/jinhan/mid_mobiity/install/midterm_msgs/include/midterm_msgs/midterm_msgs/msg/detail/goal__struct.h
-- Up-to-date: /home/jinhan/mid_mobiity/install/midterm_msgs/include/midterm_msgs/midterm_msgs/msg/detail/simple_lidar__type_support.h
-- Up-to-date: /home/jinhan/mid_mobiity/install/midterm_msgs/include/midterm_msgs/midterm_msgs/msg/detail/control__functions.h
-- Up-to-date: /home/jinhan/mid_mobiity/install/midterm_msgs/include/midterm_msgs/midterm_msgs/msg/detail/wall__functions.h
-- Up-to-date: /home/jinhan/mid_mobiity/install/midterm_msgs/include/midterm_msgs/midterm_msgs/msg/detail/simple_gps__type_support.h
-- Up-to-date: /home/jinhan/mid_mobiity/install/midterm_msgs/include/midterm_msgs/midterm_msgs/msg/wall.h
-- Up-to-date: /home/jinhan/mid_mobiity/install/midterm_msgs/include/midterm_msgs/midterm_msgs/msg/wall_list.h
-- Up-to-date: /home/jinhan/mid_mobiity/install/midterm_msgs/include/midterm_msgs/midterm_msgs/msg/simple_gps.h
-- Up-to-date: /home/jinhan/mid_mobiity/install/midterm_msgs/include/midterm_msgs/midterm_msgs/msg/goal.h
-- Up-to-date: /home/jinhan/mid_mobiity/install/midterm_msgs/include/midterm_msgs/midterm_msgs/msg/rosidl_generator_c__visibility_control.h
-- Up-to-date: /home/jinhan/mid_mobiity/install/midterm_msgs/share/midterm_msgs/environment/library_path.sh
-- Up-to-date: /home/jinhan/mid_mobiity/install/midterm_msgs/share/midterm_msgs/environment/library_path.dsv
-- Up-to-date: /home/jinhan/mid_mobiity/install/midterm_msgs/lib/libmidterm_msgs__rosidl_generator_c.so
-- Up-to-date: /home/jinhan/mid_mobiity/install/midterm_msgs/include/midterm_msgs/midterm_msgs
-- Up-to-date: /home/jinhan/mid_mobiity/install/midterm_msgs/include/midterm_msgs/midterm_msgs/msg
-- Up-to-date: /home/jinhan/mid_mobiity/install/midterm_msgs/include/midterm_msgs/midterm_msgs/msg/detail
-- Up-to-date: /home/jinhan/mid_mobiity/install/midterm_msgs/include/midterm_msgs/midterm_msgs/msg/detail/goal__rosidl_typesupport_fastrtps_c.h
-- Up-to-date: /home/jinhan/mid_mobiity/install/midterm_msgs/include/midterm_msgs/midterm_msgs/msg/detail/control__rosidl_typesupport_fastrtps_c.h
-- Up-to-date: /home/jinhan/mid_mobiity/install/midterm_msgs/include/midterm_msgs/midterm_msgs/msg/detail/simple_lidar__rosidl_typesupport_fastrtps_c.h
-- Up-to-date: /home/jinhan/mid_mobiity/install/midterm_msgs/include/midterm_msgs/midterm_msgs/msg/detail/simple_gps__rosidl_typesupport_fastrtps_c.h
-- Up-to-date: /home/jinhan/mid_mobiity/install/midterm_msgs/include/midterm_msgs/midterm_msgs/msg/detail/wall_list__rosidl_typesupport_fastrtps_c.h
-- Up-to-date: /home/jinhan/mid_mobiity/install/midterm_msgs/include/midterm_msgs/midterm_msgs/msg/detail/wall__rosidl_typesupport_fastrtps_c.h
-- Up-to-date: /home/jinhan/mid_mobiity/install/midterm_msgs/include/midterm_msgs/midterm_msgs/msg/rosidl_typesupport_fastrtps_c__visibility_control.h
-- Up-to-date: /home/jinhan/mid_mobiity/install/midterm_msgs/lib/libmidterm_msgs__rosidl_typesupport_fastrtps_c.so
-- Up-to-date: /home/jinhan/mid_mobiity/install/midterm_msgs/include/midterm_msgs/midterm_msgs
-- Up-to-date: /home/jinhan/mid_mobiity/install/midterm_msgs/include/midterm_msgs/midterm_msgs/msg
-- Up-to-date: /home/jinhan/mid_mobiity/install/midterm_msgs/include/midterm_msgs/midterm_msgs/msg/simple_gps.hpp
-- Up-to-date: /home/jinhan/mid_mobiity/install/midterm_msgs/include/midterm_msgs/midterm_msgs/msg/detail
-- Up-to-date: /home/jinhan/mid_mobiity/install/midterm_msgs/include/midterm_msgs/midterm_msgs/msg/detail/simple_lidar__traits.hpp
-- Up-to-date: /home/jinhan/mid_mobiity/install/midterm_msgs/include/midterm_msgs/midterm_msgs/msg/detail/wall__builder.hpp
-- Up-to-date: /home/jinhan/mid_mobiity/install/midterm_msgs/include/midterm_msgs/midterm_msgs/msg/detail/goal__builder.hpp
-- Up-to-date: /home/jinhan/mid_mobiity/install/midterm_msgs/include/midterm_msgs/midterm_msgs/msg/detail/simple_lidar__type_support.hpp
-- Up-to-date: /home/jinhan/mid_mobiity/install/midterm_msgs/include/midterm_msgs/midterm_msgs/msg/detail/wall_list__struct.hpp
-- Up-to-date: /home/jinhan/mid_mobiity/install/midterm_msgs/include/midterm_msgs/midterm_msgs/msg/detail/goal__traits.hpp
-- Up-to-date: /home/jinhan/mid_mobiity/install/midterm_msgs/include/midterm_msgs/midterm_msgs/msg/detail/simple_lidar__builder.hpp
-- Up-to-date: /home/jinhan/mid_mobiity/install/midterm_msgs/include/midterm_msgs/midterm_msgs/msg/detail/goal__type_support.hpp
-- Up-to-date: /home/jinhan/mid_mobiity/install/midterm_msgs/include/midterm_msgs/midterm_msgs/msg/detail/wall__struct.hpp
-- Up-to-date: /home/jinhan/mid_mobiity/install/midterm_msgs/include/midterm_msgs/midterm_msgs/msg/detail/simple_gps__struct.hpp
-- Up-to-date: /home/jinhan/mid_mobiity/install/midterm_msgs/include/midterm_msgs/midterm_msgs/msg/detail/wall_list__traits.hpp
-- Up-to-date: /home/jinhan/mid_mobiity/install/midterm_msgs/include/midterm_msgs/midterm_msgs/msg/detail/simple_gps__type_support.hpp
-- Up-to-date: /home/jinhan/mid_mobiity/install/midterm_msgs/include/midterm_msgs/midterm_msgs/msg/detail/wall__type_support.hpp
-- Up-to-date: /home/jinhan/mid_mobiity/install/midterm_msgs/include/midterm_msgs/midterm_msgs/msg/detail/control__builder.hpp
-- Up-to-date: /home/jinhan/mid_mobiity/install/midterm_msgs/include/midterm_msgs/midterm_msgs/msg/detail/simple_lidar__struct.hpp
-- Up-to-date: /home/jinhan/mid_mobiity/install/midterm_msgs/include/midterm_msgs/midterm_msgs/msg/detail/control__traits.hpp
-- Up-to-date: /home/jinhan/mid_mobiity/install/midterm_msgs/include/midterm_msgs/midterm_msgs/msg/detail/wall_list__type_support.hpp
-- Up-to-date: /home/jinhan/mid_mobiity/install/midterm_msgs/include/midterm_msgs/midterm_msgs/msg/detail/wall_list__builder.hpp
-- Up-to-date: /home/jinhan/mid_mobiity/install/midterm_msgs/include/midterm_msgs/midterm_msgs/msg/detail/simple_gps__builder.hpp
-- Up-to-date: /home/jinhan/mid_mobiity/install/midterm_msgs/include/midterm_msgs/midterm_msgs/msg/detail/goal__struct.hpp
-- Up-to-date: /home/jinhan/mid_mobiity/install/midterm_msgs/include/midterm_msgs/midterm_msgs/msg/detail/control__struct.hpp
-- Up-to-date: /home/jinhan/mid_mobiity/install/midterm_msgs/include/midterm_msgs/midterm_msgs/msg/detail/control__type_support.hpp
-- Up-to-date: /home/jinhan/mid_mobiity/install/midterm_msgs/include/midterm_msgs/midterm_msgs/msg/detail/wall__traits.hpp
-- Up-to-date: /home/jinhan/mid_mobiity/install/midterm_msgs/include/midterm_msgs/midterm_msgs/msg/detail/simple_gps__traits.hpp
-- Up-to-date: /home/jinhan/mid_mobiity/install/midterm_msgs/include/midterm_msgs/midterm_msgs/msg/wall_list.hpp
-- Up-to-date: /home/jinhan/mid_mobiity/install/midterm_msgs/include/midterm_msgs/midterm_msgs/msg/simple_lidar.hpp
-- Up-to-date: /home/jinhan/mid_mobiity/install/midterm_msgs/include/midterm_msgs/midterm_msgs/msg/rosidl_generator_cpp__visibility_control.hpp
-- Up-to-date: /home/jinhan/mid_mobiity/install/midterm_msgs/include/midterm_msgs/midterm_msgs/msg/control.hpp
-- Up-to-date: /home/jinhan/mid_mobiity/install/midterm_msgs/include/midterm_msgs/midterm_msgs/msg/wall.hpp
-- Up-to-date: /home/jinhan/mid_mobiity/install/midterm_msgs/include/midterm_msgs/midterm_msgs/msg/goal.hpp
-- Up-to-date: /home/jinhan/mid_mobiity/install/midterm_msgs/include/midterm_msgs/midterm_msgs
-- Up-to-date: /home/jinhan/mid_mobiity/install/midterm_msgs/include/midterm_msgs/midterm_msgs/msg
-- Up-to-date: /home/jinhan/mid_mobiity/install/midterm_msgs/include/midterm_msgs/midterm_msgs/msg/rosidl_typesupport_fastrtps_cpp__visibility_control.h
-- Up-to-date: /home/jinhan/mid_mobiity/install/midterm_msgs/include/midterm_msgs/midterm_msgs/msg/detail
-- Up-to-date: /home/jinhan/mid_mobiity/install/midterm_msgs/include/midterm_msgs/midterm_msgs/msg/detail/control__rosidl_typesupport_fastrtps_cpp.hpp
-- Up-to-date: /home/jinhan/mid_mobiity/install/midterm_msgs/include/midterm_msgs/midterm_msgs/msg/detail/wall__rosidl_typesupport_fastrtps_cpp.hpp
-- Up-to-date: /home/jinhan/mid_mobiity/install/midterm_msgs/include/midterm_msgs/midterm_msgs/msg/detail/dds_fastrtps
-- Up-to-date: /home/jinhan/mid_mobiity/install/midterm_msgs/include/midterm_msgs/midterm_msgs/msg/detail/wall_list__rosidl_typesupport_fastrtps_cpp.hpp
-- Up-to-date: /home/jinhan/mid_mobiity/install/midterm_msgs/include/midterm_msgs/midterm_msgs/msg/detail/goal__rosidl_typesupport_fastrtps_cpp.hpp
-- Up-to-date: /home/jinhan/mid_mobiity/install/midterm_msgs/include/midterm_msgs/midterm_msgs/msg/detail/simple_lidar__rosidl_typesupport_fastrtps_cpp.hpp
-- Up-to-date: /home/jinhan/mid_mobiity/install/midterm_msgs/include/midterm_msgs/midterm_msgs/msg/detail/simple_gps__rosidl_typesupport_fastrtps_cpp.hpp
-- Up-to-date: /home/jinhan/mid_mobiity/install/midterm_msgs/lib/libmidterm_msgs__rosidl_typesupport_fastrtps_cpp.so
-- Up-to-date: /home/jinhan/mid_mobiity/install/midterm_msgs/include/midterm_msgs/midterm_msgs
-- Up-to-date: /home/jinhan/mid_mobiity/install/midterm_msgs/include/midterm_msgs/midterm_msgs/msg
-- Up-to-date: /home/jinhan/mid_mobiity/install/midterm_msgs/include/midterm_msgs/midterm_msgs/msg/detail
-- Up-to-date: /home/jinhan/mid_mobiity/install/midterm_msgs/include/midterm_msgs/midterm_msgs/msg/detail/simple_lidar__type_support.c
-- Up-to-date: /home/jinhan/mid_mobiity/install/midterm_msgs/include/midterm_msgs/midterm_msgs/msg/detail/wall__type_support.c
-- Up-to-date: /home/jinhan/mid_mobiity/install/midterm_msgs/include/midterm_msgs/midterm_msgs/msg/detail/wall_list__rosidl_typesupport_introspection_c.h
-- Up-to-date: /home/jinhan/mid_mobiity/install/midterm_msgs/include/midterm_msgs/midterm_msgs/msg/detail/control__type_support.c
-- Up-to-date: /home/jinhan/mid_mobiity/install/midterm_msgs/include/midterm_msgs/midterm_msgs/msg/detail/simple_gps__rosidl_typesupport_introspection_c.h
-- Up-to-date: /home/jinhan/mid_mobiity/install/midterm_msgs/include/midterm_msgs/midterm_msgs/msg/detail/wall_list__type_support.c
-- Up-to-date: /home/jinhan/mid_mobiity/install/midterm_msgs/include/midterm_msgs/midterm_msgs/msg/detail/goal__type_support.c
-- Up-to-date: /home/jinhan/mid_mobiity/install/midterm_msgs/include/midterm_msgs/midterm_msgs/msg/detail/wall__rosidl_typesupport_introspection_c.h
-- Up-to-date: /home/jinhan/mid_mobiity/install/midterm_msgs/include/midterm_msgs/midterm_msgs/msg/detail/goal__rosidl_typesupport_introspection_c.h
-- Up-to-date: /home/jinhan/mid_mobiity/install/midterm_msgs/include/midterm_msgs/midterm_msgs/msg/detail/simple_lidar__rosidl_typesupport_introspection_c.h
-- Up-to-date: /home/jinhan/mid_mobiity/install/midterm_msgs/include/midterm_msgs/midterm_msgs/msg/detail/simple_gps__type_support.c
-- Up-to-date: /home/jinhan/mid_mobiity/install/midterm_msgs/include/midterm_msgs/midterm_msgs/msg/detail/control__rosidl_typesupport_introspection_c.h
-- Up-to-date: /home/jinhan/mid_mobiity/install/midterm_msgs/include/midterm_msgs/midterm_msgs/msg/rosidl_typesupport_introspection_c__visibility_control.h
-- Up-to-date: /home/jinhan/mid_mobiity/install/midterm_msgs/lib/libmidterm_msgs__rosidl_typesupport_introspection_c.so
-- Up-to-date: /home/jinhan/mid_mobiity/install/midterm_msgs/lib/libmidterm_msgs__rosidl_typesupport_c.so
-- Up-to-date: /home/jinhan/mid_mobiity/install/midterm_msgs/include/midterm_msgs/midterm_msgs
-- Up-to-date: /home/jinhan/mid_mobiity/install/midterm_msgs/include/midterm_msgs/midterm_msgs/msg
-- Up-to-date: /home/jinhan/mid_mobiity/install/midterm_msgs/include/midterm_msgs/midterm_msgs/msg/detail
-- Up-to-date: /home/jinhan/mid_mobiity/install/midterm_msgs/include/midterm_msgs/midterm_msgs/msg/detail/simple_lidar__type_support.cpp
-- Up-to-date: /home/jinhan/mid_mobiity/install/midterm_msgs/include/midterm_msgs/midterm_msgs/msg/detail/control__type_support.cpp
-- Up-to-date: /home/jinhan/mid_mobiity/install/midterm_msgs/include/midterm_msgs/midterm_msgs/msg/detail/wall_list__rosidl_typesupport_introspection_cpp.hpp
-- Up-to-date: /home/jinhan/mid_mobiity/install/midterm_msgs/include/midterm_msgs/midterm_msgs/msg/detail/goal__rosidl_typesupport_introspection_cpp.hpp
-- Up-to-date: /home/jinhan/mid_mobiity/install/midterm_msgs/include/midterm_msgs/midterm_msgs/msg/detail/wall__rosidl_typesupport_introspection_cpp.hpp
-- Up-to-date: /home/jinhan/mid_mobiity/install/midterm_msgs/include/midterm_msgs/midterm_msgs/msg/detail/simple_lidar__rosidl_typesupport_introspection_cpp.hpp
-- Up-to-date: /home/jinhan/mid_mobiity/install/midterm_msgs/include/midterm_msgs/midterm_msgs/msg/detail/wall_list__type_support.cpp
-- Up-to-date: /home/jinhan/mid_mobiity/install/midterm_msgs/include/midterm_msgs/midterm_msgs/msg/detail/control__rosidl_typesupport_introspection_cpp.hpp
-- Up-to-date: /home/jinhan/mid_mobiity/install/midterm_msgs/include/midterm_msgs/midterm_msgs/msg/detail/simple_gps__type_support.cpp
-- Up-to-date: /home/jinhan/mid_mobiity/install/midterm_msgs/include/midterm_msgs/midterm_msgs/msg/detail/simple_gps__rosidl_typesupport_introspection_cpp.hpp
-- Up-to-date: /home/jinhan/mid_mobiity/install/midterm_msgs/include/midterm_msgs/midterm_msgs/msg/detail/wall__type_support.cpp
-- Up-to-date: /home/jinhan/mid_mobiity/install/midterm_msgs/include/midterm_msgs/midterm_msgs/msg/detail/goal__type_support.cpp
-- Up-to-date: /home/jinhan/mid_mobiity/install/midterm_msgs/lib/libmidterm_msgs__rosidl_typesupport_introspection_cpp.so
-- Up-to-date: /home/jinhan/mid_mobiity/install/midterm_msgs/lib/libmidterm_msgs__rosidl_typesupport_cpp.so
-- Up-to-date: /home/jinhan/mid_mobiity/install/midterm_msgs/share/midterm_msgs/environment/pythonpath.sh
-- Up-to-date: /home/jinhan/mid_mobiity/install/midterm_msgs/share/midterm_msgs/environment/pythonpath.dsv
-- Up-to-date: /home/jinhan/mid_mobiity/install/midterm_msgs/local/lib/python3.10/dist-packages/midterm_msgs-0.0.0-py3.10.egg-info
-- Installing: /home/jinhan/mid_mobiity/install/midterm_msgs/local/lib/python3.10/dist-packages/midterm_msgs-0.0.0-py3.10.egg-info/SOURCES.txt
-- Installing: /home/jinhan/mid_mobiity/install/midterm_msgs/local/lib/python3.10/dist-packages/midterm_msgs-0.0.0-py3.10.egg-info/top_level.txt
-- Installing: /home/jinhan/mid_mobiity/install/midterm_msgs/local/lib/python3.10/dist-packages/midterm_msgs-0.0.0-py3.10.egg-info/PKG-INFO
-- Installing: /home/jinhan/mid_mobiity/install/midterm_msgs/local/lib/python3.10/dist-packages/midterm_msgs-0.0.0-py3.10.egg-info/dependency_links.txt
-- Up-to-date: /home/jinhan/mid_mobiity/install/midterm_msgs/local/lib/python3.10/dist-packages/midterm_msgs
-- Up-to-date: /home/jinhan/mid_mobiity/install/midterm_msgs/local/lib/python3.10/dist-packages/midterm_msgs/midterm_msgs_s__rosidl_typesupport_fastrtps_c.cpython-310-x86_64-linux-gnu.so
-- Up-to-date: /home/jinhan/mid_mobiity/install/midterm_msgs/local/lib/python3.10/dist-packages/midterm_msgs/libmidterm_msgs__rosidl_generator_py.so
-- Up-to-date: /home/jinhan/mid_mobiity/install/midterm_msgs/local/lib/python3.10/dist-packages/midterm_msgs/_midterm_msgs_s.ep.rosidl_typesupport_c.c
-- Up-to-date: /home/jinhan/mid_mobiity/install/midterm_msgs/local/lib/python3.10/dist-packages/midterm_msgs/midterm_msgs_s__rosidl_typesupport_introspection_c.cpython-310-x86_64-linux-gnu.so
-- Up-to-date: /home/jinhan/mid_mobiity/install/midterm_msgs/local/lib/python3.10/dist-packages/midterm_msgs/midterm_msgs_s__rosidl_typesupport_c.cpython-310-x86_64-linux-gnu.so
-- Up-to-date: /home/jinhan/mid_mobiity/install/midterm_msgs/local/lib/python3.10/dist-packages/midterm_msgs/msg
-- Up-to-date: /home/jinhan/mid_mobiity/install/midterm_msgs/local/lib/python3.10/dist-packages/midterm_msgs/msg/_simple_lidar.py
-- Up-to-date: /home/jinhan/mid_mobiity/install/midterm_msgs/local/lib/python3.10/dist-packages/midterm_msgs/msg/_simple_gps.py
-- Up-to-date: /home/jinhan/mid_mobiity/install/midterm_msgs/local/lib/python3.10/dist-packages/midterm_msgs/msg/_simple_lidar_s.c
-- Up-to-date: /home/jinhan/mid_mobiity/install/midterm_msgs/local/lib/python3.10/dist-packages/midterm_msgs/msg/_goal_s.c
-- Up-to-date: /home/jinhan/mid_mobiity/install/midterm_msgs/local/lib/python3.10/dist-packages/midterm_msgs/msg/_wall_list.py
-- Up-to-date: /home/jinhan/mid_mobiity/install/midterm_msgs/local/lib/python3.10/dist-packages/midterm_msgs/msg/_wall_s.c
-- Up-to-date: /home/jinhan/mid_mobiity/install/midterm_msgs/local/lib/python3.10/dist-packages/midterm_msgs/msg/_wall_list_s.c
-- Up-to-date: /home/jinhan/mid_mobiity/install/midterm_msgs/local/lib/python3.10/dist-packages/midterm_msgs/msg/_goal.py
-- Up-to-date: /home/jinhan/mid_mobiity/install/midterm_msgs/local/lib/python3.10/dist-packages/midterm_msgs/msg/_wall.py
-- Up-to-date: /home/jinhan/mid_mobiity/install/midterm_msgs/local/lib/python3.10/dist-packages/midterm_msgs/msg/__init__.py
-- Up-to-date: /home/jinhan/mid_mobiity/install/midterm_msgs/local/lib/python3.10/dist-packages/midterm_msgs/msg/_simple_gps_s.c
-- Up-to-date: /home/jinhan/mid_mobiity/install/midterm_msgs/local/lib/python3.10/dist-packages/midterm_msgs/msg/_control_s.c
-- Up-to-date: /home/jinhan/mid_mobiity/install/midterm_msgs/local/lib/python3.10/dist-packages/midterm_msgs/msg/_control.py
-- Up-to-date: /home/jinhan/mid_mobiity/install/midterm_msgs/local/lib/python3.10/dist-packages/midterm_msgs/__init__.py
-- Up-to-date: /home/jinhan/mid_mobiity/install/midterm_msgs/local/lib/python3.10/dist-packages/midterm_msgs/_midterm_msgs_s.ep.rosidl_typesupport_introspection_c.c
-- Up-to-date: /home/jinhan/mid_mobiity/install/midterm_msgs/local/lib/python3.10/dist-packages/midterm_msgs/_midterm_msgs_s.ep.rosidl_typesupport_fastrtps_c.c
Listing '/home/jinhan/mid_mobiity/install/midterm_msgs/local/lib/python3.10/dist-packages/midterm_msgs'...
Listing '/home/jinhan/mid_mobiity/install/midterm_msgs/local/lib/python3.10/dist-packages/midterm_msgs/msg'...
-- Up-to-date: /home/jinhan/mid_mobiity/install/midterm_msgs/local/lib/python3.10/dist-packages/midterm_msgs/midterm_msgs_s__rosidl_typesupport_fastrtps_c.cpython-310-x86_64-linux-gnu.so
-- Up-to-date: /home/jinhan/mid_mobiity/install/midterm_msgs/local/lib/python3.10/dist-packages/midterm_msgs/midterm_msgs_s__rosidl_typesupport_introspection_c.cpython-310-x86_64-linux-gnu.so
-- Up-to-date: /home/jinhan/mid_mobiity/install/midterm_msgs/local/lib/python3.10/dist-packages/midterm_msgs/midterm_msgs_s__rosidl_typesupport_c.cpython-310-x86_64-linux-gnu.so
-- Up-to-date: /home/jinhan/mid_mobiity/install/midterm_msgs/lib/libmidterm_msgs__rosidl_generator_py.so
-- Up-to-date: /home/jinhan/mid_mobiity/install/midterm_msgs/share/midterm_msgs/msg/Wall.idl
-- Up-to-date: /home/jinhan/mid_mobiity/install/midterm_msgs/share/midterm_msgs/msg/Goal.idl
-- Up-to-date: /home/jinhan/mid_mobiity/install/midterm_msgs/share/midterm_msgs/msg/SimpleGPS.idl
-- Up-to-date: /home/jinhan/mid_mobiity/install/midterm_msgs/share/midterm_msgs/msg/SimpleLidar.idl
-- Up-to-date: /home/jinhan/mid_mobiity/install/midterm_msgs/share/midterm_msgs/msg/WallList.idl
-- Up-to-date: /home/jinhan/mid_mobiity/install/midterm_msgs/share/midterm_msgs/msg/Control.idl
-- Up-to-date: /home/jinhan/mid_mobiity/install/midterm_msgs/share/midterm_msgs/msg/Wall.msg
-- Up-to-date: /home/jinhan/mid_mobiity/install/midterm_msgs/share/midterm_msgs/msg/Goal.msg
-- Up-to-date: /home/jinhan/mid_mobiity/install/midterm_msgs/share/midterm_msgs/msg/SimpleGPS.msg
-- Up-to-date: /home/jinhan/mid_mobiity/install/midterm_msgs/share/midterm_msgs/msg/SimpleLidar.msg
-- Up-to-date: /home/jinhan/mid_mobiity/install/midterm_msgs/share/midterm_msgs/msg/WallList.msg
-- Up-to-date: /home/jinhan/mid_mobiity/install/midterm_msgs/share/midterm_msgs/msg/Control.msg
-- Up-to-date: /home/jinhan/mid_mobiity/install/midterm_msgs/share/ament_index/resource_index/package_run_dependencies/midterm_msgs
-- Up-to-date: /home/jinhan/mid_mobiity/install/midterm_msgs/share/ament_index/resource_index/parent_prefix_path/midterm_msgs
-- Up-to-date: /home/jinhan/mid_mobiity/install/midterm_msgs/share/midterm_msgs/environment/ament_prefix_path.sh
-- Up-to-date: /home/jinhan/mid_mobiity/install/midterm_msgs/share/midterm_msgs/environment/ament_prefix_path.dsv
-- Up-to-date: /home/jinhan/mid_mobiity/install/midterm_msgs/share/midterm_msgs/environment/path.sh
-- Up-to-date: /home/jinhan/mid_mobiity/install/midterm_msgs/share/midterm_msgs/environment/path.dsv
-- Up-to-date: /home/jinhan/mid_mobiity/install/midterm_msgs/share/midterm_msgs/local_setup.bash
-- Up-to-date: /home/jinhan/mid_mobiity/install/midterm_msgs/share/midterm_msgs/local_setup.sh
-- Up-to-date: /home/jinhan/mid_mobiity/install/midterm_msgs/share/midterm_msgs/local_setup.zsh
-- Up-to-date: /home/jinhan/mid_mobiity/install/midterm_msgs/share/midterm_msgs/local_setup.dsv
-- Installing: /home/jinhan/mid_mobiity/install/midterm_msgs/share/midterm_msgs/package.dsv
-- Up-to-date: /home/jinhan/mid_mobiity/install/midterm_msgs/share/ament_index/resource_index/packages/midterm_msgs
-- Up-to-date: /home/jinhan/mid_mobiity/install/midterm_msgs/share/midterm_msgs/cmake/export_midterm_msgs__rosidl_generator_cExport.cmake
-- Up-to-date: /home/jinhan/mid_mobiity/install/midterm_msgs/share/midterm_msgs/cmake/export_midterm_msgs__rosidl_generator_cExport-noconfig.cmake
-- Up-to-date: /home/jinhan/mid_mobiity/install/midterm_msgs/share/midterm_msgs/cmake/export_midterm_msgs__rosidl_typesupport_fastrtps_cExport.cmake
-- Up-to-date: /home/jinhan/mid_mobiity/install/midterm_msgs/share/midterm_msgs/cmake/export_midterm_msgs__rosidl_typesupport_fastrtps_cExport-noconfig.cmake
-- Up-to-date: /home/jinhan/mid_mobiity/install/midterm_msgs/share/midterm_msgs/cmake/export_midterm_msgs__rosidl_generator_cppExport.cmake
-- Up-to-date: /home/jinhan/mid_mobiity/install/midterm_msgs/share/midterm_msgs/cmake/export_midterm_msgs__rosidl_typesupport_fastrtps_cppExport.cmake
-- Up-to-date: /home/jinhan/mid_mobiity/install/midterm_msgs/share/midterm_msgs/cmake/export_midterm_msgs__rosidl_typesupport_fastrtps_cppExport-noconfig.cmake
-- Up-to-date: /home/jinhan/mid_mobiity/install/midterm_msgs/share/midterm_msgs/cmake/midterm_msgs__rosidl_typesupport_introspection_cExport.cmake
-- Up-to-date: /home/jinhan/mid_mobiity/install/midterm_msgs/share/midterm_msgs/cmake/midterm_msgs__rosidl_typesupport_introspection_cExport-noconfig.cmake
-- Up-to-date: /home/jinhan/mid_mobiity/install/midterm_msgs/share/midterm_msgs/cmake/midterm_msgs__rosidl_typesupport_cExport.cmake
-- Up-to-date: /home/jinhan/mid_mobiity/install/midterm_msgs/share/midterm_msgs/cmake/midterm_msgs__rosidl_typesupport_cExport-noconfig.cmake
-- Up-to-date: /home/jinhan/mid_mobiity/install/midterm_msgs/share/midterm_msgs/cmake/midterm_msgs__rosidl_typesupport_introspection_cppExport.cmake
-- Up-to-date: /home/jinhan/mid_mobiity/install/midterm_msgs/share/midterm_msgs/cmake/midterm_msgs__rosidl_typesupport_introspection_cppExport-noconfig.cmake
-- Up-to-date: /home/jinhan/mid_mobiity/install/midterm_msgs/share/midterm_msgs/cmake/midterm_msgs__rosidl_typesupport_cppExport.cmake
-- Up-to-date: /home/jinhan/mid_mobiity/install/midterm_msgs/share/midterm_msgs/cmake/midterm_msgs__rosidl_typesupport_cppExport-noconfig.cmake
-- Up-to-date: /home/jinhan/mid_mobiity/install/midterm_msgs/share/midterm_msgs/cmake/export_midterm_msgs__rosidl_generator_pyExport.cmake
-- Up-to-date: /home/jinhan/mid_mobiity/install/midterm_msgs/share/midterm_msgs/cmake/export_midterm_msgs__rosidl_generator_pyExport-noconfig.cmake
-- Up-to-date: /home/jinhan/mid_mobiity/install/midterm_msgs/share/midterm_msgs/cmake/rosidl_cmake-extras.cmake
-- Up-to-date: /home/jinhan/mid_mobiity/install/midterm_msgs/share/midterm_msgs/cmake/ament_cmake_export_dependencies-extras.cmake
-- Up-to-date: /home/jinhan/mid_mobiity/install/midterm_msgs/share/midterm_msgs/cmake/ament_cmake_export_include_directories-extras.cmake
-- Up-to-date: /home/jinhan/mid_mobiity/install/midterm_msgs/share/midterm_msgs/cmake/ament_cmake_export_libraries-extras.cmake
-- Up-to-date: /home/jinhan/mid_mobiity/install/midterm_msgs/share/midterm_msgs/cmake/ament_cmake_export_targets-extras.cmake
-- Up-to-date: /home/jinhan/mid_mobiity/install/midterm_msgs/share/midterm_msgs/cmake/rosidl_cmake_export_typesupport_targets-extras.cmake
-- Up-to-date: /home/jinhan/mid_mobiity/install/midterm_msgs/share/midterm_msgs/cmake/rosidl_cmake_export_typesupport_libraries-extras.cmake
-- Up-to-date: /home/jinhan/mid_mobiity/install/midterm_msgs/share/midterm_msgs/cmake/midterm_msgsConfig.cmake
-- Up-to-date: /home/jinhan/mid_mobiity/install/midterm_msgs/share/midterm_msgs/cmake/midterm_msgsConfig-version.cmake
-- Up-to-date: /home/jinhan/mid_mobiity/install/midterm_msgs/share/midterm_msgs/package.xml
