running egg_info
writing ../../../../build/auto_driving2/auto_driving2.egg-info/PKG-INFO
writing dependency_links to ../../../../build/auto_driving2/auto_driving2.egg-info/dependency_links.txt
writing entry points to ../../../../build/auto_driving2/auto_driving2.egg-info/entry_points.txt
writing requirements to ../../../../build/auto_driving2/auto_driving2.egg-info/requires.txt
writing top-level names to ../../../../build/auto_driving2/auto_driving2.egg-info/top_level.txt
reading manifest file '../../../../build/auto_driving2/auto_driving2.egg-info/SOURCES.txt'
writing manifest file '../../../../build/auto_driving2/auto_driving2.egg-info/SOURCES.txt'
running build
running build_py
copying auto_driving2/integrated_planner_rviz.py -> /home/jinhan/mid_mobiity/build/auto_driving2/build/lib/auto_driving2
running install
running install_lib
copying /home/jinhan/mid_mobiity/build/auto_driving2/build/lib/auto_driving2/integrated_planner_rviz.py -> /home/jinhan/mid_mobiity/install/auto_driving2/lib/python3.10/site-packages/auto_driving2
byte-compiling /home/jinhan/mid_mobiity/install/auto_driving2/lib/python3.10/site-packages/auto_driving2/integrated_planner_rviz.py to integrated_planner_rviz.cpython-310.pyc
running install_data
running install_egg_info
removing '/home/jinhan/mid_mobiity/install/auto_driving2/lib/python3.10/site-packages/auto_driving2-0.0.0-py3.10.egg-info' (and everything under it)
Copying ../../../../build/auto_driving2/auto_driving2.egg-info to /home/jinhan/mid_mobiity/install/auto_driving2/lib/python3.10/site-packages/auto_driving2-0.0.0-py3.10.egg-info
running install_scripts
Installing planner script to /home/jinhan/mid_mobiity/install/auto_driving2/lib/auto_driving2
writing list of installed files to '/home/jinhan/mid_mobiity/build/auto_driving2/install.log'
