[0.065s] DEBUG:colcon:Command line arguments: ['/usr/bin/colcon', 'build']
[0.065s] DEBUG:colcon:Parsed command line arguments: Namespace(log_base=None, log_level=None, verb_name='build', build_base='build', install_base='install', merge_install=False, symlink_install=False, test_result_base=None, continue_on_error=False, executor='parallel', parallel_workers=12, event_handlers=None, ignore_user_meta=False, metas=['./colcon.meta'], base_paths=['.'], packages_ignore=None, packages_ignore_regex=None, paths=None, packages_up_to=None, packages_up_to_regex=None, packages_above=None, packages_above_and_dependencies=None, packages_above_depth=None, packages_select_by_dep=None, packages_skip_by_dep=None, packages_skip_up_to=None, packages_select_build_failed=False, packages_skip_build_finished=False, packages_select_test_failures=False, packages_skip_test_passed=False, packages_select=None, packages_skip=None, packages_select_regex=None, packages_skip_regex=None, packages_start=None, packages_end=None, allow_overriding=[], cmake_args=None, cmake_target=None, cmake_target_skip_unavailable=False, cmake_clean_cache=False, cmake_clean_first=False, cmake_force_configure=False, ament_cmake_args=None, catkin_cmake_args=None, catkin_skip_building_tests=False, verb_parser=<colcon_defaults.argument_parser.defaults.DefaultArgumentsDecorator object at 0x795ed7cd10f0>, verb_extension=<colcon_core.verb.build.BuildVerb object at 0x795ed7e5e4d0>, main=<bound method BuildVerb.main of <colcon_core.verb.build.BuildVerb object at 0x795ed7e5e4d0>>)
[0.162s] Level 1:colcon.colcon_core.package_discovery:discover_packages(colcon_meta) check parameters
[0.163s] Level 1:colcon.colcon_core.package_discovery:discover_packages(recursive) check parameters
[0.163s] Level 1:colcon.colcon_core.package_discovery:discover_packages(ignore) check parameters
[0.163s] Level 1:colcon.colcon_core.package_discovery:discover_packages(path) check parameters
[0.163s] Level 1:colcon.colcon_core.package_discovery:discover_packages(colcon_meta) discover
[0.163s] Level 1:colcon.colcon_core.package_discovery:discover_packages(recursive) discover
[0.163s] INFO:colcon.colcon_core.package_discovery:Crawling recursively for packages in '/home/jinhan/mid_mobiity'
[0.163s] Level 1:colcon.colcon_core.package_identification:_identify(.) by extensions ['ignore', 'ignore_ament_install']
[0.163s] Level 1:colcon.colcon_core.package_identification:_identify(.) by extension 'ignore'
[0.163s] Level 1:colcon.colcon_core.package_identification:_identify(.) by extension 'ignore_ament_install'
[0.163s] Level 1:colcon.colcon_core.package_identification:_identify(.) by extensions ['colcon_pkg']
[0.163s] Level 1:colcon.colcon_core.package_identification:_identify(.) by extension 'colcon_pkg'
[0.163s] Level 1:colcon.colcon_core.package_identification:_identify(.) by extensions ['colcon_meta']
[0.163s] Level 1:colcon.colcon_core.package_identification:_identify(.) by extension 'colcon_meta'
[0.163s] Level 1:colcon.colcon_core.package_identification:_identify(.) by extensions ['ros']
[0.163s] Level 1:colcon.colcon_core.package_identification:_identify(.) by extension 'ros'
[0.170s] Level 1:colcon.colcon_core.package_identification:_identify(.) by extensions ['cmake', 'python']
[0.170s] Level 1:colcon.colcon_core.package_identification:_identify(.) by extension 'cmake'
[0.170s] Level 1:colcon.colcon_core.package_identification:_identify(.) by extension 'python'
[0.170s] Level 1:colcon.colcon_core.package_identification:_identify(.) by extensions ['python_setup_py']
[0.170s] Level 1:colcon.colcon_core.package_identification:_identify(.) by extension 'python_setup_py'
[0.170s] Level 1:colcon.colcon_core.package_identification:_identify(build) by extensions ['ignore', 'ignore_ament_install']
[0.170s] Level 1:colcon.colcon_core.package_identification:_identify(build) by extension 'ignore'
[0.170s] Level 1:colcon.colcon_core.package_identification:_identify(build) ignored
[0.170s] Level 1:colcon.colcon_core.package_identification:_identify(install) by extensions ['ignore', 'ignore_ament_install']
[0.171s] Level 1:colcon.colcon_core.package_identification:_identify(install) by extension 'ignore'
[0.171s] Level 1:colcon.colcon_core.package_identification:_identify(install) ignored
[0.171s] Level 1:colcon.colcon_core.package_identification:_identify(log) by extensions ['ignore', 'ignore_ament_install']
[0.171s] Level 1:colcon.colcon_core.package_identification:_identify(log) by extension 'ignore'
[0.171s] Level 1:colcon.colcon_core.package_identification:_identify(log) ignored
[0.171s] Level 1:colcon.colcon_core.package_identification:_identify(src) by extensions ['ignore', 'ignore_ament_install']
[0.171s] Level 1:colcon.colcon_core.package_identification:_identify(src) by extension 'ignore'
[0.171s] Level 1:colcon.colcon_core.package_identification:_identify(src) by extension 'ignore_ament_install'
[0.171s] Level 1:colcon.colcon_core.package_identification:_identify(src) by extensions ['colcon_pkg']
[0.171s] Level 1:colcon.colcon_core.package_identification:_identify(src) by extension 'colcon_pkg'
[0.171s] Level 1:colcon.colcon_core.package_identification:_identify(src) by extensions ['colcon_meta']
[0.171s] Level 1:colcon.colcon_core.package_identification:_identify(src) by extension 'colcon_meta'
[0.171s] Level 1:colcon.colcon_core.package_identification:_identify(src) by extensions ['ros']
[0.171s] Level 1:colcon.colcon_core.package_identification:_identify(src) by extension 'ros'
[0.171s] Level 1:colcon.colcon_core.package_identification:_identify(src) by extensions ['cmake', 'python']
[0.171s] Level 1:colcon.colcon_core.package_identification:_identify(src) by extension 'cmake'
[0.171s] Level 1:colcon.colcon_core.package_identification:_identify(src) by extension 'python'
[0.171s] Level 1:colcon.colcon_core.package_identification:_identify(src) by extensions ['python_setup_py']
[0.171s] Level 1:colcon.colcon_core.package_identification:_identify(src) by extension 'python_setup_py'
[0.171s] Level 1:colcon.colcon_core.package_identification:_identify(src/env) by extensions ['ignore', 'ignore_ament_install']
[0.171s] Level 1:colcon.colcon_core.package_identification:_identify(src/env) by extension 'ignore'
[0.171s] Level 1:colcon.colcon_core.package_identification:_identify(src/env) by extension 'ignore_ament_install'
[0.171s] Level 1:colcon.colcon_core.package_identification:_identify(src/env) by extensions ['colcon_pkg']
[0.171s] Level 1:colcon.colcon_core.package_identification:_identify(src/env) by extension 'colcon_pkg'
[0.171s] Level 1:colcon.colcon_core.package_identification:_identify(src/env) by extensions ['colcon_meta']
[0.171s] Level 1:colcon.colcon_core.package_identification:_identify(src/env) by extension 'colcon_meta'
[0.171s] Level 1:colcon.colcon_core.package_identification:_identify(src/env) by extensions ['ros']
[0.171s] Level 1:colcon.colcon_core.package_identification:_identify(src/env) by extension 'ros'
[0.171s] Level 1:colcon.colcon_core.package_identification:_identify(src/env) by extensions ['cmake', 'python']
[0.171s] Level 1:colcon.colcon_core.package_identification:_identify(src/env) by extension 'cmake'
[0.171s] Level 1:colcon.colcon_core.package_identification:_identify(src/env) by extension 'python'
[0.171s] Level 1:colcon.colcon_core.package_identification:_identify(src/env) by extensions ['python_setup_py']
[0.171s] Level 1:colcon.colcon_core.package_identification:_identify(src/env) by extension 'python_setup_py'
[0.171s] Level 1:colcon.colcon_core.package_identification:_identify(src/env/env) by extensions ['ignore', 'ignore_ament_install']
[0.171s] Level 1:colcon.colcon_core.package_identification:_identify(src/env/env) by extension 'ignore'
[0.172s] Level 1:colcon.colcon_core.package_identification:_identify(src/env/env) by extension 'ignore_ament_install'
[0.172s] Level 1:colcon.colcon_core.package_identification:_identify(src/env/env) by extensions ['colcon_pkg']
[0.172s] Level 1:colcon.colcon_core.package_identification:_identify(src/env/env) by extension 'colcon_pkg'
[0.172s] Level 1:colcon.colcon_core.package_identification:_identify(src/env/env) by extensions ['colcon_meta']
[0.172s] Level 1:colcon.colcon_core.package_identification:_identify(src/env/env) by extension 'colcon_meta'
[0.172s] Level 1:colcon.colcon_core.package_identification:_identify(src/env/env) by extensions ['ros']
[0.172s] Level 1:colcon.colcon_core.package_identification:_identify(src/env/env) by extension 'ros'
[0.172s] Level 1:colcon.colcon_core.package_identification:_identify(src/env/env) by extensions ['cmake', 'python']
[0.172s] Level 1:colcon.colcon_core.package_identification:_identify(src/env/env) by extension 'cmake'
[0.172s] Level 1:colcon.colcon_core.package_identification:_identify(src/env/env) by extension 'python'
[0.172s] Level 1:colcon.colcon_core.package_identification:_identify(src/env/env) by extensions ['python_setup_py']
[0.172s] Level 1:colcon.colcon_core.package_identification:_identify(src/env/env) by extension 'python_setup_py'
[0.172s] Level 1:colcon.colcon_core.package_identification:_identify(src/env/env/auto_driving) by extensions ['ignore', 'ignore_ament_install']
[0.172s] Level 1:colcon.colcon_core.package_identification:_identify(src/env/env/auto_driving) by extension 'ignore'
[0.172s] Level 1:colcon.colcon_core.package_identification:_identify(src/env/env/auto_driving) by extension 'ignore_ament_install'
[0.172s] Level 1:colcon.colcon_core.package_identification:_identify(src/env/env/auto_driving) by extensions ['colcon_pkg']
[0.172s] Level 1:colcon.colcon_core.package_identification:_identify(src/env/env/auto_driving) by extension 'colcon_pkg'
[0.172s] Level 1:colcon.colcon_core.package_identification:_identify(src/env/env/auto_driving) by extensions ['colcon_meta']
[0.172s] Level 1:colcon.colcon_core.package_identification:_identify(src/env/env/auto_driving) by extension 'colcon_meta'
[0.172s] Level 1:colcon.colcon_core.package_identification:_identify(src/env/env/auto_driving) by extensions ['ros']
[0.172s] Level 1:colcon.colcon_core.package_identification:_identify(src/env/env/auto_driving) by extension 'ros'
[0.174s] DEBUG:colcon.colcon_core.package_identification:Package 'src/env/env/auto_driving' with type 'ros.ament_python' and name 'auto_driving'
[0.174s] Level 1:colcon.colcon_core.package_identification:_identify(src/env/env/auto_driving2) by extensions ['ignore', 'ignore_ament_install']
[0.174s] Level 1:colcon.colcon_core.package_identification:_identify(src/env/env/auto_driving2) by extension 'ignore'
[0.174s] Level 1:colcon.colcon_core.package_identification:_identify(src/env/env/auto_driving2) by extension 'ignore_ament_install'
[0.174s] Level 1:colcon.colcon_core.package_identification:_identify(src/env/env/auto_driving2) by extensions ['colcon_pkg']
[0.174s] Level 1:colcon.colcon_core.package_identification:_identify(src/env/env/auto_driving2) by extension 'colcon_pkg'
[0.174s] Level 1:colcon.colcon_core.package_identification:_identify(src/env/env/auto_driving2) by extensions ['colcon_meta']
[0.174s] Level 1:colcon.colcon_core.package_identification:_identify(src/env/env/auto_driving2) by extension 'colcon_meta'
[0.174s] Level 1:colcon.colcon_core.package_identification:_identify(src/env/env/auto_driving2) by extensions ['ros']
[0.174s] Level 1:colcon.colcon_core.package_identification:_identify(src/env/env/auto_driving2) by extension 'ros'
[0.174s] DEBUG:colcon.colcon_core.package_identification:Package 'src/env/env/auto_driving2' with type 'ros.ament_python' and name 'auto_driving2'
[0.174s] Level 1:colcon.colcon_core.package_identification:_identify(src/env/env/midterm_env) by extensions ['ignore', 'ignore_ament_install']
[0.174s] Level 1:colcon.colcon_core.package_identification:_identify(src/env/env/midterm_env) by extension 'ignore'
[0.174s] Level 1:colcon.colcon_core.package_identification:_identify(src/env/env/midterm_env) by extension 'ignore_ament_install'
[0.175s] Level 1:colcon.colcon_core.package_identification:_identify(src/env/env/midterm_env) by extensions ['colcon_pkg']
[0.175s] Level 1:colcon.colcon_core.package_identification:_identify(src/env/env/midterm_env) by extension 'colcon_pkg'
[0.175s] Level 1:colcon.colcon_core.package_identification:_identify(src/env/env/midterm_env) by extensions ['colcon_meta']
[0.175s] Level 1:colcon.colcon_core.package_identification:_identify(src/env/env/midterm_env) by extension 'colcon_meta'
[0.175s] Level 1:colcon.colcon_core.package_identification:_identify(src/env/env/midterm_env) by extensions ['ros']
[0.175s] Level 1:colcon.colcon_core.package_identification:_identify(src/env/env/midterm_env) by extension 'ros'
[0.175s] DEBUG:colcon.colcon_core.package_identification:Package 'src/env/env/midterm_env' with type 'ros.ament_python' and name 'midterm_env'
[0.175s] Level 1:colcon.colcon_core.package_identification:_identify(src/env/env/midterm_msgs) by extensions ['ignore', 'ignore_ament_install']
[0.175s] Level 1:colcon.colcon_core.package_identification:_identify(src/env/env/midterm_msgs) by extension 'ignore'
[0.175s] Level 1:colcon.colcon_core.package_identification:_identify(src/env/env/midterm_msgs) by extension 'ignore_ament_install'
[0.175s] Level 1:colcon.colcon_core.package_identification:_identify(src/env/env/midterm_msgs) by extensions ['colcon_pkg']
[0.175s] Level 1:colcon.colcon_core.package_identification:_identify(src/env/env/midterm_msgs) by extension 'colcon_pkg'
[0.175s] Level 1:colcon.colcon_core.package_identification:_identify(src/env/env/midterm_msgs) by extensions ['colcon_meta']
[0.175s] Level 1:colcon.colcon_core.package_identification:_identify(src/env/env/midterm_msgs) by extension 'colcon_meta'
[0.175s] Level 1:colcon.colcon_core.package_identification:_identify(src/env/env/midterm_msgs) by extensions ['ros']
[0.175s] Level 1:colcon.colcon_core.package_identification:_identify(src/env/env/midterm_msgs) by extension 'ros'
[0.176s] DEBUG:colcon.colcon_core.package_identification:Package 'src/env/env/midterm_msgs' with type 'ros.ament_cmake' and name 'midterm_msgs'
[0.176s] Level 1:colcon.colcon_core.package_discovery:discover_packages(recursive) using defaults
[0.176s] Level 1:colcon.colcon_core.package_discovery:discover_packages(ignore) discover
[0.176s] Level 1:colcon.colcon_core.package_discovery:discover_packages(ignore) using defaults
[0.176s] Level 1:colcon.colcon_core.package_discovery:discover_packages(path) discover
[0.176s] Level 1:colcon.colcon_core.package_discovery:discover_packages(path) using defaults
[0.196s] Level 1:colcon.colcon_core.package_discovery:discover_packages(prefix_path) check parameters
[0.196s] Level 1:colcon.colcon_core.package_discovery:discover_packages(prefix_path) discover
[0.197s] DEBUG:colcon.colcon_installed_package_information.package_discovery:Found 4 installed packages in /home/jinhan/mid_mobiity/install
[0.198s] DEBUG:colcon.colcon_installed_package_information.package_discovery:Found 267 installed packages in /opt/ros/humble
[0.199s] Level 1:colcon.colcon_core.package_discovery:discover_packages(prefix_path) using defaults
[0.219s] Level 5:colcon.colcon_core.verb:set package 'auto_driving' build argument 'cmake_args' from command line to 'None'
[0.219s] Level 5:colcon.colcon_core.verb:set package 'auto_driving' build argument 'cmake_target' from command line to 'None'
[0.219s] Level 5:colcon.colcon_core.verb:set package 'auto_driving' build argument 'cmake_target_skip_unavailable' from command line to 'False'
[0.219s] Level 5:colcon.colcon_core.verb:set package 'auto_driving' build argument 'cmake_clean_cache' from command line to 'False'
[0.219s] Level 5:colcon.colcon_core.verb:set package 'auto_driving' build argument 'cmake_clean_first' from command line to 'False'
[0.219s] Level 5:colcon.colcon_core.verb:set package 'auto_driving' build argument 'cmake_force_configure' from command line to 'False'
[0.219s] Level 5:colcon.colcon_core.verb:set package 'auto_driving' build argument 'ament_cmake_args' from command line to 'None'
[0.219s] Level 5:colcon.colcon_core.verb:set package 'auto_driving' build argument 'catkin_cmake_args' from command line to 'None'
[0.219s] Level 5:colcon.colcon_core.verb:set package 'auto_driving' build argument 'catkin_skip_building_tests' from command line to 'False'
[0.219s] DEBUG:colcon.colcon_core.verb:Building package 'auto_driving' with the following arguments: {'ament_cmake_args': None, 'build_base': '/home/jinhan/mid_mobiity/build/auto_driving', 'catkin_cmake_args': None, 'catkin_skip_building_tests': False, 'cmake_args': None, 'cmake_clean_cache': False, 'cmake_clean_first': False, 'cmake_force_configure': False, 'cmake_target': None, 'cmake_target_skip_unavailable': False, 'install_base': '/home/jinhan/mid_mobiity/install/auto_driving', 'merge_install': False, 'path': '/home/jinhan/mid_mobiity/src/env/env/auto_driving', 'symlink_install': False, 'test_result_base': None}
[0.219s] Level 5:colcon.colcon_core.verb:set package 'midterm_msgs' build argument 'cmake_args' from command line to 'None'
[0.219s] Level 5:colcon.colcon_core.verb:set package 'midterm_msgs' build argument 'cmake_target' from command line to 'None'
[0.219s] Level 5:colcon.colcon_core.verb:set package 'midterm_msgs' build argument 'cmake_target_skip_unavailable' from command line to 'False'
[0.219s] Level 5:colcon.colcon_core.verb:set package 'midterm_msgs' build argument 'cmake_clean_cache' from command line to 'False'
[0.219s] Level 5:colcon.colcon_core.verb:set package 'midterm_msgs' build argument 'cmake_clean_first' from command line to 'False'
[0.219s] Level 5:colcon.colcon_core.verb:set package 'midterm_msgs' build argument 'cmake_force_configure' from command line to 'False'
[0.219s] Level 5:colcon.colcon_core.verb:set package 'midterm_msgs' build argument 'ament_cmake_args' from command line to 'None'
[0.219s] Level 5:colcon.colcon_core.verb:set package 'midterm_msgs' build argument 'catkin_cmake_args' from command line to 'None'
[0.219s] Level 5:colcon.colcon_core.verb:set package 'midterm_msgs' build argument 'catkin_skip_building_tests' from command line to 'False'
[0.219s] DEBUG:colcon.colcon_core.verb:Building package 'midterm_msgs' with the following arguments: {'ament_cmake_args': None, 'build_base': '/home/jinhan/mid_mobiity/build/midterm_msgs', 'catkin_cmake_args': None, 'catkin_skip_building_tests': False, 'cmake_args': None, 'cmake_clean_cache': False, 'cmake_clean_first': False, 'cmake_force_configure': False, 'cmake_target': None, 'cmake_target_skip_unavailable': False, 'install_base': '/home/jinhan/mid_mobiity/install/midterm_msgs', 'merge_install': False, 'path': '/home/jinhan/mid_mobiity/src/env/env/midterm_msgs', 'symlink_install': False, 'test_result_base': None}
[0.220s] Level 5:colcon.colcon_core.verb:set package 'auto_driving2' build argument 'cmake_args' from command line to 'None'
[0.220s] Level 5:colcon.colcon_core.verb:set package 'auto_driving2' build argument 'cmake_target' from command line to 'None'
[0.220s] Level 5:colcon.colcon_core.verb:set package 'auto_driving2' build argument 'cmake_target_skip_unavailable' from command line to 'False'
[0.220s] Level 5:colcon.colcon_core.verb:set package 'auto_driving2' build argument 'cmake_clean_cache' from command line to 'False'
[0.220s] Level 5:colcon.colcon_core.verb:set package 'auto_driving2' build argument 'cmake_clean_first' from command line to 'False'
[0.220s] Level 5:colcon.colcon_core.verb:set package 'auto_driving2' build argument 'cmake_force_configure' from command line to 'False'
[0.220s] Level 5:colcon.colcon_core.verb:set package 'auto_driving2' build argument 'ament_cmake_args' from command line to 'None'
[0.220s] Level 5:colcon.colcon_core.verb:set package 'auto_driving2' build argument 'catkin_cmake_args' from command line to 'None'
[0.220s] Level 5:colcon.colcon_core.verb:set package 'auto_driving2' build argument 'catkin_skip_building_tests' from command line to 'False'
[0.220s] DEBUG:colcon.colcon_core.verb:Building package 'auto_driving2' with the following arguments: {'ament_cmake_args': None, 'build_base': '/home/jinhan/mid_mobiity/build/auto_driving2', 'catkin_cmake_args': None, 'catkin_skip_building_tests': False, 'cmake_args': None, 'cmake_clean_cache': False, 'cmake_clean_first': False, 'cmake_force_configure': False, 'cmake_target': None, 'cmake_target_skip_unavailable': False, 'install_base': '/home/jinhan/mid_mobiity/install/auto_driving2', 'merge_install': False, 'path': '/home/jinhan/mid_mobiity/src/env/env/auto_driving2', 'symlink_install': False, 'test_result_base': None}
[0.220s] Level 5:colcon.colcon_core.verb:set package 'midterm_env' build argument 'cmake_args' from command line to 'None'
[0.220s] Level 5:colcon.colcon_core.verb:set package 'midterm_env' build argument 'cmake_target' from command line to 'None'
[0.220s] Level 5:colcon.colcon_core.verb:set package 'midterm_env' build argument 'cmake_target_skip_unavailable' from command line to 'False'
[0.220s] Level 5:colcon.colcon_core.verb:set package 'midterm_env' build argument 'cmake_clean_cache' from command line to 'False'
[0.220s] Level 5:colcon.colcon_core.verb:set package 'midterm_env' build argument 'cmake_clean_first' from command line to 'False'
[0.220s] Level 5:colcon.colcon_core.verb:set package 'midterm_env' build argument 'cmake_force_configure' from command line to 'False'
[0.220s] Level 5:colcon.colcon_core.verb:set package 'midterm_env' build argument 'ament_cmake_args' from command line to 'None'
[0.220s] Level 5:colcon.colcon_core.verb:set package 'midterm_env' build argument 'catkin_cmake_args' from command line to 'None'
[0.220s] Level 5:colcon.colcon_core.verb:set package 'midterm_env' build argument 'catkin_skip_building_tests' from command line to 'False'
[0.220s] DEBUG:colcon.colcon_core.verb:Building package 'midterm_env' with the following arguments: {'ament_cmake_args': None, 'build_base': '/home/jinhan/mid_mobiity/build/midterm_env', 'catkin_cmake_args': None, 'catkin_skip_building_tests': False, 'cmake_args': None, 'cmake_clean_cache': False, 'cmake_clean_first': False, 'cmake_force_configure': False, 'cmake_target': None, 'cmake_target_skip_unavailable': False, 'install_base': '/home/jinhan/mid_mobiity/install/midterm_env', 'merge_install': False, 'path': '/home/jinhan/mid_mobiity/src/env/env/midterm_env', 'symlink_install': False, 'test_result_base': None}
[0.220s] INFO:colcon.colcon_core.executor:Executing jobs using 'parallel' executor
[0.221s] DEBUG:colcon.colcon_parallel_executor.executor.parallel:run_until_complete
[0.221s] INFO:colcon.colcon_ros.task.ament_cmake.build:Building ROS package in '/home/jinhan/mid_mobiity/src/env/env/midterm_msgs' with build type 'ament_cmake'
[0.221s] INFO:colcon.colcon_cmake.task.cmake.build:Building CMake package in '/home/jinhan/mid_mobiity/src/env/env/midterm_msgs'
[0.223s] INFO:colcon.colcon_core.plugin_system:Skipping extension 'colcon_core.shell.bat': Not used on non-Windows systems
[0.223s] INFO:colcon.colcon_core.shell:Skip shell extension 'powershell' for command environment: Not usable outside of PowerShell
[0.223s] DEBUG:colcon.colcon_core.shell:Skip shell extension 'dsv' for command environment
[0.225s] INFO:colcon.colcon_ros.task.ament_python.build:Building ROS package in '/home/jinhan/mid_mobiity/src/env/env/auto_driving' with build type 'ament_python'
[0.225s] Level 1:colcon.colcon_core.shell:create_environment_hook('auto_driving', 'ament_prefix_path')
[0.225s] INFO:colcon.colcon_core.shell:Creating environment hook '/home/jinhan/mid_mobiity/install/auto_driving/share/auto_driving/hook/ament_prefix_path.ps1'
[0.225s] INFO:colcon.colcon_core.shell:Creating environment descriptor '/home/jinhan/mid_mobiity/install/auto_driving/share/auto_driving/hook/ament_prefix_path.dsv'
[0.226s] INFO:colcon.colcon_core.shell:Creating environment hook '/home/jinhan/mid_mobiity/install/auto_driving/share/auto_driving/hook/ament_prefix_path.sh'
[0.226s] INFO:colcon.colcon_core.shell:Skip shell extension 'powershell' for command environment: Not usable outside of PowerShell
[0.226s] DEBUG:colcon.colcon_core.shell:Skip shell extension 'dsv' for command environment
[0.232s] DEBUG:colcon.colcon_core.event_handler.log_command:Invoking command in '/home/jinhan/mid_mobiity/build/midterm_msgs': CMAKE_PREFIX_PATH=${CMAKE_PREFIX_PATH}:/home/jinhan/mid_mobiity/install/midterm_env:/home/jinhan/mid_mobiity/install/auto_driving2:/home/jinhan/mid_mobiity/install/auto_driving:/opt/ros/humble /usr/bin/cmake --build /home/jinhan/mid_mobiity/build/midterm_msgs -- -j12 -l12
[0.404s] INFO:colcon.colcon_core.task.python.build:Building Python package in '/home/jinhan/mid_mobiity/src/env/env/auto_driving'
[0.405s] INFO:colcon.colcon_core.shell:Skip shell extension 'powershell' for command environment: Not usable outside of PowerShell
[0.405s] DEBUG:colcon.colcon_core.shell:Skip shell extension 'dsv' for command environment
[0.481s] DEBUG:colcon.colcon_core.event_handler.log_command:Invoked command in '/home/jinhan/mid_mobiity/build/midterm_msgs' returned '0': CMAKE_PREFIX_PATH=${CMAKE_PREFIX_PATH}:/home/jinhan/mid_mobiity/install/midterm_env:/home/jinhan/mid_mobiity/install/auto_driving2:/home/jinhan/mid_mobiity/install/auto_driving:/opt/ros/humble /usr/bin/cmake --build /home/jinhan/mid_mobiity/build/midterm_msgs -- -j12 -l12
[0.490s] DEBUG:colcon.colcon_core.event_handler.log_command:Invoking command in '/home/jinhan/mid_mobiity/build/midterm_msgs': CMAKE_PREFIX_PATH=${CMAKE_PREFIX_PATH}:/home/jinhan/mid_mobiity/install/midterm_env:/home/jinhan/mid_mobiity/install/auto_driving2:/home/jinhan/mid_mobiity/install/auto_driving:/opt/ros/humble /usr/bin/cmake --install /home/jinhan/mid_mobiity/build/midterm_msgs
[0.535s] Level 1:colcon.colcon_core.environment:create_environment_scripts_only(midterm_msgs)
[0.535s] DEBUG:colcon.colcon_core.event_handler.log_command:Invoked command in '/home/jinhan/mid_mobiity/build/midterm_msgs' returned '0': CMAKE_PREFIX_PATH=${CMAKE_PREFIX_PATH}:/home/jinhan/mid_mobiity/install/midterm_env:/home/jinhan/mid_mobiity/install/auto_driving2:/home/jinhan/mid_mobiity/install/auto_driving:/opt/ros/humble /usr/bin/cmake --install /home/jinhan/mid_mobiity/build/midterm_msgs
[0.536s] Level 1:colcon.colcon_core.environment:checking '/home/jinhan/mid_mobiity/install/midterm_msgs' for CMake module files
[0.537s] Level 1:colcon.colcon_core.environment:checking '/home/jinhan/mid_mobiity/install/midterm_msgs' for CMake config files
[0.537s] Level 1:colcon.colcon_core.shell:create_environment_hook('midterm_msgs', 'cmake_prefix_path')
[0.537s] INFO:colcon.colcon_core.shell:Creating environment hook '/home/jinhan/mid_mobiity/install/midterm_msgs/share/midterm_msgs/hook/cmake_prefix_path.ps1'
[0.538s] INFO:colcon.colcon_core.shell:Creating environment descriptor '/home/jinhan/mid_mobiity/install/midterm_msgs/share/midterm_msgs/hook/cmake_prefix_path.dsv'
[0.538s] INFO:colcon.colcon_core.shell:Creating environment hook '/home/jinhan/mid_mobiity/install/midterm_msgs/share/midterm_msgs/hook/cmake_prefix_path.sh'
[0.538s] Level 1:colcon.colcon_core.environment:checking '/home/jinhan/mid_mobiity/install/midterm_msgs/lib'
[0.538s] Level 1:colcon.colcon_core.shell:create_environment_hook('midterm_msgs', 'ld_library_path_lib')
[0.538s] INFO:colcon.colcon_core.shell:Creating environment hook '/home/jinhan/mid_mobiity/install/midterm_msgs/share/midterm_msgs/hook/ld_library_path_lib.ps1'
[0.539s] INFO:colcon.colcon_core.shell:Creating environment descriptor '/home/jinhan/mid_mobiity/install/midterm_msgs/share/midterm_msgs/hook/ld_library_path_lib.dsv'
[0.539s] INFO:colcon.colcon_core.shell:Creating environment hook '/home/jinhan/mid_mobiity/install/midterm_msgs/share/midterm_msgs/hook/ld_library_path_lib.sh'
[0.539s] Level 1:colcon.colcon_core.environment:checking '/home/jinhan/mid_mobiity/install/midterm_msgs/bin'
[0.539s] Level 1:colcon.colcon_core.environment:checking '/home/jinhan/mid_mobiity/install/midterm_msgs/lib/pkgconfig/midterm_msgs.pc'
[0.539s] Level 1:colcon.colcon_core.environment:checking '/home/jinhan/mid_mobiity/install/midterm_msgs/lib/python3.10/site-packages'
[0.540s] Level 1:colcon.colcon_core.environment:checking '/home/jinhan/mid_mobiity/install/midterm_msgs/bin'
[0.540s] INFO:colcon.colcon_core.shell:Creating package script '/home/jinhan/mid_mobiity/install/midterm_msgs/share/midterm_msgs/package.ps1'
[0.540s] INFO:colcon.colcon_core.shell:Creating package descriptor '/home/jinhan/mid_mobiity/install/midterm_msgs/share/midterm_msgs/package.dsv'
[0.541s] INFO:colcon.colcon_core.shell:Creating package script '/home/jinhan/mid_mobiity/install/midterm_msgs/share/midterm_msgs/package.sh'
[0.541s] INFO:colcon.colcon_core.shell:Creating package script '/home/jinhan/mid_mobiity/install/midterm_msgs/share/midterm_msgs/package.bash'
[0.541s] INFO:colcon.colcon_core.shell:Creating package script '/home/jinhan/mid_mobiity/install/midterm_msgs/share/midterm_msgs/package.zsh'
[0.542s] Level 1:colcon.colcon_core.environment:create_file_with_runtime_dependencies(/home/jinhan/mid_mobiity/install/midterm_msgs/share/colcon-core/packages/midterm_msgs)
[0.542s] Level 1:colcon.colcon_core.environment:create_environment_scripts_only(midterm_msgs)
[0.542s] Level 1:colcon.colcon_core.environment:checking '/home/jinhan/mid_mobiity/install/midterm_msgs' for CMake module files
[0.543s] Level 1:colcon.colcon_core.environment:checking '/home/jinhan/mid_mobiity/install/midterm_msgs' for CMake config files
[0.543s] Level 1:colcon.colcon_core.shell:create_environment_hook('midterm_msgs', 'cmake_prefix_path')
[0.543s] INFO:colcon.colcon_core.shell:Creating environment hook '/home/jinhan/mid_mobiity/install/midterm_msgs/share/midterm_msgs/hook/cmake_prefix_path.ps1'
[0.543s] INFO:colcon.colcon_core.shell:Creating environment descriptor '/home/jinhan/mid_mobiity/install/midterm_msgs/share/midterm_msgs/hook/cmake_prefix_path.dsv'
[0.543s] INFO:colcon.colcon_core.shell:Creating environment hook '/home/jinhan/mid_mobiity/install/midterm_msgs/share/midterm_msgs/hook/cmake_prefix_path.sh'
[0.544s] Level 1:colcon.colcon_core.environment:checking '/home/jinhan/mid_mobiity/install/midterm_msgs/lib'
[0.544s] Level 1:colcon.colcon_core.shell:create_environment_hook('midterm_msgs', 'ld_library_path_lib')
[0.544s] INFO:colcon.colcon_core.shell:Creating environment hook '/home/jinhan/mid_mobiity/install/midterm_msgs/share/midterm_msgs/hook/ld_library_path_lib.ps1'
[0.544s] INFO:colcon.colcon_core.shell:Creating environment descriptor '/home/jinhan/mid_mobiity/install/midterm_msgs/share/midterm_msgs/hook/ld_library_path_lib.dsv'
[0.544s] INFO:colcon.colcon_core.shell:Creating environment hook '/home/jinhan/mid_mobiity/install/midterm_msgs/share/midterm_msgs/hook/ld_library_path_lib.sh'
[0.544s] Level 1:colcon.colcon_core.environment:checking '/home/jinhan/mid_mobiity/install/midterm_msgs/bin'
[0.544s] Level 1:colcon.colcon_core.environment:checking '/home/jinhan/mid_mobiity/install/midterm_msgs/lib/pkgconfig/midterm_msgs.pc'
[0.545s] Level 1:colcon.colcon_core.environment:checking '/home/jinhan/mid_mobiity/install/midterm_msgs/lib/python3.10/site-packages'
[0.545s] Level 1:colcon.colcon_core.environment:checking '/home/jinhan/mid_mobiity/install/midterm_msgs/bin'
[0.545s] INFO:colcon.colcon_core.shell:Creating package script '/home/jinhan/mid_mobiity/install/midterm_msgs/share/midterm_msgs/package.ps1'
[0.545s] INFO:colcon.colcon_core.shell:Creating package descriptor '/home/jinhan/mid_mobiity/install/midterm_msgs/share/midterm_msgs/package.dsv'
[0.545s] INFO:colcon.colcon_core.shell:Creating package script '/home/jinhan/mid_mobiity/install/midterm_msgs/share/midterm_msgs/package.sh'
[0.546s] INFO:colcon.colcon_core.shell:Creating package script '/home/jinhan/mid_mobiity/install/midterm_msgs/share/midterm_msgs/package.bash'
[0.546s] INFO:colcon.colcon_core.shell:Creating package script '/home/jinhan/mid_mobiity/install/midterm_msgs/share/midterm_msgs/package.zsh'
[0.546s] Level 1:colcon.colcon_core.environment:create_file_with_runtime_dependencies(/home/jinhan/mid_mobiity/install/midterm_msgs/share/colcon-core/packages/midterm_msgs)
[0.546s] INFO:colcon.colcon_ros.task.ament_python.build:Building ROS package in '/home/jinhan/mid_mobiity/src/env/env/auto_driving2' with build type 'ament_python'
[0.546s] Level 1:colcon.colcon_core.shell:create_environment_hook('auto_driving2', 'ament_prefix_path')
[0.547s] INFO:colcon.colcon_core.shell:Creating environment hook '/home/jinhan/mid_mobiity/install/auto_driving2/share/auto_driving2/hook/ament_prefix_path.ps1'
[0.547s] INFO:colcon.colcon_core.shell:Creating environment descriptor '/home/jinhan/mid_mobiity/install/auto_driving2/share/auto_driving2/hook/ament_prefix_path.dsv'
[0.547s] INFO:colcon.colcon_core.shell:Creating environment hook '/home/jinhan/mid_mobiity/install/auto_driving2/share/auto_driving2/hook/ament_prefix_path.sh'
[0.548s] INFO:colcon.colcon_core.shell:Skip shell extension 'powershell' for command environment: Not usable outside of PowerShell
[0.548s] DEBUG:colcon.colcon_core.shell:Skip shell extension 'dsv' for command environment
[0.550s] INFO:colcon.colcon_ros.task.ament_python.build:Building ROS package in '/home/jinhan/mid_mobiity/src/env/env/midterm_env' with build type 'ament_python'
[0.550s] Level 1:colcon.colcon_core.shell:create_environment_hook('midterm_env', 'ament_prefix_path')
[0.550s] INFO:colcon.colcon_core.shell:Creating environment hook '/home/jinhan/mid_mobiity/install/midterm_env/share/midterm_env/hook/ament_prefix_path.ps1'
[0.551s] INFO:colcon.colcon_core.shell:Creating environment descriptor '/home/jinhan/mid_mobiity/install/midterm_env/share/midterm_env/hook/ament_prefix_path.dsv'
[0.551s] INFO:colcon.colcon_core.shell:Creating environment hook '/home/jinhan/mid_mobiity/install/midterm_env/share/midterm_env/hook/ament_prefix_path.sh'
[0.551s] INFO:colcon.colcon_core.shell:Skip shell extension 'powershell' for command environment: Not usable outside of PowerShell
[0.551s] DEBUG:colcon.colcon_core.shell:Skip shell extension 'dsv' for command environment
[0.722s] INFO:colcon.colcon_core.task.python.build:Building Python package in '/home/jinhan/mid_mobiity/src/env/env/auto_driving2'
[0.722s] INFO:colcon.colcon_core.shell:Skip shell extension 'powershell' for command environment: Not usable outside of PowerShell
[0.722s] DEBUG:colcon.colcon_core.shell:Skip shell extension 'dsv' for command environment
[0.897s] INFO:colcon.colcon_core.task.python.build:Building Python package in '/home/jinhan/mid_mobiity/src/env/env/midterm_env'
[0.897s] INFO:colcon.colcon_core.shell:Skip shell extension 'powershell' for command environment: Not usable outside of PowerShell
[0.897s] DEBUG:colcon.colcon_core.shell:Skip shell extension 'dsv' for command environment
[0.901s] DEBUG:colcon.colcon_core.event_handler.log_command:Invoking command in '/home/jinhan/mid_mobiity/src/env/env/auto_driving': PYTHONPATH=/home/jinhan/mid_mobiity/build/auto_driving/prefix_override:/usr/lib/python3/dist-packages/colcon_core/task/python/colcon_distutils_commands:/home/jinhan/mid_mobiity/install/auto_driving/lib/python3.10/site-packages:${PYTHONPATH} /usr/bin/python3 -W ignore:setup.py install is deprecated -W ignore:easy_install command is deprecated setup.py egg_info --egg-base ../../../../build/auto_driving build --build-base /home/jinhan/mid_mobiity/build/auto_driving/build install --record /home/jinhan/mid_mobiity/build/auto_driving/install.log --single-version-externally-managed install_data
[1.090s] Level 1:colcon.colcon_core.environment:checking '/home/jinhan/mid_mobiity/install/auto_driving' for CMake module files
[1.091s] DEBUG:colcon.colcon_core.event_handler.log_command:Invoked command in '/home/jinhan/mid_mobiity/src/env/env/auto_driving' returned '0': PYTHONPATH=/home/jinhan/mid_mobiity/build/auto_driving/prefix_override:/usr/lib/python3/dist-packages/colcon_core/task/python/colcon_distutils_commands:/home/jinhan/mid_mobiity/install/auto_driving/lib/python3.10/site-packages:${PYTHONPATH} /usr/bin/python3 -W ignore:setup.py install is deprecated -W ignore:easy_install command is deprecated setup.py egg_info --egg-base ../../../../build/auto_driving build --build-base /home/jinhan/mid_mobiity/build/auto_driving/build install --record /home/jinhan/mid_mobiity/build/auto_driving/install.log --single-version-externally-managed install_data
[1.091s] Level 1:colcon.colcon_core.environment:checking '/home/jinhan/mid_mobiity/install/auto_driving' for CMake config files
[1.091s] Level 1:colcon.colcon_core.environment:checking '/home/jinhan/mid_mobiity/install/auto_driving/lib'
[1.092s] Level 1:colcon.colcon_core.environment:checking '/home/jinhan/mid_mobiity/install/auto_driving/bin'
[1.092s] Level 1:colcon.colcon_core.environment:checking '/home/jinhan/mid_mobiity/install/auto_driving/lib/pkgconfig/auto_driving.pc'
[1.092s] Level 1:colcon.colcon_core.environment:checking '/home/jinhan/mid_mobiity/install/auto_driving/lib/python3.10/site-packages'
[1.092s] Level 1:colcon.colcon_core.shell:create_environment_hook('auto_driving', 'pythonpath')
[1.092s] INFO:colcon.colcon_core.shell:Creating environment hook '/home/jinhan/mid_mobiity/install/auto_driving/share/auto_driving/hook/pythonpath.ps1'
[1.093s] INFO:colcon.colcon_core.shell:Creating environment descriptor '/home/jinhan/mid_mobiity/install/auto_driving/share/auto_driving/hook/pythonpath.dsv'
[1.093s] INFO:colcon.colcon_core.shell:Creating environment hook '/home/jinhan/mid_mobiity/install/auto_driving/share/auto_driving/hook/pythonpath.sh'
[1.094s] Level 1:colcon.colcon_core.environment:checking '/home/jinhan/mid_mobiity/install/auto_driving/bin'
[1.094s] Level 1:colcon.colcon_core.environment:create_environment_scripts_only(auto_driving)
[1.095s] INFO:colcon.colcon_core.shell:Creating package script '/home/jinhan/mid_mobiity/install/auto_driving/share/auto_driving/package.ps1'
[1.095s] INFO:colcon.colcon_core.shell:Creating package descriptor '/home/jinhan/mid_mobiity/install/auto_driving/share/auto_driving/package.dsv'
[1.096s] INFO:colcon.colcon_core.shell:Creating package script '/home/jinhan/mid_mobiity/install/auto_driving/share/auto_driving/package.sh'
[1.096s] INFO:colcon.colcon_core.shell:Creating package script '/home/jinhan/mid_mobiity/install/auto_driving/share/auto_driving/package.bash'
[1.097s] INFO:colcon.colcon_core.shell:Creating package script '/home/jinhan/mid_mobiity/install/auto_driving/share/auto_driving/package.zsh'
[1.097s] Level 1:colcon.colcon_core.environment:create_file_with_runtime_dependencies(/home/jinhan/mid_mobiity/install/auto_driving/share/colcon-core/packages/auto_driving)
[1.119s] DEBUG:colcon.colcon_core.event_handler.log_command:Invoking command in '/home/jinhan/mid_mobiity/src/env/env/auto_driving2': LD_LIBRARY_PATH=/home/jinhan/mid_mobiity/install/midterm_msgs/lib:/opt/ros/humble/opt/rviz_ogre_vendor/lib:/opt/ros/humble/lib/x86_64-linux-gnu:/opt/ros/humble/lib:/usr/share/gazebo/../../lib/x86_64-linux-gnu/gazebo-11/plugins PYTHONPATH=/home/jinhan/mid_mobiity/build/auto_driving2/prefix_override:/usr/lib/python3/dist-packages/colcon_core/task/python/colcon_distutils_commands:/home/jinhan/mid_mobiity/install/auto_driving2/lib/python3.10/site-packages:${PYTHONPATH} /usr/bin/python3 -W ignore:setup.py install is deprecated -W ignore:easy_install command is deprecated setup.py egg_info --egg-base ../../../../build/auto_driving2 build --build-base /home/jinhan/mid_mobiity/build/auto_driving2/build install --record /home/jinhan/mid_mobiity/build/auto_driving2/install.log --single-version-externally-managed install_data
[1.136s] DEBUG:colcon.colcon_core.event_handler.log_command:Invoking command in '/home/jinhan/mid_mobiity/src/env/env/midterm_env': LD_LIBRARY_PATH=/home/jinhan/mid_mobiity/install/midterm_msgs/lib:/opt/ros/humble/opt/rviz_ogre_vendor/lib:/opt/ros/humble/lib/x86_64-linux-gnu:/opt/ros/humble/lib:/usr/share/gazebo/../../lib/x86_64-linux-gnu/gazebo-11/plugins PYTHONPATH=/home/jinhan/mid_mobiity/build/midterm_env/prefix_override:/usr/lib/python3/dist-packages/colcon_core/task/python/colcon_distutils_commands:/home/jinhan/mid_mobiity/install/midterm_env/lib/python3.10/site-packages:${PYTHONPATH} /usr/bin/python3 -W ignore:setup.py install is deprecated -W ignore:easy_install command is deprecated setup.py egg_info --egg-base ../../../../build/midterm_env build --build-base /home/jinhan/mid_mobiity/build/midterm_env/build install --record /home/jinhan/mid_mobiity/build/midterm_env/install.log --single-version-externally-managed install_data
[1.313s] Level 1:colcon.colcon_core.environment:checking '/home/jinhan/mid_mobiity/install/auto_driving2' for CMake module files
[1.313s] DEBUG:colcon.colcon_core.event_handler.log_command:Invoked command in '/home/jinhan/mid_mobiity/src/env/env/auto_driving2' returned '0': LD_LIBRARY_PATH=/home/jinhan/mid_mobiity/install/midterm_msgs/lib:/opt/ros/humble/opt/rviz_ogre_vendor/lib:/opt/ros/humble/lib/x86_64-linux-gnu:/opt/ros/humble/lib:/usr/share/gazebo/../../lib/x86_64-linux-gnu/gazebo-11/plugins PYTHONPATH=/home/jinhan/mid_mobiity/build/auto_driving2/prefix_override:/usr/lib/python3/dist-packages/colcon_core/task/python/colcon_distutils_commands:/home/jinhan/mid_mobiity/install/auto_driving2/lib/python3.10/site-packages:${PYTHONPATH} /usr/bin/python3 -W ignore:setup.py install is deprecated -W ignore:easy_install command is deprecated setup.py egg_info --egg-base ../../../../build/auto_driving2 build --build-base /home/jinhan/mid_mobiity/build/auto_driving2/build install --record /home/jinhan/mid_mobiity/build/auto_driving2/install.log --single-version-externally-managed install_data
[1.313s] Level 1:colcon.colcon_core.environment:checking '/home/jinhan/mid_mobiity/install/auto_driving2' for CMake config files
[1.314s] Level 1:colcon.colcon_core.environment:checking '/home/jinhan/mid_mobiity/install/auto_driving2/lib'
[1.314s] Level 1:colcon.colcon_core.environment:checking '/home/jinhan/mid_mobiity/install/auto_driving2/bin'
[1.314s] Level 1:colcon.colcon_core.environment:checking '/home/jinhan/mid_mobiity/install/auto_driving2/lib/pkgconfig/auto_driving2.pc'
[1.314s] Level 1:colcon.colcon_core.environment:checking '/home/jinhan/mid_mobiity/install/auto_driving2/lib/python3.10/site-packages'
[1.314s] Level 1:colcon.colcon_core.shell:create_environment_hook('auto_driving2', 'pythonpath')
[1.314s] INFO:colcon.colcon_core.shell:Creating environment hook '/home/jinhan/mid_mobiity/install/auto_driving2/share/auto_driving2/hook/pythonpath.ps1'
[1.315s] INFO:colcon.colcon_core.shell:Creating environment descriptor '/home/jinhan/mid_mobiity/install/auto_driving2/share/auto_driving2/hook/pythonpath.dsv'
[1.315s] INFO:colcon.colcon_core.shell:Creating environment hook '/home/jinhan/mid_mobiity/install/auto_driving2/share/auto_driving2/hook/pythonpath.sh'
[1.315s] Level 1:colcon.colcon_core.environment:checking '/home/jinhan/mid_mobiity/install/auto_driving2/bin'
[1.315s] Level 1:colcon.colcon_core.environment:create_environment_scripts_only(auto_driving2)
[1.316s] INFO:colcon.colcon_core.shell:Creating package script '/home/jinhan/mid_mobiity/install/auto_driving2/share/auto_driving2/package.ps1'
[1.316s] INFO:colcon.colcon_core.shell:Creating package descriptor '/home/jinhan/mid_mobiity/install/auto_driving2/share/auto_driving2/package.dsv'
[1.316s] INFO:colcon.colcon_core.shell:Creating package script '/home/jinhan/mid_mobiity/install/auto_driving2/share/auto_driving2/package.sh'
[1.316s] INFO:colcon.colcon_core.shell:Creating package script '/home/jinhan/mid_mobiity/install/auto_driving2/share/auto_driving2/package.bash'
[1.317s] INFO:colcon.colcon_core.shell:Creating package script '/home/jinhan/mid_mobiity/install/auto_driving2/share/auto_driving2/package.zsh'
[1.317s] Level 1:colcon.colcon_core.environment:create_file_with_runtime_dependencies(/home/jinhan/mid_mobiity/install/auto_driving2/share/colcon-core/packages/auto_driving2)
[1.322s] Level 1:colcon.colcon_core.environment:checking '/home/jinhan/mid_mobiity/install/midterm_env' for CMake module files
[1.322s] DEBUG:colcon.colcon_core.event_handler.log_command:Invoked command in '/home/jinhan/mid_mobiity/src/env/env/midterm_env' returned '0': LD_LIBRARY_PATH=/home/jinhan/mid_mobiity/install/midterm_msgs/lib:/opt/ros/humble/opt/rviz_ogre_vendor/lib:/opt/ros/humble/lib/x86_64-linux-gnu:/opt/ros/humble/lib:/usr/share/gazebo/../../lib/x86_64-linux-gnu/gazebo-11/plugins PYTHONPATH=/home/jinhan/mid_mobiity/build/midterm_env/prefix_override:/usr/lib/python3/dist-packages/colcon_core/task/python/colcon_distutils_commands:/home/jinhan/mid_mobiity/install/midterm_env/lib/python3.10/site-packages:${PYTHONPATH} /usr/bin/python3 -W ignore:setup.py install is deprecated -W ignore:easy_install command is deprecated setup.py egg_info --egg-base ../../../../build/midterm_env build --build-base /home/jinhan/mid_mobiity/build/midterm_env/build install --record /home/jinhan/mid_mobiity/build/midterm_env/install.log --single-version-externally-managed install_data
[1.323s] Level 1:colcon.colcon_core.environment:checking '/home/jinhan/mid_mobiity/install/midterm_env' for CMake config files
[1.324s] Level 1:colcon.colcon_core.environment:checking '/home/jinhan/mid_mobiity/install/midterm_env/lib'
[1.324s] Level 1:colcon.colcon_core.environment:checking '/home/jinhan/mid_mobiity/install/midterm_env/bin'
[1.324s] Level 1:colcon.colcon_core.environment:checking '/home/jinhan/mid_mobiity/install/midterm_env/lib/pkgconfig/midterm_env.pc'
[1.324s] Level 1:colcon.colcon_core.environment:checking '/home/jinhan/mid_mobiity/install/midterm_env/lib/python3.10/site-packages'
[1.324s] Level 1:colcon.colcon_core.shell:create_environment_hook('midterm_env', 'pythonpath')
[1.325s] INFO:colcon.colcon_core.shell:Creating environment hook '/home/jinhan/mid_mobiity/install/midterm_env/share/midterm_env/hook/pythonpath.ps1'
[1.325s] INFO:colcon.colcon_core.shell:Creating environment descriptor '/home/jinhan/mid_mobiity/install/midterm_env/share/midterm_env/hook/pythonpath.dsv'
[1.326s] INFO:colcon.colcon_core.shell:Creating environment hook '/home/jinhan/mid_mobiity/install/midterm_env/share/midterm_env/hook/pythonpath.sh'
[1.326s] Level 1:colcon.colcon_core.environment:checking '/home/jinhan/mid_mobiity/install/midterm_env/bin'
[1.326s] Level 1:colcon.colcon_core.environment:create_environment_scripts_only(midterm_env)
[1.327s] INFO:colcon.colcon_core.shell:Creating package script '/home/jinhan/mid_mobiity/install/midterm_env/share/midterm_env/package.ps1'
[1.328s] INFO:colcon.colcon_core.shell:Creating package descriptor '/home/jinhan/mid_mobiity/install/midterm_env/share/midterm_env/package.dsv'
[1.328s] INFO:colcon.colcon_core.shell:Creating package script '/home/jinhan/mid_mobiity/install/midterm_env/share/midterm_env/package.sh'
[1.328s] INFO:colcon.colcon_core.shell:Creating package script '/home/jinhan/mid_mobiity/install/midterm_env/share/midterm_env/package.bash'
[1.328s] INFO:colcon.colcon_core.shell:Creating package script '/home/jinhan/mid_mobiity/install/midterm_env/share/midterm_env/package.zsh'
[1.329s] Level 1:colcon.colcon_core.environment:create_file_with_runtime_dependencies(/home/jinhan/mid_mobiity/install/midterm_env/share/colcon-core/packages/midterm_env)
[1.329s] DEBUG:colcon.colcon_parallel_executor.executor.parallel:closing loop
[1.329s] DEBUG:colcon.colcon_parallel_executor.executor.parallel:loop closed
[1.329s] DEBUG:colcon.colcon_parallel_executor.executor.parallel:run_until_complete finished with '0'
[1.329s] DEBUG:colcon.colcon_core.event_reactor:joining thread
[1.334s] INFO:colcon.colcon_core.plugin_system:Skipping extension 'colcon_notification.desktop_notification.terminal_notifier': Not used on non-Darwin systems
[1.334s] INFO:colcon.colcon_core.plugin_system:Skipping extension 'colcon_notification.desktop_notification.win32': Not used on non-Windows systems
[1.334s] INFO:colcon.colcon_notification.desktop_notification:Sending desktop notification using 'notify2'
[1.344s] DEBUG:colcon.colcon_core.event_reactor:joined thread
[1.345s] INFO:colcon.colcon_core.shell:Creating prefix script '/home/jinhan/mid_mobiity/install/local_setup.ps1'
[1.346s] INFO:colcon.colcon_core.shell:Creating prefix util module '/home/jinhan/mid_mobiity/install/_local_setup_util_ps1.py'
[1.347s] INFO:colcon.colcon_core.shell:Creating prefix chain script '/home/jinhan/mid_mobiity/install/setup.ps1'
[1.348s] INFO:colcon.colcon_core.shell:Creating prefix script '/home/jinhan/mid_mobiity/install/local_setup.sh'
[1.349s] INFO:colcon.colcon_core.shell:Creating prefix util module '/home/jinhan/mid_mobiity/install/_local_setup_util_sh.py'
[1.350s] INFO:colcon.colcon_core.shell:Creating prefix chain script '/home/jinhan/mid_mobiity/install/setup.sh'
[1.350s] INFO:colcon.colcon_core.shell:Creating prefix script '/home/jinhan/mid_mobiity/install/local_setup.bash'
[1.351s] INFO:colcon.colcon_core.shell:Creating prefix chain script '/home/jinhan/mid_mobiity/install/setup.bash'
[1.351s] INFO:colcon.colcon_core.shell:Creating prefix script '/home/jinhan/mid_mobiity/install/local_setup.zsh'
[1.352s] INFO:colcon.colcon_core.shell:Creating prefix chain script '/home/jinhan/mid_mobiity/install/setup.zsh'
