[0.462s] Invoking command in '/home/jinhan/mid_mobiity/src/env/env/auto_driving': PYTHONPATH=/home/jinhan/mid_mobiity/build/auto_driving/prefix_override:/usr/lib/python3/dist-packages/colcon_core/task/python/colcon_distutils_commands:/home/jinhan/mid_mobiity/install/auto_driving/lib/python3.10/site-packages:${PYTHONPATH} /usr/bin/python3 -W ignore:setup.py install is deprecated -W ignore:easy_install command is deprecated setup.py egg_info --egg-base ../../../../build/auto_driving build --build-base /home/jinhan/mid_mobiity/build/auto_driving/build install --record /home/jinhan/mid_mobiity/build/auto_driving/install.log --single-version-externally-managed install_data
[0.608s] running egg_info
[0.608s] creating ../../../../build/auto_driving/auto_driving.egg-info
[0.608s] writing ../../../../build/auto_driving/auto_driving.egg-info/PKG-INFO
[0.608s] writing dependency_links to ../../../../build/auto_driving/auto_driving.egg-info/dependency_links.txt
[0.608s] writing entry points to ../../../../build/auto_driving/auto_driving.egg-info/entry_points.txt
[0.608s] writing requirements to ../../../../build/auto_driving/auto_driving.egg-info/requires.txt
[0.608s] writing top-level names to ../../../../build/auto_driving/auto_driving.egg-info/top_level.txt
[0.609s] writing manifest file '../../../../build/auto_driving/auto_driving.egg-info/SOURCES.txt'
[0.610s] reading manifest file '../../../../build/auto_driving/auto_driving.egg-info/SOURCES.txt'
[0.610s] writing manifest file '../../../../build/auto_driving/auto_driving.egg-info/SOURCES.txt'
[0.610s] running build
[0.610s] running build_py
[0.610s] creating /home/jinhan/mid_mobiity/build/auto_driving/build
[0.610s] creating /home/jinhan/mid_mobiity/build/auto_driving/build/lib
[0.610s] creating /home/jinhan/mid_mobiity/build/auto_driving/build/lib/auto_driving
[0.610s] copying auto_driving/dstar_hard.py -> /home/jinhan/mid_mobiity/build/auto_driving/build/lib/auto_driving
[0.610s] copying auto_driving/__init__.py -> /home/jinhan/mid_mobiity/build/auto_driving/build/lib/auto_driving
[0.610s] running install
[0.611s] running install_lib
[0.611s] creating /home/jinhan/mid_mobiity/install/auto_driving/lib/python3.10/site-packages/auto_driving
[0.611s] copying /home/jinhan/mid_mobiity/build/auto_driving/build/lib/auto_driving/dstar_hard.py -> /home/jinhan/mid_mobiity/install/auto_driving/lib/python3.10/site-packages/auto_driving
[0.611s] copying /home/jinhan/mid_mobiity/build/auto_driving/build/lib/auto_driving/__init__.py -> /home/jinhan/mid_mobiity/install/auto_driving/lib/python3.10/site-packages/auto_driving
[0.612s] byte-compiling /home/jinhan/mid_mobiity/install/auto_driving/lib/python3.10/site-packages/auto_driving/dstar_hard.py to dstar_hard.cpython-310.pyc
[0.620s] byte-compiling /home/jinhan/mid_mobiity/install/auto_driving/lib/python3.10/site-packages/auto_driving/__init__.py to __init__.cpython-310.pyc
[0.620s] running install_data
[0.620s] creating /home/jinhan/mid_mobiity/install/auto_driving/share/ament_index
[0.620s] creating /home/jinhan/mid_mobiity/install/auto_driving/share/ament_index/resource_index
[0.620s] creating /home/jinhan/mid_mobiity/install/auto_driving/share/ament_index/resource_index/packages
[0.620s] copying resource/auto_driving -> /home/jinhan/mid_mobiity/install/auto_driving/share/ament_index/resource_index/packages
[0.621s] copying package.xml -> /home/jinhan/mid_mobiity/install/auto_driving/share/auto_driving
[0.621s] running install_egg_info
[0.622s] Copying ../../../../build/auto_driving/auto_driving.egg-info to /home/jinhan/mid_mobiity/install/auto_driving/lib/python3.10/site-packages/auto_driving-0.0.0-py3.10.egg-info
[0.622s] running install_scripts
[0.635s] Installing astar script to /home/jinhan/mid_mobiity/install/auto_driving/lib/auto_driving
[0.635s] Installing dstar_hard script to /home/jinhan/mid_mobiity/install/auto_driving/lib/auto_driving
[0.635s] Installing dstar_lite script to /home/jinhan/mid_mobiity/install/auto_driving/lib/auto_driving
[0.635s] writing list of installed files to '/home/jinhan/mid_mobiity/build/auto_driving/install.log'
[0.653s] Invoked command in '/home/jinhan/mid_mobiity/src/env/env/auto_driving' returned '0': PYTHONPATH=/home/jinhan/mid_mobiity/build/auto_driving/prefix_override:/usr/lib/python3/dist-packages/colcon_core/task/python/colcon_distutils_commands:/home/jinhan/mid_mobiity/install/auto_driving/lib/python3.10/site-packages:${PYTHONPATH} /usr/bin/python3 -W ignore:setup.py install is deprecated -W ignore:easy_install command is deprecated setup.py egg_info --egg-base ../../../../build/auto_driving build --build-base /home/jinhan/mid_mobiity/build/auto_driving/build install --record /home/jinhan/mid_mobiity/build/auto_driving/install.log --single-version-externally-managed install_data
