[0.591s] Invoking command in '/home/jinhan/mid_mobiity/src/env/env/auto_driving2': LD_LIBRARY_PATH=/home/jinhan/mid_mobiity/install/midterm_msgs/lib:/opt/ros/humble/opt/rviz_ogre_vendor/lib:/opt/ros/humble/lib/x86_64-linux-gnu:/opt/ros/humble/lib:/usr/share/gazebo/../../lib/x86_64-linux-gnu/gazebo-11/plugins PYTHONPATH=/home/jinhan/mid_mobiity/build/auto_driving2/prefix_override:/usr/lib/python3/dist-packages/colcon_core/task/python/colcon_distutils_commands:/home/jinhan/mid_mobiity/install/auto_driving2/lib/python3.10/site-packages:${PYTHONPATH} /usr/bin/python3 -W ignore:setup.py install is deprecated -W ignore:easy_install command is deprecated setup.py egg_info --egg-base ../../../../build/auto_driving2 build --build-base /home/jinhan/mid_mobiity/build/auto_driving2/build install --record /home/jinhan/mid_mobiity/build/auto_driving2/install.log --single-version-externally-managed install_data
[0.745s] running egg_info
[0.745s] writing ../../../../build/auto_driving2/auto_driving2.egg-info/PKG-INFO
[0.745s] writing dependency_links to ../../../../build/auto_driving2/auto_driving2.egg-info/dependency_links.txt
[0.745s] writing entry points to ../../../../build/auto_driving2/auto_driving2.egg-info/entry_points.txt
[0.745s] writing requirements to ../../../../build/auto_driving2/auto_driving2.egg-info/requires.txt
[0.745s] writing top-level names to ../../../../build/auto_driving2/auto_driving2.egg-info/top_level.txt
[0.747s] reading manifest file '../../../../build/auto_driving2/auto_driving2.egg-info/SOURCES.txt'
[0.747s] writing manifest file '../../../../build/auto_driving2/auto_driving2.egg-info/SOURCES.txt'
[0.747s] running build
[0.747s] running build_py
[0.747s] running install
[0.747s] running install_lib
[0.749s] running install_data
[0.749s] running install_egg_info
[0.750s] removing '/home/jinhan/mid_mobiity/install/auto_driving2/lib/python3.10/site-packages/auto_driving2-0.0.0-py3.10.egg-info' (and everything under it)
[0.750s] Copying ../../../../build/auto_driving2/auto_driving2.egg-info to /home/jinhan/mid_mobiity/install/auto_driving2/lib/python3.10/site-packages/auto_driving2-0.0.0-py3.10.egg-info
[0.750s] running install_scripts
[0.765s] Installing planner script to /home/jinhan/mid_mobiity/install/auto_driving2/lib/auto_driving2
[0.765s] writing list of installed files to '/home/jinhan/mid_mobiity/build/auto_driving2/install.log'
[0.786s] Invoked command in '/home/jinhan/mid_mobiity/src/env/env/auto_driving2' returned '0': LD_LIBRARY_PATH=/home/jinhan/mid_mobiity/install/midterm_msgs/lib:/opt/ros/humble/opt/rviz_ogre_vendor/lib:/opt/ros/humble/lib/x86_64-linux-gnu:/opt/ros/humble/lib:/usr/share/gazebo/../../lib/x86_64-linux-gnu/gazebo-11/plugins PYTHONPATH=/home/jinhan/mid_mobiity/build/auto_driving2/prefix_override:/usr/lib/python3/dist-packages/colcon_core/task/python/colcon_distutils_commands:/home/jinhan/mid_mobiity/install/auto_driving2/lib/python3.10/site-packages:${PYTHONPATH} /usr/bin/python3 -W ignore:setup.py install is deprecated -W ignore:easy_install command is deprecated setup.py egg_info --egg-base ../../../../build/auto_driving2 build --build-base /home/jinhan/mid_mobiity/build/auto_driving2/build install --record /home/jinhan/mid_mobiity/build/auto_driving2/install.log --single-version-externally-managed install_data
