[0.085s] DEBUG:colcon:Command line arguments: ['/usr/bin/colcon', 'build']
[0.085s] DEBUG:colcon:Parsed command line arguments: Namespace(log_base=None, log_level=None, verb_name='build', build_base='build', install_base='install', merge_install=False, symlink_install=False, test_result_base=None, continue_on_error=False, executor='parallel', parallel_workers=12, event_handlers=None, ignore_user_meta=False, metas=['./colcon.meta'], base_paths=['.'], packages_ignore=None, packages_ignore_regex=None, paths=None, packages_up_to=None, packages_up_to_regex=None, packages_above=None, packages_above_and_dependencies=None, packages_above_depth=None, packages_select_by_dep=None, packages_skip_by_dep=None, packages_skip_up_to=None, packages_select_build_failed=False, packages_skip_build_finished=False, packages_select_test_failures=False, packages_skip_test_passed=False, packages_select=None, packages_skip=None, packages_select_regex=None, packages_skip_regex=None, packages_start=None, packages_end=None, allow_overriding=[], cmake_args=None, cmake_target=None, cmake_target_skip_unavailable=False, cmake_clean_cache=False, cmake_clean_first=False, cmake_force_configure=False, ament_cmake_args=None, catkin_cmake_args=None, catkin_skip_building_tests=False, verb_parser=<colcon_defaults.argument_parser.defaults.DefaultArgumentsDecorator object at 0x74f1707cd120>, verb_extension=<colcon_core.verb.build.BuildVerb object at 0x74f17095e500>, main=<bound method BuildVerb.main of <colcon_core.verb.build.BuildVerb object at 0x74f17095e500>>)
[0.218s] Level 1:colcon.colcon_core.package_discovery:discover_packages(colcon_meta) check parameters
[0.218s] Level 1:colcon.colcon_core.package_discovery:discover_packages(recursive) check parameters
[0.218s] Level 1:colcon.colcon_core.package_discovery:discover_packages(ignore) check parameters
[0.218s] Level 1:colcon.colcon_core.package_discovery:discover_packages(path) check parameters
[0.218s] Level 1:colcon.colcon_core.package_discovery:discover_packages(colcon_meta) discover
[0.218s] Level 1:colcon.colcon_core.package_discovery:discover_packages(recursive) discover
[0.218s] INFO:colcon.colcon_core.package_discovery:Crawling recursively for packages in '/home/jinhan/mid_mobiity'
[0.218s] Level 1:colcon.colcon_core.package_identification:_identify(.) by extensions ['ignore', 'ignore_ament_install']
[0.218s] Level 1:colcon.colcon_core.package_identification:_identify(.) by extension 'ignore'
[0.218s] Level 1:colcon.colcon_core.package_identification:_identify(.) by extension 'ignore_ament_install'
[0.218s] Level 1:colcon.colcon_core.package_identification:_identify(.) by extensions ['colcon_pkg']
[0.218s] Level 1:colcon.colcon_core.package_identification:_identify(.) by extension 'colcon_pkg'
[0.218s] Level 1:colcon.colcon_core.package_identification:_identify(.) by extensions ['colcon_meta']
[0.218s] Level 1:colcon.colcon_core.package_identification:_identify(.) by extension 'colcon_meta'
[0.218s] Level 1:colcon.colcon_core.package_identification:_identify(.) by extensions ['ros']
[0.218s] Level 1:colcon.colcon_core.package_identification:_identify(.) by extension 'ros'
[0.226s] Level 1:colcon.colcon_core.package_identification:_identify(.) by extensions ['cmake', 'python']
[0.226s] Level 1:colcon.colcon_core.package_identification:_identify(.) by extension 'cmake'
[0.226s] Level 1:colcon.colcon_core.package_identification:_identify(.) by extension 'python'
[0.226s] Level 1:colcon.colcon_core.package_identification:_identify(.) by extensions ['python_setup_py']
[0.226s] Level 1:colcon.colcon_core.package_identification:_identify(.) by extension 'python_setup_py'
[0.226s] Level 1:colcon.colcon_core.package_identification:_identify(build) by extensions ['ignore', 'ignore_ament_install']
[0.226s] Level 1:colcon.colcon_core.package_identification:_identify(build) by extension 'ignore'
[0.226s] Level 1:colcon.colcon_core.package_identification:_identify(build) ignored
[0.227s] Level 1:colcon.colcon_core.package_identification:_identify(install) by extensions ['ignore', 'ignore_ament_install']
[0.227s] Level 1:colcon.colcon_core.package_identification:_identify(install) by extension 'ignore'
[0.227s] Level 1:colcon.colcon_core.package_identification:_identify(install) ignored
[0.227s] Level 1:colcon.colcon_core.package_identification:_identify(log) by extensions ['ignore', 'ignore_ament_install']
[0.227s] Level 1:colcon.colcon_core.package_identification:_identify(log) by extension 'ignore'
[0.227s] Level 1:colcon.colcon_core.package_identification:_identify(log) ignored
[0.227s] Level 1:colcon.colcon_core.package_identification:_identify(src) by extensions ['ignore', 'ignore_ament_install']
[0.227s] Level 1:colcon.colcon_core.package_identification:_identify(src) by extension 'ignore'
[0.227s] Level 1:colcon.colcon_core.package_identification:_identify(src) by extension 'ignore_ament_install'
[0.227s] Level 1:colcon.colcon_core.package_identification:_identify(src) by extensions ['colcon_pkg']
[0.227s] Level 1:colcon.colcon_core.package_identification:_identify(src) by extension 'colcon_pkg'
[0.227s] Level 1:colcon.colcon_core.package_identification:_identify(src) by extensions ['colcon_meta']
[0.227s] Level 1:colcon.colcon_core.package_identification:_identify(src) by extension 'colcon_meta'
[0.227s] Level 1:colcon.colcon_core.package_identification:_identify(src) by extensions ['ros']
[0.227s] Level 1:colcon.colcon_core.package_identification:_identify(src) by extension 'ros'
[0.227s] Level 1:colcon.colcon_core.package_identification:_identify(src) by extensions ['cmake', 'python']
[0.227s] Level 1:colcon.colcon_core.package_identification:_identify(src) by extension 'cmake'
[0.227s] Level 1:colcon.colcon_core.package_identification:_identify(src) by extension 'python'
[0.227s] Level 1:colcon.colcon_core.package_identification:_identify(src) by extensions ['python_setup_py']
[0.227s] Level 1:colcon.colcon_core.package_identification:_identify(src) by extension 'python_setup_py'
[0.227s] Level 1:colcon.colcon_core.package_identification:_identify(src/env) by extensions ['ignore', 'ignore_ament_install']
[0.227s] Level 1:colcon.colcon_core.package_identification:_identify(src/env) by extension 'ignore'
[0.227s] Level 1:colcon.colcon_core.package_identification:_identify(src/env) by extension 'ignore_ament_install'
[0.227s] Level 1:colcon.colcon_core.package_identification:_identify(src/env) by extensions ['colcon_pkg']
[0.227s] Level 1:colcon.colcon_core.package_identification:_identify(src/env) by extension 'colcon_pkg'
[0.227s] Level 1:colcon.colcon_core.package_identification:_identify(src/env) by extensions ['colcon_meta']
[0.227s] Level 1:colcon.colcon_core.package_identification:_identify(src/env) by extension 'colcon_meta'
[0.227s] Level 1:colcon.colcon_core.package_identification:_identify(src/env) by extensions ['ros']
[0.227s] Level 1:colcon.colcon_core.package_identification:_identify(src/env) by extension 'ros'
[0.228s] Level 1:colcon.colcon_core.package_identification:_identify(src/env) by extensions ['cmake', 'python']
[0.228s] Level 1:colcon.colcon_core.package_identification:_identify(src/env) by extension 'cmake'
[0.228s] Level 1:colcon.colcon_core.package_identification:_identify(src/env) by extension 'python'
[0.228s] Level 1:colcon.colcon_core.package_identification:_identify(src/env) by extensions ['python_setup_py']
[0.228s] Level 1:colcon.colcon_core.package_identification:_identify(src/env) by extension 'python_setup_py'
[0.228s] Level 1:colcon.colcon_core.package_identification:_identify(src/env/env) by extensions ['ignore', 'ignore_ament_install']
[0.228s] Level 1:colcon.colcon_core.package_identification:_identify(src/env/env) by extension 'ignore'
[0.228s] Level 1:colcon.colcon_core.package_identification:_identify(src/env/env) by extension 'ignore_ament_install'
[0.228s] Level 1:colcon.colcon_core.package_identification:_identify(src/env/env) by extensions ['colcon_pkg']
[0.228s] Level 1:colcon.colcon_core.package_identification:_identify(src/env/env) by extension 'colcon_pkg'
[0.228s] Level 1:colcon.colcon_core.package_identification:_identify(src/env/env) by extensions ['colcon_meta']
[0.228s] Level 1:colcon.colcon_core.package_identification:_identify(src/env/env) by extension 'colcon_meta'
[0.228s] Level 1:colcon.colcon_core.package_identification:_identify(src/env/env) by extensions ['ros']
[0.228s] Level 1:colcon.colcon_core.package_identification:_identify(src/env/env) by extension 'ros'
[0.228s] Level 1:colcon.colcon_core.package_identification:_identify(src/env/env) by extensions ['cmake', 'python']
[0.228s] Level 1:colcon.colcon_core.package_identification:_identify(src/env/env) by extension 'cmake'
[0.228s] Level 1:colcon.colcon_core.package_identification:_identify(src/env/env) by extension 'python'
[0.228s] Level 1:colcon.colcon_core.package_identification:_identify(src/env/env) by extensions ['python_setup_py']
[0.228s] Level 1:colcon.colcon_core.package_identification:_identify(src/env/env) by extension 'python_setup_py'
[0.228s] Level 1:colcon.colcon_core.package_identification:_identify(src/env/env/auto_driving) by extensions ['ignore', 'ignore_ament_install']
[0.228s] Level 1:colcon.colcon_core.package_identification:_identify(src/env/env/auto_driving) by extension 'ignore'
[0.228s] Level 1:colcon.colcon_core.package_identification:_identify(src/env/env/auto_driving) by extension 'ignore_ament_install'
[0.228s] Level 1:colcon.colcon_core.package_identification:_identify(src/env/env/auto_driving) by extensions ['colcon_pkg']
[0.228s] Level 1:colcon.colcon_core.package_identification:_identify(src/env/env/auto_driving) by extension 'colcon_pkg'
[0.228s] Level 1:colcon.colcon_core.package_identification:_identify(src/env/env/auto_driving) by extensions ['colcon_meta']
[0.228s] Level 1:colcon.colcon_core.package_identification:_identify(src/env/env/auto_driving) by extension 'colcon_meta'
[0.228s] Level 1:colcon.colcon_core.package_identification:_identify(src/env/env/auto_driving) by extensions ['ros']
[0.228s] Level 1:colcon.colcon_core.package_identification:_identify(src/env/env/auto_driving) by extension 'ros'
[0.231s] DEBUG:colcon.colcon_core.package_identification:Package 'src/env/env/auto_driving' with type 'ros.ament_python' and name 'auto_driving'
[0.231s] Level 1:colcon.colcon_core.package_identification:_identify(src/env/env/auto_driving2) by extensions ['ignore', 'ignore_ament_install']
[0.231s] Level 1:colcon.colcon_core.package_identification:_identify(src/env/env/auto_driving2) by extension 'ignore'
[0.231s] Level 1:colcon.colcon_core.package_identification:_identify(src/env/env/auto_driving2) by extension 'ignore_ament_install'
[0.231s] Level 1:colcon.colcon_core.package_identification:_identify(src/env/env/auto_driving2) by extensions ['colcon_pkg']
[0.231s] Level 1:colcon.colcon_core.package_identification:_identify(src/env/env/auto_driving2) by extension 'colcon_pkg'
[0.231s] Level 1:colcon.colcon_core.package_identification:_identify(src/env/env/auto_driving2) by extensions ['colcon_meta']
[0.231s] Level 1:colcon.colcon_core.package_identification:_identify(src/env/env/auto_driving2) by extension 'colcon_meta'
[0.231s] Level 1:colcon.colcon_core.package_identification:_identify(src/env/env/auto_driving2) by extensions ['ros']
[0.231s] Level 1:colcon.colcon_core.package_identification:_identify(src/env/env/auto_driving2) by extension 'ros'
[0.232s] DEBUG:colcon.colcon_core.package_identification:Package 'src/env/env/auto_driving2' with type 'ros.ament_python' and name 'auto_driving2'
[0.232s] Level 1:colcon.colcon_core.package_identification:_identify(src/env/env/midterm_env) by extensions ['ignore', 'ignore_ament_install']
[0.232s] Level 1:colcon.colcon_core.package_identification:_identify(src/env/env/midterm_env) by extension 'ignore'
[0.232s] Level 1:colcon.colcon_core.package_identification:_identify(src/env/env/midterm_env) by extension 'ignore_ament_install'
[0.232s] Level 1:colcon.colcon_core.package_identification:_identify(src/env/env/midterm_env) by extensions ['colcon_pkg']
[0.232s] Level 1:colcon.colcon_core.package_identification:_identify(src/env/env/midterm_env) by extension 'colcon_pkg'
[0.232s] Level 1:colcon.colcon_core.package_identification:_identify(src/env/env/midterm_env) by extensions ['colcon_meta']
[0.232s] Level 1:colcon.colcon_core.package_identification:_identify(src/env/env/midterm_env) by extension 'colcon_meta'
[0.232s] Level 1:colcon.colcon_core.package_identification:_identify(src/env/env/midterm_env) by extensions ['ros']
[0.232s] Level 1:colcon.colcon_core.package_identification:_identify(src/env/env/midterm_env) by extension 'ros'
[0.234s] DEBUG:colcon.colcon_core.package_identification:Package 'src/env/env/midterm_env' with type 'ros.ament_python' and name 'midterm_env'
[0.234s] Level 1:colcon.colcon_core.package_identification:_identify(src/env/env/midterm_msgs) by extensions ['ignore', 'ignore_ament_install']
[0.234s] Level 1:colcon.colcon_core.package_identification:_identify(src/env/env/midterm_msgs) by extension 'ignore'
[0.234s] Level 1:colcon.colcon_core.package_identification:_identify(src/env/env/midterm_msgs) by extension 'ignore_ament_install'
[0.234s] Level 1:colcon.colcon_core.package_identification:_identify(src/env/env/midterm_msgs) by extensions ['colcon_pkg']
[0.234s] Level 1:colcon.colcon_core.package_identification:_identify(src/env/env/midterm_msgs) by extension 'colcon_pkg'
[0.234s] Level 1:colcon.colcon_core.package_identification:_identify(src/env/env/midterm_msgs) by extensions ['colcon_meta']
[0.234s] Level 1:colcon.colcon_core.package_identification:_identify(src/env/env/midterm_msgs) by extension 'colcon_meta'
[0.234s] Level 1:colcon.colcon_core.package_identification:_identify(src/env/env/midterm_msgs) by extensions ['ros']
[0.234s] Level 1:colcon.colcon_core.package_identification:_identify(src/env/env/midterm_msgs) by extension 'ros'
[0.235s] DEBUG:colcon.colcon_core.package_identification:Package 'src/env/env/midterm_msgs' with type 'ros.ament_cmake' and name 'midterm_msgs'
[0.235s] Level 1:colcon.colcon_core.package_discovery:discover_packages(recursive) using defaults
[0.235s] Level 1:colcon.colcon_core.package_discovery:discover_packages(ignore) discover
[0.235s] Level 1:colcon.colcon_core.package_discovery:discover_packages(ignore) using defaults
[0.235s] Level 1:colcon.colcon_core.package_discovery:discover_packages(path) discover
[0.235s] Level 1:colcon.colcon_core.package_discovery:discover_packages(path) using defaults
[0.265s] Level 1:colcon.colcon_core.package_discovery:discover_packages(prefix_path) check parameters
[0.265s] Level 1:colcon.colcon_core.package_discovery:discover_packages(prefix_path) discover
[0.267s] DEBUG:colcon.colcon_installed_package_information.package_discovery:Found 4 installed packages in /home/jinhan/mid_mobiity/install
[0.268s] DEBUG:colcon.colcon_installed_package_information.package_discovery:Found 267 installed packages in /opt/ros/humble
[0.269s] Level 1:colcon.colcon_core.package_discovery:discover_packages(prefix_path) using defaults
[0.292s] Level 5:colcon.colcon_core.verb:set package 'auto_driving' build argument 'cmake_args' from command line to 'None'
[0.292s] Level 5:colcon.colcon_core.verb:set package 'auto_driving' build argument 'cmake_target' from command line to 'None'
[0.292s] Level 5:colcon.colcon_core.verb:set package 'auto_driving' build argument 'cmake_target_skip_unavailable' from command line to 'False'
[0.292s] Level 5:colcon.colcon_core.verb:set package 'auto_driving' build argument 'cmake_clean_cache' from command line to 'False'
[0.292s] Level 5:colcon.colcon_core.verb:set package 'auto_driving' build argument 'cmake_clean_first' from command line to 'False'
[0.292s] Level 5:colcon.colcon_core.verb:set package 'auto_driving' build argument 'cmake_force_configure' from command line to 'False'
[0.292s] Level 5:colcon.colcon_core.verb:set package 'auto_driving' build argument 'ament_cmake_args' from command line to 'None'
[0.292s] Level 5:colcon.colcon_core.verb:set package 'auto_driving' build argument 'catkin_cmake_args' from command line to 'None'
[0.292s] Level 5:colcon.colcon_core.verb:set package 'auto_driving' build argument 'catkin_skip_building_tests' from command line to 'False'
[0.292s] DEBUG:colcon.colcon_core.verb:Building package 'auto_driving' with the following arguments: {'ament_cmake_args': None, 'build_base': '/home/jinhan/mid_mobiity/build/auto_driving', 'catkin_cmake_args': None, 'catkin_skip_building_tests': False, 'cmake_args': None, 'cmake_clean_cache': False, 'cmake_clean_first': False, 'cmake_force_configure': False, 'cmake_target': None, 'cmake_target_skip_unavailable': False, 'install_base': '/home/jinhan/mid_mobiity/install/auto_driving', 'merge_install': False, 'path': '/home/jinhan/mid_mobiity/src/env/env/auto_driving', 'symlink_install': False, 'test_result_base': None}
[0.292s] Level 5:colcon.colcon_core.verb:set package 'midterm_msgs' build argument 'cmake_args' from command line to 'None'
[0.292s] Level 5:colcon.colcon_core.verb:set package 'midterm_msgs' build argument 'cmake_target' from command line to 'None'
[0.292s] Level 5:colcon.colcon_core.verb:set package 'midterm_msgs' build argument 'cmake_target_skip_unavailable' from command line to 'False'
[0.292s] Level 5:colcon.colcon_core.verb:set package 'midterm_msgs' build argument 'cmake_clean_cache' from command line to 'False'
[0.292s] Level 5:colcon.colcon_core.verb:set package 'midterm_msgs' build argument 'cmake_clean_first' from command line to 'False'
[0.292s] Level 5:colcon.colcon_core.verb:set package 'midterm_msgs' build argument 'cmake_force_configure' from command line to 'False'
[0.292s] Level 5:colcon.colcon_core.verb:set package 'midterm_msgs' build argument 'ament_cmake_args' from command line to 'None'
[0.292s] Level 5:colcon.colcon_core.verb:set package 'midterm_msgs' build argument 'catkin_cmake_args' from command line to 'None'
[0.292s] Level 5:colcon.colcon_core.verb:set package 'midterm_msgs' build argument 'catkin_skip_building_tests' from command line to 'False'
[0.292s] DEBUG:colcon.colcon_core.verb:Building package 'midterm_msgs' with the following arguments: {'ament_cmake_args': None, 'build_base': '/home/jinhan/mid_mobiity/build/midterm_msgs', 'catkin_cmake_args': None, 'catkin_skip_building_tests': False, 'cmake_args': None, 'cmake_clean_cache': False, 'cmake_clean_first': False, 'cmake_force_configure': False, 'cmake_target': None, 'cmake_target_skip_unavailable': False, 'install_base': '/home/jinhan/mid_mobiity/install/midterm_msgs', 'merge_install': False, 'path': '/home/jinhan/mid_mobiity/src/env/env/midterm_msgs', 'symlink_install': False, 'test_result_base': None}
[0.292s] Level 5:colcon.colcon_core.verb:set package 'auto_driving2' build argument 'cmake_args' from command line to 'None'
[0.292s] Level 5:colcon.colcon_core.verb:set package 'auto_driving2' build argument 'cmake_target' from command line to 'None'
[0.293s] Level 5:colcon.colcon_core.verb:set package 'auto_driving2' build argument 'cmake_target_skip_unavailable' from command line to 'False'
[0.293s] Level 5:colcon.colcon_core.verb:set package 'auto_driving2' build argument 'cmake_clean_cache' from command line to 'False'
[0.293s] Level 5:colcon.colcon_core.verb:set package 'auto_driving2' build argument 'cmake_clean_first' from command line to 'False'
[0.293s] Level 5:colcon.colcon_core.verb:set package 'auto_driving2' build argument 'cmake_force_configure' from command line to 'False'
[0.293s] Level 5:colcon.colcon_core.verb:set package 'auto_driving2' build argument 'ament_cmake_args' from command line to 'None'
[0.293s] Level 5:colcon.colcon_core.verb:set package 'auto_driving2' build argument 'catkin_cmake_args' from command line to 'None'
[0.293s] Level 5:colcon.colcon_core.verb:set package 'auto_driving2' build argument 'catkin_skip_building_tests' from command line to 'False'
[0.293s] DEBUG:colcon.colcon_core.verb:Building package 'auto_driving2' with the following arguments: {'ament_cmake_args': None, 'build_base': '/home/jinhan/mid_mobiity/build/auto_driving2', 'catkin_cmake_args': None, 'catkin_skip_building_tests': False, 'cmake_args': None, 'cmake_clean_cache': False, 'cmake_clean_first': False, 'cmake_force_configure': False, 'cmake_target': None, 'cmake_target_skip_unavailable': False, 'install_base': '/home/jinhan/mid_mobiity/install/auto_driving2', 'merge_install': False, 'path': '/home/jinhan/mid_mobiity/src/env/env/auto_driving2', 'symlink_install': False, 'test_result_base': None}
[0.293s] Level 5:colcon.colcon_core.verb:set package 'midterm_env' build argument 'cmake_args' from command line to 'None'
[0.293s] Level 5:colcon.colcon_core.verb:set package 'midterm_env' build argument 'cmake_target' from command line to 'None'
[0.293s] Level 5:colcon.colcon_core.verb:set package 'midterm_env' build argument 'cmake_target_skip_unavailable' from command line to 'False'
[0.293s] Level 5:colcon.colcon_core.verb:set package 'midterm_env' build argument 'cmake_clean_cache' from command line to 'False'
[0.293s] Level 5:colcon.colcon_core.verb:set package 'midterm_env' build argument 'cmake_clean_first' from command line to 'False'
[0.293s] Level 5:colcon.colcon_core.verb:set package 'midterm_env' build argument 'cmake_force_configure' from command line to 'False'
[0.293s] Level 5:colcon.colcon_core.verb:set package 'midterm_env' build argument 'ament_cmake_args' from command line to 'None'
[0.293s] Level 5:colcon.colcon_core.verb:set package 'midterm_env' build argument 'catkin_cmake_args' from command line to 'None'
[0.293s] Level 5:colcon.colcon_core.verb:set package 'midterm_env' build argument 'catkin_skip_building_tests' from command line to 'False'
[0.293s] DEBUG:colcon.colcon_core.verb:Building package 'midterm_env' with the following arguments: {'ament_cmake_args': None, 'build_base': '/home/jinhan/mid_mobiity/build/midterm_env', 'catkin_cmake_args': None, 'catkin_skip_building_tests': False, 'cmake_args': None, 'cmake_clean_cache': False, 'cmake_clean_first': False, 'cmake_force_configure': False, 'cmake_target': None, 'cmake_target_skip_unavailable': False, 'install_base': '/home/jinhan/mid_mobiity/install/midterm_env', 'merge_install': False, 'path': '/home/jinhan/mid_mobiity/src/env/env/midterm_env', 'symlink_install': False, 'test_result_base': None}
[0.293s] INFO:colcon.colcon_core.executor:Executing jobs using 'parallel' executor
[0.294s] DEBUG:colcon.colcon_parallel_executor.executor.parallel:run_until_complete
[0.294s] INFO:colcon.colcon_ros.task.ament_cmake.build:Building ROS package in '/home/jinhan/mid_mobiity/src/env/env/midterm_msgs' with build type 'ament_cmake'
[0.294s] INFO:colcon.colcon_cmake.task.cmake.build:Building CMake package in '/home/jinhan/mid_mobiity/src/env/env/midterm_msgs'
[0.296s] INFO:colcon.colcon_core.plugin_system:Skipping extension 'colcon_core.shell.bat': Not used on non-Windows systems
[0.296s] INFO:colcon.colcon_core.shell:Skip shell extension 'powershell' for command environment: Not usable outside of PowerShell
[0.296s] DEBUG:colcon.colcon_core.shell:Skip shell extension 'dsv' for command environment
[0.299s] INFO:colcon.colcon_ros.task.ament_python.build:Building ROS package in '/home/jinhan/mid_mobiity/src/env/env/auto_driving' with build type 'ament_python'
[0.299s] Level 1:colcon.colcon_core.shell:create_environment_hook('auto_driving', 'ament_prefix_path')
[0.299s] INFO:colcon.colcon_core.shell:Creating environment hook '/home/jinhan/mid_mobiity/install/auto_driving/share/auto_driving/hook/ament_prefix_path.ps1'
[0.300s] INFO:colcon.colcon_core.shell:Creating environment descriptor '/home/jinhan/mid_mobiity/install/auto_driving/share/auto_driving/hook/ament_prefix_path.dsv'
[0.300s] INFO:colcon.colcon_core.shell:Creating environment hook '/home/jinhan/mid_mobiity/install/auto_driving/share/auto_driving/hook/ament_prefix_path.sh'
[0.301s] INFO:colcon.colcon_core.shell:Skip shell extension 'powershell' for command environment: Not usable outside of PowerShell
[0.301s] DEBUG:colcon.colcon_core.shell:Skip shell extension 'dsv' for command environment
[0.306s] DEBUG:colcon.colcon_core.event_handler.log_command:Invoking command in '/home/jinhan/mid_mobiity/build/midterm_msgs': CMAKE_PREFIX_PATH=${CMAKE_PREFIX_PATH}:/home/jinhan/mid_mobiity/install/midterm_env:/home/jinhan/mid_mobiity/install/auto_driving2:/home/jinhan/mid_mobiity/install/auto_driving:/opt/ros/humble /usr/bin/cmake --build /home/jinhan/mid_mobiity/build/midterm_msgs -- -j12 -l12
[0.477s] INFO:colcon.colcon_core.task.python.build:Building Python package in '/home/jinhan/mid_mobiity/src/env/env/auto_driving'
[0.477s] INFO:colcon.colcon_core.shell:Skip shell extension 'powershell' for command environment: Not usable outside of PowerShell
[0.477s] DEBUG:colcon.colcon_core.shell:Skip shell extension 'dsv' for command environment
[0.570s] DEBUG:colcon.colcon_core.event_handler.log_command:Invoked command in '/home/jinhan/mid_mobiity/build/midterm_msgs' returned '0': CMAKE_PREFIX_PATH=${CMAKE_PREFIX_PATH}:/home/jinhan/mid_mobiity/install/midterm_env:/home/jinhan/mid_mobiity/install/auto_driving2:/home/jinhan/mid_mobiity/install/auto_driving:/opt/ros/humble /usr/bin/cmake --build /home/jinhan/mid_mobiity/build/midterm_msgs -- -j12 -l12
[0.581s] DEBUG:colcon.colcon_core.event_handler.log_command:Invoking command in '/home/jinhan/mid_mobiity/build/midterm_msgs': CMAKE_PREFIX_PATH=${CMAKE_PREFIX_PATH}:/home/jinhan/mid_mobiity/install/midterm_env:/home/jinhan/mid_mobiity/install/auto_driving2:/home/jinhan/mid_mobiity/install/auto_driving:/opt/ros/humble /usr/bin/cmake --install /home/jinhan/mid_mobiity/build/midterm_msgs
[0.627s] Level 1:colcon.colcon_core.environment:create_environment_scripts_only(midterm_msgs)
[0.627s] DEBUG:colcon.colcon_core.event_handler.log_command:Invoked command in '/home/jinhan/mid_mobiity/build/midterm_msgs' returned '0': CMAKE_PREFIX_PATH=${CMAKE_PREFIX_PATH}:/home/jinhan/mid_mobiity/install/midterm_env:/home/jinhan/mid_mobiity/install/auto_driving2:/home/jinhan/mid_mobiity/install/auto_driving:/opt/ros/humble /usr/bin/cmake --install /home/jinhan/mid_mobiity/build/midterm_msgs
[0.631s] Level 1:colcon.colcon_core.environment:checking '/home/jinhan/mid_mobiity/install/midterm_msgs' for CMake module files
[0.632s] Level 1:colcon.colcon_core.environment:checking '/home/jinhan/mid_mobiity/install/midterm_msgs' for CMake config files
[0.633s] Level 1:colcon.colcon_core.shell:create_environment_hook('midterm_msgs', 'cmake_prefix_path')
[0.634s] INFO:colcon.colcon_core.shell:Creating environment hook '/home/jinhan/mid_mobiity/install/midterm_msgs/share/midterm_msgs/hook/cmake_prefix_path.ps1'
[0.634s] INFO:colcon.colcon_core.shell:Creating environment descriptor '/home/jinhan/mid_mobiity/install/midterm_msgs/share/midterm_msgs/hook/cmake_prefix_path.dsv'
[0.634s] INFO:colcon.colcon_core.shell:Creating environment hook '/home/jinhan/mid_mobiity/install/midterm_msgs/share/midterm_msgs/hook/cmake_prefix_path.sh'
[0.635s] Level 1:colcon.colcon_core.environment:checking '/home/jinhan/mid_mobiity/install/midterm_msgs/lib'
[0.635s] Level 1:colcon.colcon_core.shell:create_environment_hook('midterm_msgs', 'ld_library_path_lib')
[0.635s] INFO:colcon.colcon_core.shell:Creating environment hook '/home/jinhan/mid_mobiity/install/midterm_msgs/share/midterm_msgs/hook/ld_library_path_lib.ps1'
[0.635s] INFO:colcon.colcon_core.shell:Creating environment descriptor '/home/jinhan/mid_mobiity/install/midterm_msgs/share/midterm_msgs/hook/ld_library_path_lib.dsv'
[0.636s] INFO:colcon.colcon_core.shell:Creating environment hook '/home/jinhan/mid_mobiity/install/midterm_msgs/share/midterm_msgs/hook/ld_library_path_lib.sh'
[0.636s] Level 1:colcon.colcon_core.environment:checking '/home/jinhan/mid_mobiity/install/midterm_msgs/bin'
[0.636s] Level 1:colcon.colcon_core.environment:checking '/home/jinhan/mid_mobiity/install/midterm_msgs/lib/pkgconfig/midterm_msgs.pc'
[0.636s] Level 1:colcon.colcon_core.environment:checking '/home/jinhan/mid_mobiity/install/midterm_msgs/lib/python3.10/site-packages'
[0.636s] Level 1:colcon.colcon_core.environment:checking '/home/jinhan/mid_mobiity/install/midterm_msgs/bin'
[0.636s] INFO:colcon.colcon_core.shell:Creating package script '/home/jinhan/mid_mobiity/install/midterm_msgs/share/midterm_msgs/package.ps1'
[0.637s] INFO:colcon.colcon_core.shell:Creating package descriptor '/home/jinhan/mid_mobiity/install/midterm_msgs/share/midterm_msgs/package.dsv'
[0.637s] INFO:colcon.colcon_core.shell:Creating package script '/home/jinhan/mid_mobiity/install/midterm_msgs/share/midterm_msgs/package.sh'
[0.638s] INFO:colcon.colcon_core.shell:Creating package script '/home/jinhan/mid_mobiity/install/midterm_msgs/share/midterm_msgs/package.bash'
[0.638s] INFO:colcon.colcon_core.shell:Creating package script '/home/jinhan/mid_mobiity/install/midterm_msgs/share/midterm_msgs/package.zsh'
[0.639s] Level 1:colcon.colcon_core.environment:create_file_with_runtime_dependencies(/home/jinhan/mid_mobiity/install/midterm_msgs/share/colcon-core/packages/midterm_msgs)
[0.639s] Level 1:colcon.colcon_core.environment:create_environment_scripts_only(midterm_msgs)
[0.639s] Level 1:colcon.colcon_core.environment:checking '/home/jinhan/mid_mobiity/install/midterm_msgs' for CMake module files
[0.640s] Level 1:colcon.colcon_core.environment:checking '/home/jinhan/mid_mobiity/install/midterm_msgs' for CMake config files
[0.640s] Level 1:colcon.colcon_core.shell:create_environment_hook('midterm_msgs', 'cmake_prefix_path')
[0.640s] INFO:colcon.colcon_core.shell:Creating environment hook '/home/jinhan/mid_mobiity/install/midterm_msgs/share/midterm_msgs/hook/cmake_prefix_path.ps1'
[0.640s] INFO:colcon.colcon_core.shell:Creating environment descriptor '/home/jinhan/mid_mobiity/install/midterm_msgs/share/midterm_msgs/hook/cmake_prefix_path.dsv'
[0.641s] INFO:colcon.colcon_core.shell:Creating environment hook '/home/jinhan/mid_mobiity/install/midterm_msgs/share/midterm_msgs/hook/cmake_prefix_path.sh'
[0.641s] Level 1:colcon.colcon_core.environment:checking '/home/jinhan/mid_mobiity/install/midterm_msgs/lib'
[0.641s] Level 1:colcon.colcon_core.shell:create_environment_hook('midterm_msgs', 'ld_library_path_lib')
[0.641s] INFO:colcon.colcon_core.shell:Creating environment hook '/home/jinhan/mid_mobiity/install/midterm_msgs/share/midterm_msgs/hook/ld_library_path_lib.ps1'
[0.642s] INFO:colcon.colcon_core.shell:Creating environment descriptor '/home/jinhan/mid_mobiity/install/midterm_msgs/share/midterm_msgs/hook/ld_library_path_lib.dsv'
[0.642s] INFO:colcon.colcon_core.shell:Creating environment hook '/home/jinhan/mid_mobiity/install/midterm_msgs/share/midterm_msgs/hook/ld_library_path_lib.sh'
[0.642s] Level 1:colcon.colcon_core.environment:checking '/home/jinhan/mid_mobiity/install/midterm_msgs/bin'
[0.642s] Level 1:colcon.colcon_core.environment:checking '/home/jinhan/mid_mobiity/install/midterm_msgs/lib/pkgconfig/midterm_msgs.pc'
[0.642s] Level 1:colcon.colcon_core.environment:checking '/home/jinhan/mid_mobiity/install/midterm_msgs/lib/python3.10/site-packages'
[0.642s] Level 1:colcon.colcon_core.environment:checking '/home/jinhan/mid_mobiity/install/midterm_msgs/bin'
[0.642s] INFO:colcon.colcon_core.shell:Creating package script '/home/jinhan/mid_mobiity/install/midterm_msgs/share/midterm_msgs/package.ps1'
[0.643s] INFO:colcon.colcon_core.shell:Creating package descriptor '/home/jinhan/mid_mobiity/install/midterm_msgs/share/midterm_msgs/package.dsv'
[0.643s] INFO:colcon.colcon_core.shell:Creating package script '/home/jinhan/mid_mobiity/install/midterm_msgs/share/midterm_msgs/package.sh'
[0.643s] INFO:colcon.colcon_core.shell:Creating package script '/home/jinhan/mid_mobiity/install/midterm_msgs/share/midterm_msgs/package.bash'
[0.644s] INFO:colcon.colcon_core.shell:Creating package script '/home/jinhan/mid_mobiity/install/midterm_msgs/share/midterm_msgs/package.zsh'
[0.644s] Level 1:colcon.colcon_core.environment:create_file_with_runtime_dependencies(/home/jinhan/mid_mobiity/install/midterm_msgs/share/colcon-core/packages/midterm_msgs)
[0.644s] INFO:colcon.colcon_ros.task.ament_python.build:Building ROS package in '/home/jinhan/mid_mobiity/src/env/env/auto_driving2' with build type 'ament_python'
[0.644s] Level 1:colcon.colcon_core.shell:create_environment_hook('auto_driving2', 'ament_prefix_path')
[0.644s] INFO:colcon.colcon_core.shell:Creating environment hook '/home/jinhan/mid_mobiity/install/auto_driving2/share/auto_driving2/hook/ament_prefix_path.ps1'
[0.645s] INFO:colcon.colcon_core.shell:Creating environment descriptor '/home/jinhan/mid_mobiity/install/auto_driving2/share/auto_driving2/hook/ament_prefix_path.dsv'
[0.645s] INFO:colcon.colcon_core.shell:Creating environment hook '/home/jinhan/mid_mobiity/install/auto_driving2/share/auto_driving2/hook/ament_prefix_path.sh'
[0.645s] INFO:colcon.colcon_core.shell:Skip shell extension 'powershell' for command environment: Not usable outside of PowerShell
[0.645s] DEBUG:colcon.colcon_core.shell:Skip shell extension 'dsv' for command environment
[0.647s] INFO:colcon.colcon_ros.task.ament_python.build:Building ROS package in '/home/jinhan/mid_mobiity/src/env/env/midterm_env' with build type 'ament_python'
[0.647s] Level 1:colcon.colcon_core.shell:create_environment_hook('midterm_env', 'ament_prefix_path')
[0.647s] INFO:colcon.colcon_core.shell:Creating environment hook '/home/jinhan/mid_mobiity/install/midterm_env/share/midterm_env/hook/ament_prefix_path.ps1'
[0.648s] INFO:colcon.colcon_core.shell:Creating environment descriptor '/home/jinhan/mid_mobiity/install/midterm_env/share/midterm_env/hook/ament_prefix_path.dsv'
[0.648s] INFO:colcon.colcon_core.shell:Creating environment hook '/home/jinhan/mid_mobiity/install/midterm_env/share/midterm_env/hook/ament_prefix_path.sh'
[0.649s] INFO:colcon.colcon_core.shell:Skip shell extension 'powershell' for command environment: Not usable outside of PowerShell
[0.649s] DEBUG:colcon.colcon_core.shell:Skip shell extension 'dsv' for command environment
[0.818s] INFO:colcon.colcon_core.task.python.build:Building Python package in '/home/jinhan/mid_mobiity/src/env/env/auto_driving2'
[0.818s] INFO:colcon.colcon_core.shell:Skip shell extension 'powershell' for command environment: Not usable outside of PowerShell
[0.818s] DEBUG:colcon.colcon_core.shell:Skip shell extension 'dsv' for command environment
[0.987s] INFO:colcon.colcon_core.task.python.build:Building Python package in '/home/jinhan/mid_mobiity/src/env/env/midterm_env'
[0.987s] INFO:colcon.colcon_core.shell:Skip shell extension 'powershell' for command environment: Not usable outside of PowerShell
[0.987s] DEBUG:colcon.colcon_core.shell:Skip shell extension 'dsv' for command environment
[0.991s] DEBUG:colcon.colcon_core.event_handler.log_command:Invoking command in '/home/jinhan/mid_mobiity/src/env/env/auto_driving': PYTHONPATH=/home/jinhan/mid_mobiity/build/auto_driving/prefix_override:/usr/lib/python3/dist-packages/colcon_core/task/python/colcon_distutils_commands:/home/jinhan/mid_mobiity/install/auto_driving/lib/python3.10/site-packages:${PYTHONPATH} /usr/bin/python3 -W ignore:setup.py install is deprecated -W ignore:easy_install command is deprecated setup.py egg_info --egg-base ../../../../build/auto_driving build --build-base /home/jinhan/mid_mobiity/build/auto_driving/build install --record /home/jinhan/mid_mobiity/build/auto_driving/install.log --single-version-externally-managed install_data
[1.195s] Level 1:colcon.colcon_core.environment:checking '/home/jinhan/mid_mobiity/install/auto_driving' for CMake module files
[1.195s] DEBUG:colcon.colcon_core.event_handler.log_command:Invoked command in '/home/jinhan/mid_mobiity/src/env/env/auto_driving' returned '0': PYTHONPATH=/home/jinhan/mid_mobiity/build/auto_driving/prefix_override:/usr/lib/python3/dist-packages/colcon_core/task/python/colcon_distutils_commands:/home/jinhan/mid_mobiity/install/auto_driving/lib/python3.10/site-packages:${PYTHONPATH} /usr/bin/python3 -W ignore:setup.py install is deprecated -W ignore:easy_install command is deprecated setup.py egg_info --egg-base ../../../../build/auto_driving build --build-base /home/jinhan/mid_mobiity/build/auto_driving/build install --record /home/jinhan/mid_mobiity/build/auto_driving/install.log --single-version-externally-managed install_data
[1.196s] Level 1:colcon.colcon_core.environment:checking '/home/jinhan/mid_mobiity/install/auto_driving' for CMake config files
[1.197s] Level 1:colcon.colcon_core.environment:checking '/home/jinhan/mid_mobiity/install/auto_driving/lib'
[1.197s] Level 1:colcon.colcon_core.environment:checking '/home/jinhan/mid_mobiity/install/auto_driving/bin'
[1.197s] Level 1:colcon.colcon_core.environment:checking '/home/jinhan/mid_mobiity/install/auto_driving/lib/pkgconfig/auto_driving.pc'
[1.198s] Level 1:colcon.colcon_core.environment:checking '/home/jinhan/mid_mobiity/install/auto_driving/lib/python3.10/site-packages'
[1.198s] Level 1:colcon.colcon_core.shell:create_environment_hook('auto_driving', 'pythonpath')
[1.198s] INFO:colcon.colcon_core.shell:Creating environment hook '/home/jinhan/mid_mobiity/install/auto_driving/share/auto_driving/hook/pythonpath.ps1'
[1.198s] INFO:colcon.colcon_core.shell:Creating environment descriptor '/home/jinhan/mid_mobiity/install/auto_driving/share/auto_driving/hook/pythonpath.dsv'
[1.199s] INFO:colcon.colcon_core.shell:Creating environment hook '/home/jinhan/mid_mobiity/install/auto_driving/share/auto_driving/hook/pythonpath.sh'
[1.199s] Level 1:colcon.colcon_core.environment:checking '/home/jinhan/mid_mobiity/install/auto_driving/bin'
[1.199s] Level 1:colcon.colcon_core.environment:create_environment_scripts_only(auto_driving)
[1.199s] INFO:colcon.colcon_core.shell:Creating package script '/home/jinhan/mid_mobiity/install/auto_driving/share/auto_driving/package.ps1'
[1.200s] INFO:colcon.colcon_core.shell:Creating package descriptor '/home/jinhan/mid_mobiity/install/auto_driving/share/auto_driving/package.dsv'
[1.200s] INFO:colcon.colcon_core.shell:Creating package script '/home/jinhan/mid_mobiity/install/auto_driving/share/auto_driving/package.sh'
[1.200s] INFO:colcon.colcon_core.shell:Creating package script '/home/jinhan/mid_mobiity/install/auto_driving/share/auto_driving/package.bash'
[1.200s] INFO:colcon.colcon_core.shell:Creating package script '/home/jinhan/mid_mobiity/install/auto_driving/share/auto_driving/package.zsh'
[1.200s] Level 1:colcon.colcon_core.environment:create_file_with_runtime_dependencies(/home/jinhan/mid_mobiity/install/auto_driving/share/colcon-core/packages/auto_driving)
[1.220s] DEBUG:colcon.colcon_core.event_handler.log_command:Invoking command in '/home/jinhan/mid_mobiity/src/env/env/auto_driving2': LD_LIBRARY_PATH=/home/jinhan/mid_mobiity/install/midterm_msgs/lib:/opt/ros/humble/opt/rviz_ogre_vendor/lib:/opt/ros/humble/lib/x86_64-linux-gnu:/opt/ros/humble/lib:/usr/share/gazebo/../../lib/x86_64-linux-gnu/gazebo-11/plugins PYTHONPATH=/home/jinhan/mid_mobiity/build/auto_driving2/prefix_override:/usr/lib/python3/dist-packages/colcon_core/task/python/colcon_distutils_commands:/home/jinhan/mid_mobiity/install/auto_driving2/lib/python3.10/site-packages:${PYTHONPATH} /usr/bin/python3 -W ignore:setup.py install is deprecated -W ignore:easy_install command is deprecated setup.py egg_info --egg-base ../../../../build/auto_driving2 build --build-base /home/jinhan/mid_mobiity/build/auto_driving2/build install --record /home/jinhan/mid_mobiity/build/auto_driving2/install.log --single-version-externally-managed install_data
[1.223s] DEBUG:colcon.colcon_core.event_handler.log_command:Invoking command in '/home/jinhan/mid_mobiity/src/env/env/midterm_env': LD_LIBRARY_PATH=/home/jinhan/mid_mobiity/install/midterm_msgs/lib:/opt/ros/humble/opt/rviz_ogre_vendor/lib:/opt/ros/humble/lib/x86_64-linux-gnu:/opt/ros/humble/lib:/usr/share/gazebo/../../lib/x86_64-linux-gnu/gazebo-11/plugins PYTHONPATH=/home/jinhan/mid_mobiity/build/midterm_env/prefix_override:/usr/lib/python3/dist-packages/colcon_core/task/python/colcon_distutils_commands:/home/jinhan/mid_mobiity/install/midterm_env/lib/python3.10/site-packages:${PYTHONPATH} /usr/bin/python3 -W ignore:setup.py install is deprecated -W ignore:easy_install command is deprecated setup.py egg_info --egg-base ../../../../build/midterm_env build --build-base /home/jinhan/mid_mobiity/build/midterm_env/build install --record /home/jinhan/mid_mobiity/build/midterm_env/install.log --single-version-externally-managed install_data
[1.411s] Level 1:colcon.colcon_core.environment:checking '/home/jinhan/mid_mobiity/install/auto_driving2' for CMake module files
[1.412s] DEBUG:colcon.colcon_core.event_handler.log_command:Invoked command in '/home/jinhan/mid_mobiity/src/env/env/auto_driving2' returned '0': LD_LIBRARY_PATH=/home/jinhan/mid_mobiity/install/midterm_msgs/lib:/opt/ros/humble/opt/rviz_ogre_vendor/lib:/opt/ros/humble/lib/x86_64-linux-gnu:/opt/ros/humble/lib:/usr/share/gazebo/../../lib/x86_64-linux-gnu/gazebo-11/plugins PYTHONPATH=/home/jinhan/mid_mobiity/build/auto_driving2/prefix_override:/usr/lib/python3/dist-packages/colcon_core/task/python/colcon_distutils_commands:/home/jinhan/mid_mobiity/install/auto_driving2/lib/python3.10/site-packages:${PYTHONPATH} /usr/bin/python3 -W ignore:setup.py install is deprecated -W ignore:easy_install command is deprecated setup.py egg_info --egg-base ../../../../build/auto_driving2 build --build-base /home/jinhan/mid_mobiity/build/auto_driving2/build install --record /home/jinhan/mid_mobiity/build/auto_driving2/install.log --single-version-externally-managed install_data
[1.412s] Level 1:colcon.colcon_core.environment:checking '/home/jinhan/mid_mobiity/install/auto_driving2' for CMake config files
[1.413s] Level 1:colcon.colcon_core.environment:checking '/home/jinhan/mid_mobiity/install/auto_driving2/lib'
[1.413s] Level 1:colcon.colcon_core.environment:checking '/home/jinhan/mid_mobiity/install/auto_driving2/bin'
[1.413s] Level 1:colcon.colcon_core.environment:checking '/home/jinhan/mid_mobiity/install/auto_driving2/lib/pkgconfig/auto_driving2.pc'
[1.414s] Level 1:colcon.colcon_core.environment:checking '/home/jinhan/mid_mobiity/install/auto_driving2/lib/python3.10/site-packages'
[1.414s] Level 1:colcon.colcon_core.shell:create_environment_hook('auto_driving2', 'pythonpath')
[1.414s] INFO:colcon.colcon_core.shell:Creating environment hook '/home/jinhan/mid_mobiity/install/auto_driving2/share/auto_driving2/hook/pythonpath.ps1'
[1.414s] INFO:colcon.colcon_core.shell:Creating environment descriptor '/home/jinhan/mid_mobiity/install/auto_driving2/share/auto_driving2/hook/pythonpath.dsv'
[1.414s] INFO:colcon.colcon_core.shell:Creating environment hook '/home/jinhan/mid_mobiity/install/auto_driving2/share/auto_driving2/hook/pythonpath.sh'
[1.415s] Level 1:colcon.colcon_core.environment:checking '/home/jinhan/mid_mobiity/install/auto_driving2/bin'
[1.415s] Level 1:colcon.colcon_core.environment:create_environment_scripts_only(auto_driving2)
[1.415s] INFO:colcon.colcon_core.shell:Creating package script '/home/jinhan/mid_mobiity/install/auto_driving2/share/auto_driving2/package.ps1'
[1.415s] INFO:colcon.colcon_core.shell:Creating package descriptor '/home/jinhan/mid_mobiity/install/auto_driving2/share/auto_driving2/package.dsv'
[1.415s] INFO:colcon.colcon_core.shell:Creating package script '/home/jinhan/mid_mobiity/install/auto_driving2/share/auto_driving2/package.sh'
[1.416s] INFO:colcon.colcon_core.shell:Creating package script '/home/jinhan/mid_mobiity/install/auto_driving2/share/auto_driving2/package.bash'
[1.416s] INFO:colcon.colcon_core.shell:Creating package script '/home/jinhan/mid_mobiity/install/auto_driving2/share/auto_driving2/package.zsh'
[1.416s] Level 1:colcon.colcon_core.environment:create_file_with_runtime_dependencies(/home/jinhan/mid_mobiity/install/auto_driving2/share/colcon-core/packages/auto_driving2)
[1.417s] Level 1:colcon.colcon_core.environment:checking '/home/jinhan/mid_mobiity/install/midterm_env' for CMake module files
[1.417s] DEBUG:colcon.colcon_core.event_handler.log_command:Invoked command in '/home/jinhan/mid_mobiity/src/env/env/midterm_env' returned '0': LD_LIBRARY_PATH=/home/jinhan/mid_mobiity/install/midterm_msgs/lib:/opt/ros/humble/opt/rviz_ogre_vendor/lib:/opt/ros/humble/lib/x86_64-linux-gnu:/opt/ros/humble/lib:/usr/share/gazebo/../../lib/x86_64-linux-gnu/gazebo-11/plugins PYTHONPATH=/home/jinhan/mid_mobiity/build/midterm_env/prefix_override:/usr/lib/python3/dist-packages/colcon_core/task/python/colcon_distutils_commands:/home/jinhan/mid_mobiity/install/midterm_env/lib/python3.10/site-packages:${PYTHONPATH} /usr/bin/python3 -W ignore:setup.py install is deprecated -W ignore:easy_install command is deprecated setup.py egg_info --egg-base ../../../../build/midterm_env build --build-base /home/jinhan/mid_mobiity/build/midterm_env/build install --record /home/jinhan/mid_mobiity/build/midterm_env/install.log --single-version-externally-managed install_data
[1.418s] Level 1:colcon.colcon_core.environment:checking '/home/jinhan/mid_mobiity/install/midterm_env' for CMake config files
[1.419s] Level 1:colcon.colcon_core.environment:checking '/home/jinhan/mid_mobiity/install/midterm_env/lib'
[1.419s] Level 1:colcon.colcon_core.environment:checking '/home/jinhan/mid_mobiity/install/midterm_env/bin'
[1.419s] Level 1:colcon.colcon_core.environment:checking '/home/jinhan/mid_mobiity/install/midterm_env/lib/pkgconfig/midterm_env.pc'
[1.419s] Level 1:colcon.colcon_core.environment:checking '/home/jinhan/mid_mobiity/install/midterm_env/lib/python3.10/site-packages'
[1.419s] Level 1:colcon.colcon_core.shell:create_environment_hook('midterm_env', 'pythonpath')
[1.419s] INFO:colcon.colcon_core.shell:Creating environment hook '/home/jinhan/mid_mobiity/install/midterm_env/share/midterm_env/hook/pythonpath.ps1'
[1.419s] INFO:colcon.colcon_core.shell:Creating environment descriptor '/home/jinhan/mid_mobiity/install/midterm_env/share/midterm_env/hook/pythonpath.dsv'
[1.419s] INFO:colcon.colcon_core.shell:Creating environment hook '/home/jinhan/mid_mobiity/install/midterm_env/share/midterm_env/hook/pythonpath.sh'
[1.420s] Level 1:colcon.colcon_core.environment:checking '/home/jinhan/mid_mobiity/install/midterm_env/bin'
[1.420s] Level 1:colcon.colcon_core.environment:create_environment_scripts_only(midterm_env)
[1.420s] INFO:colcon.colcon_core.shell:Creating package script '/home/jinhan/mid_mobiity/install/midterm_env/share/midterm_env/package.ps1'
[1.420s] INFO:colcon.colcon_core.shell:Creating package descriptor '/home/jinhan/mid_mobiity/install/midterm_env/share/midterm_env/package.dsv'
[1.421s] INFO:colcon.colcon_core.shell:Creating package script '/home/jinhan/mid_mobiity/install/midterm_env/share/midterm_env/package.sh'
[1.421s] INFO:colcon.colcon_core.shell:Creating package script '/home/jinhan/mid_mobiity/install/midterm_env/share/midterm_env/package.bash'
[1.421s] INFO:colcon.colcon_core.shell:Creating package script '/home/jinhan/mid_mobiity/install/midterm_env/share/midterm_env/package.zsh'
[1.421s] Level 1:colcon.colcon_core.environment:create_file_with_runtime_dependencies(/home/jinhan/mid_mobiity/install/midterm_env/share/colcon-core/packages/midterm_env)
[1.421s] DEBUG:colcon.colcon_parallel_executor.executor.parallel:closing loop
[1.421s] DEBUG:colcon.colcon_parallel_executor.executor.parallel:loop closed
[1.421s] DEBUG:colcon.colcon_parallel_executor.executor.parallel:run_until_complete finished with '0'
[1.422s] DEBUG:colcon.colcon_core.event_reactor:joining thread
[1.426s] INFO:colcon.colcon_core.plugin_system:Skipping extension 'colcon_notification.desktop_notification.terminal_notifier': Not used on non-Darwin systems
[1.426s] INFO:colcon.colcon_core.plugin_system:Skipping extension 'colcon_notification.desktop_notification.win32': Not used on non-Windows systems
[1.426s] INFO:colcon.colcon_notification.desktop_notification:Sending desktop notification using 'notify2'
[1.433s] DEBUG:colcon.colcon_core.event_reactor:joined thread
[1.433s] INFO:colcon.colcon_core.shell:Creating prefix script '/home/jinhan/mid_mobiity/install/local_setup.ps1'
[1.435s] INFO:colcon.colcon_core.shell:Creating prefix util module '/home/jinhan/mid_mobiity/install/_local_setup_util_ps1.py'
[1.437s] INFO:colcon.colcon_core.shell:Creating prefix chain script '/home/jinhan/mid_mobiity/install/setup.ps1'
[1.438s] INFO:colcon.colcon_core.shell:Creating prefix script '/home/jinhan/mid_mobiity/install/local_setup.sh'
[1.439s] INFO:colcon.colcon_core.shell:Creating prefix util module '/home/jinhan/mid_mobiity/install/_local_setup_util_sh.py'
[1.439s] INFO:colcon.colcon_core.shell:Creating prefix chain script '/home/jinhan/mid_mobiity/install/setup.sh'
[1.440s] INFO:colcon.colcon_core.shell:Creating prefix script '/home/jinhan/mid_mobiity/install/local_setup.bash'
[1.441s] INFO:colcon.colcon_core.shell:Creating prefix chain script '/home/jinhan/mid_mobiity/install/setup.bash'
[1.443s] INFO:colcon.colcon_core.shell:Creating prefix script '/home/jinhan/mid_mobiity/install/local_setup.zsh'
[1.443s] INFO:colcon.colcon_core.shell:Creating prefix chain script '/home/jinhan/mid_mobiity/install/setup.zsh'
