[0.555s] Invoking command in '/home/jinhan/mid_mobiity/src/env/env/auto_driving2': LD_LIBRARY_PATH=/home/jinhan/mid_mobiity/install/midterm_msgs/lib:/opt/ros/humble/opt/rviz_ogre_vendor/lib:/opt/ros/humble/lib/x86_64-linux-gnu:/opt/ros/humble/lib:/usr/share/gazebo/../../lib/x86_64-linux-gnu/gazebo-11/plugins PYTHONPATH=/home/jinhan/mid_mobiity/build/auto_driving2/prefix_override:/usr/lib/python3/dist-packages/colcon_core/task/python/colcon_distutils_commands:/home/jinhan/mid_mobiity/install/auto_driving2/lib/python3.10/site-packages:${PYTHONPATH} /usr/bin/python3 -W ignore:setup.py install is deprecated -W ignore:easy_install command is deprecated setup.py egg_info --egg-base ../../../../build/auto_driving2 build --build-base /home/jinhan/mid_mobiity/build/auto_driving2/build install --record /home/jinhan/mid_mobiity/build/auto_driving2/install.log --single-version-externally-managed install_data
[0.704s] running egg_info
[0.704s] writing ../../../../build/auto_driving2/auto_driving2.egg-info/PKG-INFO
[0.705s] writing dependency_links to ../../../../build/auto_driving2/auto_driving2.egg-info/dependency_links.txt
[0.705s] writing entry points to ../../../../build/auto_driving2/auto_driving2.egg-info/entry_points.txt
[0.705s] writing requirements to ../../../../build/auto_driving2/auto_driving2.egg-info/requires.txt
[0.705s] writing top-level names to ../../../../build/auto_driving2/auto_driving2.egg-info/top_level.txt
[0.706s] reading manifest file '../../../../build/auto_driving2/auto_driving2.egg-info/SOURCES.txt'
[0.707s] writing manifest file '../../../../build/auto_driving2/auto_driving2.egg-info/SOURCES.txt'
[0.707s] running build
[0.707s] running build_py
[0.707s] copying auto_driving2/integrated_planner_rviz.py -> /home/jinhan/mid_mobiity/build/auto_driving2/build/lib/auto_driving2
[0.707s] running install
[0.707s] running install_lib
[0.708s] copying /home/jinhan/mid_mobiity/build/auto_driving2/build/lib/auto_driving2/integrated_planner_rviz.py -> /home/jinhan/mid_mobiity/install/auto_driving2/lib/python3.10/site-packages/auto_driving2
[0.709s] byte-compiling /home/jinhan/mid_mobiity/install/auto_driving2/lib/python3.10/site-packages/auto_driving2/integrated_planner_rviz.py to integrated_planner_rviz.cpython-310.pyc
[0.713s] running install_data
[0.713s] running install_egg_info
[0.714s] removing '/home/jinhan/mid_mobiity/install/auto_driving2/lib/python3.10/site-packages/auto_driving2-0.0.0-py3.10.egg-info' (and everything under it)
[0.714s] Copying ../../../../build/auto_driving2/auto_driving2.egg-info to /home/jinhan/mid_mobiity/install/auto_driving2/lib/python3.10/site-packages/auto_driving2-0.0.0-py3.10.egg-info
[0.715s] running install_scripts
[0.728s] Installing planner script to /home/jinhan/mid_mobiity/install/auto_driving2/lib/auto_driving2
[0.729s] writing list of installed files to '/home/jinhan/mid_mobiity/build/auto_driving2/install.log'
[0.748s] Invoked command in '/home/jinhan/mid_mobiity/src/env/env/auto_driving2' returned '0': LD_LIBRARY_PATH=/home/jinhan/mid_mobiity/install/midterm_msgs/lib:/opt/ros/humble/opt/rviz_ogre_vendor/lib:/opt/ros/humble/lib/x86_64-linux-gnu:/opt/ros/humble/lib:/usr/share/gazebo/../../lib/x86_64-linux-gnu/gazebo-11/plugins PYTHONPATH=/home/jinhan/mid_mobiity/build/auto_driving2/prefix_override:/usr/lib/python3/dist-packages/colcon_core/task/python/colcon_distutils_commands:/home/jinhan/mid_mobiity/install/auto_driving2/lib/python3.10/site-packages:${PYTHONPATH} /usr/bin/python3 -W ignore:setup.py install is deprecated -W ignore:easy_install command is deprecated setup.py egg_info --egg-base ../../../../build/auto_driving2 build --build-base /home/jinhan/mid_mobiity/build/auto_driving2/build install --record /home/jinhan/mid_mobiity/build/auto_driving2/install.log --single-version-externally-managed install_data
