-- The C compiler identification is GNU 11.4.0
-- The CXX compiler identification is GNU 11.4.0
-- Detecting C compiler ABI info
-- Detecting C compiler ABI info - done
-- Check for working C compiler: /usr/bin/cc - skipped
-- Detecting C compile features
-- Detecting C compile features - done
-- Detecting CXX compiler ABI info
-- Detecting CXX compiler ABI info - done
-- Check for working CXX compiler: /usr/bin/c++ - skipped
-- Detecting CXX compile features
-- Detecting CXX compile features - done
-- Found ament_cmake: 1.3.12 (/opt/ros/humble/share/ament_cmake/cmake)
-- Found Python3: /usr/bin/python3 (found version "3.10.12") found components: Interpreter 
-- Found builtin_interfaces: 1.2.2 (/opt/ros/humble/share/builtin_interfaces/cmake)
-- Found rosidl_generator_c: 3.1.7 (/opt/ros/humble/share/rosidl_generator_c/cmake)
-- Found rosidl_adapter: 3.1.7 (/opt/ros/humble/share/rosidl_adapter/cmake)
-- Found rosidl_generator_cpp: 3.1.7 (/opt/ros/humble/share/rosidl_generator_cpp/cmake)
-- Using all available rosidl_typesupport_c: rosidl_typesupport_fastrtps_c;rosidl_typesupport_introspection_c
-- Using all available rosidl_typesupport_cpp: rosidl_typesupport_fastrtps_cpp;rosidl_typesupport_introspection_cpp
-- Found rosidl_default_generators: 1.2.0 (/opt/ros/humble/share/rosidl_default_generators/cmake)
-- Found ament_cmake_ros: 0.10.0 (/opt/ros/humble/share/ament_cmake_ros/cmake)
-- Using all available rosidl_typesupport_c: rosidl_typesupport_fastrtps_c;rosidl_typesupport_introspection_c
-- Using all available rosidl_typesupport_cpp: rosidl_typesupport_fastrtps_cpp;rosidl_typesupport_introspection_cpp
-- Found PythonInterp: /usr/bin/python3 (found suitable version "3.10.12", minimum required is "3.6") 
-- Found python_cmake_module: 0.10.0 (/opt/ros/humble/share/python_cmake_module/cmake)
-- Found PythonLibs: /usr/lib/x86_64-linux-gnu/libpython3.10.so (found suitable version "3.10.12", minimum required is "3.5") 
-- Using PYTHON_EXECUTABLE: /usr/bin/python3
-- Using PYTHON_INCLUDE_DIRS: /usr/include/python3.10
-- Using PYTHON_LIBRARIES: /usr/lib/x86_64-linux-gnu/libpython3.10.so
-- Found PythonExtra: .so  
-- Configuring done
-- Generating done
-- Build files have been written to: /home/jinhan/mid_mobiity/build/midterm_msgs
[  1%] [34m[1mGenerating C code for ROS interfaces[0m
[  2%] [34m[1mGenerating C++ code for ROS interfaces[0m
[  2%] Built target ament_cmake_python_copy_midterm_msgs
running egg_info
creating midterm_msgs.egg-info
writing midterm_msgs.egg-info/PKG-INFO
writing dependency_links to midterm_msgs.egg-info/dependency_links.txt
writing top-level names to midterm_msgs.egg-info/top_level.txt
writing manifest file 'midterm_msgs.egg-info/SOURCES.txt'
reading manifest file 'midterm_msgs.egg-info/SOURCES.txt'
writing manifest file 'midterm_msgs.egg-info/SOURCES.txt'
[  2%] Built target ament_cmake_python_build_midterm_msgs_egg
[  2%] Built target midterm_msgs__cpp
[  4%] [34m[1mGenerating C++ introspection for ROS interfaces[0m
[  5%] [34m[1mGenerating C++ type support dispatch for ROS interfaces[0m
[  7%] [34m[1mGenerating C++ type support for eProsima Fast-RTPS[0m
[  8%] [32mBuilding C object CMakeFiles/midterm_msgs__rosidl_generator_c.dir/rosidl_generator_c/midterm_msgs/msg/detail/control__functions.c.o[0m
[  9%] [32mBuilding C object CMakeFiles/midterm_msgs__rosidl_generator_c.dir/rosidl_generator_c/midterm_msgs/msg/detail/simple_gps__functions.c.o[0m
[ 11%] [32mBuilding C object CMakeFiles/midterm_msgs__rosidl_generator_c.dir/rosidl_generator_c/midterm_msgs/msg/detail/wall_list__functions.c.o[0m
[ 12%] [32mBuilding C object CMakeFiles/midterm_msgs__rosidl_generator_c.dir/rosidl_generator_c/midterm_msgs/msg/detail/wall__functions.c.o[0m
[ 14%] [32mBuilding C object CMakeFiles/midterm_msgs__rosidl_generator_c.dir/rosidl_generator_c/midterm_msgs/msg/detail/goal__functions.c.o[0m
[ 15%] [32mBuilding C object CMakeFiles/midterm_msgs__rosidl_generator_c.dir/rosidl_generator_c/midterm_msgs/msg/detail/simple_lidar__functions.c.o[0m
[ 16%] [32m[1mLinking C shared library libmidterm_msgs__rosidl_generator_c.so[0m
[ 16%] Built target midterm_msgs__rosidl_generator_c
[ 18%] [34m[1mGenerating C type support dispatch for ROS interfaces[0m
[ 21%] [34m[1mGenerating C introspection for ROS interfaces[0m
[ 21%] [34m[1mGenerating C type support for eProsima Fast-RTPS[0m
[ 26%] [32mBuilding CXX object CMakeFiles/midterm_msgs__rosidl_typesupport_cpp.dir/rosidl_typesupport_cpp/midterm_msgs/msg/control__type_support.cpp.o[0m
[ 26%] [32mBuilding CXX object CMakeFiles/midterm_msgs__rosidl_typesupport_cpp.dir/rosidl_typesupport_cpp/midterm_msgs/msg/simple_gps__type_support.cpp.o[0m
[ 26%] [32mBuilding CXX object CMakeFiles/midterm_msgs__rosidl_typesupport_cpp.dir/rosidl_typesupport_cpp/midterm_msgs/msg/simple_lidar__type_support.cpp.o[0m
[ 26%] [32mBuilding CXX object CMakeFiles/midterm_msgs__rosidl_typesupport_cpp.dir/rosidl_typesupport_cpp/midterm_msgs/msg/goal__type_support.cpp.o[0m
[ 28%] [32mBuilding CXX object CMakeFiles/midterm_msgs__rosidl_typesupport_cpp.dir/rosidl_typesupport_cpp/midterm_msgs/msg/wall__type_support.cpp.o[0m
[ 29%] [32mBuilding CXX object CMakeFiles/midterm_msgs__rosidl_typesupport_cpp.dir/rosidl_typesupport_cpp/midterm_msgs/msg/wall_list__type_support.cpp.o[0m
[ 30%] [32mBuilding CXX object CMakeFiles/midterm_msgs__rosidl_typesupport_introspection_cpp.dir/rosidl_typesupport_introspection_cpp/midterm_msgs/msg/detail/wall__type_support.cpp.o[0m
[ 32%] [32mBuilding CXX object CMakeFiles/midterm_msgs__rosidl_typesupport_introspection_cpp.dir/rosidl_typesupport_introspection_cpp/midterm_msgs/msg/detail/goal__type_support.cpp.o[0m
[ 33%] [32mBuilding CXX object CMakeFiles/midterm_msgs__rosidl_typesupport_fastrtps_cpp.dir/rosidl_typesupport_fastrtps_cpp/midterm_msgs/msg/detail/dds_fastrtps/wall__type_support.cpp.o[0m
[ 35%] [32mBuilding CXX object CMakeFiles/midterm_msgs__rosidl_typesupport_c.dir/rosidl_typesupport_c/midterm_msgs/msg/wall__type_support.cpp.o[0m
[ 36%] [32mBuilding CXX object CMakeFiles/midterm_msgs__rosidl_typesupport_c.dir/rosidl_typesupport_c/midterm_msgs/msg/goal__type_support.cpp.o[0m
[ 38%] [32mBuilding CXX object CMakeFiles/midterm_msgs__rosidl_typesupport_introspection_cpp.dir/rosidl_typesupport_introspection_cpp/midterm_msgs/msg/detail/simple_gps__type_support.cpp.o[0m
[ 39%] [32mBuilding CXX object CMakeFiles/midterm_msgs__rosidl_typesupport_introspection_cpp.dir/rosidl_typesupport_introspection_cpp/midterm_msgs/msg/detail/simple_lidar__type_support.cpp.o[0m
[ 40%] [32mBuilding CXX object CMakeFiles/midterm_msgs__rosidl_typesupport_fastrtps_cpp.dir/rosidl_typesupport_fastrtps_cpp/midterm_msgs/msg/detail/dds_fastrtps/goal__type_support.cpp.o[0m
[ 42%] [32mBuilding CXX object CMakeFiles/midterm_msgs__rosidl_typesupport_introspection_cpp.dir/rosidl_typesupport_introspection_cpp/midterm_msgs/msg/detail/wall_list__type_support.cpp.o[0m
[ 43%] [32mBuilding CXX object CMakeFiles/midterm_msgs__rosidl_typesupport_c.dir/rosidl_typesupport_c/midterm_msgs/msg/simple_gps__type_support.cpp.o[0m
[ 46%] [32mBuilding CXX object CMakeFiles/midterm_msgs__rosidl_typesupport_c.dir/rosidl_typesupport_c/midterm_msgs/msg/simple_lidar__type_support.cpp.o[0m
[ 46%] [32mBuilding CXX object CMakeFiles/midterm_msgs__rosidl_typesupport_introspection_cpp.dir/rosidl_typesupport_introspection_cpp/midterm_msgs/msg/detail/control__type_support.cpp.o[0m
[ 47%] [32m[1mLinking CXX shared library libmidterm_msgs__rosidl_typesupport_cpp.so[0m
[ 49%] [32mBuilding CXX object CMakeFiles/midterm_msgs__rosidl_typesupport_c.dir/rosidl_typesupport_c/midterm_msgs/msg/wall_list__type_support.cpp.o[0m
[ 50%] [32mBuilding CXX object CMakeFiles/midterm_msgs__rosidl_typesupport_c.dir/rosidl_typesupport_c/midterm_msgs/msg/control__type_support.cpp.o[0m
[ 52%] [32mBuilding C object CMakeFiles/midterm_msgs__rosidl_typesupport_introspection_c.dir/rosidl_typesupport_introspection_c/midterm_msgs/msg/detail/wall__type_support.c.o[0m
[ 52%] Built target midterm_msgs__rosidl_typesupport_cpp
[ 53%] [32mBuilding C object CMakeFiles/midterm_msgs__rosidl_typesupport_introspection_c.dir/rosidl_typesupport_introspection_c/midterm_msgs/msg/detail/goal__type_support.c.o[0m
[ 54%] [32m[1mLinking CXX shared library libmidterm_msgs__rosidl_typesupport_c.so[0m
[ 56%] [32mBuilding C object CMakeFiles/midterm_msgs__rosidl_typesupport_introspection_c.dir/rosidl_typesupport_introspection_c/midterm_msgs/msg/detail/simple_gps__type_support.c.o[0m
[ 57%] [32mBuilding C object CMakeFiles/midterm_msgs__rosidl_typesupport_introspection_c.dir/rosidl_typesupport_introspection_c/midterm_msgs/msg/detail/simple_lidar__type_support.c.o[0m
[ 59%] [32mBuilding C object CMakeFiles/midterm_msgs__rosidl_typesupport_introspection_c.dir/rosidl_typesupport_introspection_c/midterm_msgs/msg/detail/wall_list__type_support.c.o[0m
[ 60%] [32mBuilding CXX object CMakeFiles/midterm_msgs__rosidl_typesupport_fastrtps_c.dir/rosidl_typesupport_fastrtps_c/midterm_msgs/msg/detail/wall__type_support_c.cpp.o[0m
[ 60%] Built target midterm_msgs__rosidl_typesupport_c
[ 61%] [32mBuilding CXX object CMakeFiles/midterm_msgs__rosidl_typesupport_fastrtps_cpp.dir/rosidl_typesupport_fastrtps_cpp/midterm_msgs/msg/detail/dds_fastrtps/simple_gps__type_support.cpp.o[0m
[ 63%] [32mBuilding CXX object CMakeFiles/midterm_msgs__rosidl_typesupport_fastrtps_c.dir/rosidl_typesupport_fastrtps_c/midterm_msgs/msg/detail/goal__type_support_c.cpp.o[0m
[ 64%] [32mBuilding C object CMakeFiles/midterm_msgs__rosidl_typesupport_introspection_c.dir/rosidl_typesupport_introspection_c/midterm_msgs/msg/detail/control__type_support.c.o[0m
[ 66%] [32mBuilding CXX object CMakeFiles/midterm_msgs__rosidl_typesupport_fastrtps_c.dir/rosidl_typesupport_fastrtps_c/midterm_msgs/msg/detail/simple_gps__type_support_c.cpp.o[0m
[ 67%] [32m[1mLinking C shared library libmidterm_msgs__rosidl_typesupport_introspection_c.so[0m
[ 69%] [32mBuilding CXX object CMakeFiles/midterm_msgs__rosidl_typesupport_fastrtps_c.dir/rosidl_typesupport_fastrtps_c/midterm_msgs/msg/detail/simple_lidar__type_support_c.cpp.o[0m
[ 70%] [32mBuilding CXX object CMakeFiles/midterm_msgs__rosidl_typesupport_fastrtps_cpp.dir/rosidl_typesupport_fastrtps_cpp/midterm_msgs/msg/detail/dds_fastrtps/simple_lidar__type_support.cpp.o[0m
[ 70%] Built target midterm_msgs__rosidl_typesupport_introspection_c
[ 71%] [32mBuilding CXX object CMakeFiles/midterm_msgs__rosidl_typesupport_fastrtps_c.dir/rosidl_typesupport_fastrtps_c/midterm_msgs/msg/detail/wall_list__type_support_c.cpp.o[0m
[ 73%] [32mBuilding CXX object CMakeFiles/midterm_msgs__rosidl_typesupport_fastrtps_cpp.dir/rosidl_typesupport_fastrtps_cpp/midterm_msgs/msg/detail/dds_fastrtps/wall_list__type_support.cpp.o[0m
[ 74%] [32mBuilding CXX object CMakeFiles/midterm_msgs__rosidl_typesupport_fastrtps_c.dir/rosidl_typesupport_fastrtps_c/midterm_msgs/msg/detail/control__type_support_c.cpp.o[0m
[ 76%] [32mBuilding CXX object CMakeFiles/midterm_msgs__rosidl_typesupport_fastrtps_cpp.dir/rosidl_typesupport_fastrtps_cpp/midterm_msgs/msg/detail/dds_fastrtps/control__type_support.cpp.o[0m
[ 77%] [32m[1mLinking CXX shared library libmidterm_msgs__rosidl_typesupport_introspection_cpp.so[0m
[ 77%] Built target midterm_msgs__rosidl_typesupport_introspection_cpp
[ 78%] [32m[1mLinking CXX shared library libmidterm_msgs__rosidl_typesupport_fastrtps_c.so[0m
[ 78%] Built target midterm_msgs__rosidl_typesupport_fastrtps_c
[ 80%] [32m[1mLinking CXX shared library libmidterm_msgs__rosidl_typesupport_fastrtps_cpp.so[0m
[ 80%] Built target midterm_msgs__rosidl_typesupport_fastrtps_cpp
[ 80%] Built target midterm_msgs
[ 81%] [34m[1mGenerating Python code for ROS interfaces[0m
[ 81%] Built target midterm_msgs__py
[ 83%] [32mBuilding C object CMakeFiles/midterm_msgs__rosidl_generator_py.dir/rosidl_generator_py/midterm_msgs/msg/_simple_lidar_s.c.o[0m
[ 85%] [32mBuilding C object CMakeFiles/midterm_msgs__rosidl_generator_py.dir/rosidl_generator_py/midterm_msgs/msg/_wall_list_s.c.o[0m
[ 85%] [32mBuilding C object CMakeFiles/midterm_msgs__rosidl_generator_py.dir/rosidl_generator_py/midterm_msgs/msg/_control_s.c.o[0m
[ 87%] [32mBuilding C object CMakeFiles/midterm_msgs__rosidl_generator_py.dir/rosidl_generator_py/midterm_msgs/msg/_wall_s.c.o[0m
[ 90%] [32mBuilding C object CMakeFiles/midterm_msgs__rosidl_generator_py.dir/rosidl_generator_py/midterm_msgs/msg/_simple_gps_s.c.o[0m
[ 90%] [32mBuilding C object CMakeFiles/midterm_msgs__rosidl_generator_py.dir/rosidl_generator_py/midterm_msgs/msg/_goal_s.c.o[0m
[ 91%] [32m[1mLinking C shared library rosidl_generator_py/midterm_msgs/libmidterm_msgs__rosidl_generator_py.so[0m
[ 91%] Built target midterm_msgs__rosidl_generator_py
[ 94%] [32mBuilding C object CMakeFiles/midterm_msgs__rosidl_typesupport_introspection_c__pyext.dir/rosidl_generator_py/midterm_msgs/_midterm_msgs_s.ep.rosidl_typesupport_introspection_c.c.o[0m
[ 94%] [32mBuilding C object CMakeFiles/midterm_msgs__rosidl_typesupport_c__pyext.dir/rosidl_generator_py/midterm_msgs/_midterm_msgs_s.ep.rosidl_typesupport_c.c.o[0m
[ 95%] [32mBuilding C object CMakeFiles/midterm_msgs__rosidl_typesupport_fastrtps_c__pyext.dir/rosidl_generator_py/midterm_msgs/_midterm_msgs_s.ep.rosidl_typesupport_fastrtps_c.c.o[0m
[ 97%] [32m[1mLinking C shared library rosidl_generator_py/midterm_msgs/midterm_msgs_s__rosidl_typesupport_introspection_c.cpython-310-x86_64-linux-gnu.so[0m
[ 98%] [32m[1mLinking C shared library rosidl_generator_py/midterm_msgs/midterm_msgs_s__rosidl_typesupport_fastrtps_c.cpython-310-x86_64-linux-gnu.so[0m
[100%] [32m[1mLinking C shared library rosidl_generator_py/midterm_msgs/midterm_msgs_s__rosidl_typesupport_c.cpython-310-x86_64-linux-gnu.so[0m
[100%] Built target midterm_msgs__rosidl_typesupport_introspection_c__pyext
[100%] Built target midterm_msgs__rosidl_typesupport_fastrtps_c__pyext
[100%] Built target midterm_msgs__rosidl_typesupport_c__pyext
-- Install configuration: ""
-- Installing: /home/jinhan/mid_mobiity/install/midterm_msgs/share/ament_index/resource_index/rosidl_interfaces/midterm_msgs
-- Installing: /home/jinhan/mid_mobiity/install/midterm_msgs/include/midterm_msgs/midterm_msgs
-- Installing: /home/jinhan/mid_mobiity/install/midterm_msgs/include/midterm_msgs/midterm_msgs/msg
-- Installing: /home/jinhan/mid_mobiity/install/midterm_msgs/include/midterm_msgs/midterm_msgs/msg/simple_lidar.h
-- Installing: /home/jinhan/mid_mobiity/install/midterm_msgs/include/midterm_msgs/midterm_msgs/msg/control.h
-- Installing: /home/jinhan/mid_mobiity/install/midterm_msgs/include/midterm_msgs/midterm_msgs/msg/detail
-- Installing: /home/jinhan/mid_mobiity/install/midterm_msgs/include/midterm_msgs/midterm_msgs/msg/detail/simple_gps__struct.h
-- Installing: /home/jinhan/mid_mobiity/install/midterm_msgs/include/midterm_msgs/midterm_msgs/msg/detail/simple_lidar__functions.h
-- Installing: /home/jinhan/mid_mobiity/install/midterm_msgs/include/midterm_msgs/midterm_msgs/msg/detail/wall__functions.c
-- Installing: /home/jinhan/mid_mobiity/install/midterm_msgs/include/midterm_msgs/midterm_msgs/msg/detail/wall_list__type_support.h
-- Installing: /home/jinhan/mid_mobiity/install/midterm_msgs/include/midterm_msgs/midterm_msgs/msg/detail/control__type_support.h
-- Installing: /home/jinhan/mid_mobiity/install/midterm_msgs/include/midterm_msgs/midterm_msgs/msg/detail/control__struct.h
-- Installing: /home/jinhan/mid_mobiity/install/midterm_msgs/include/midterm_msgs/midterm_msgs/msg/detail/wall__struct.h
-- Installing: /home/jinhan/mid_mobiity/install/midterm_msgs/include/midterm_msgs/midterm_msgs/msg/detail/wall__type_support.h
-- Installing: /home/jinhan/mid_mobiity/install/midterm_msgs/include/midterm_msgs/midterm_msgs/msg/detail/wall_list__functions.c
-- Installing: /home/jinhan/mid_mobiity/install/midterm_msgs/include/midterm_msgs/midterm_msgs/msg/detail/control__functions.c
-- Installing: /home/jinhan/mid_mobiity/install/midterm_msgs/include/midterm_msgs/midterm_msgs/msg/detail/simple_gps__functions.h
-- Installing: /home/jinhan/mid_mobiity/install/midterm_msgs/include/midterm_msgs/midterm_msgs/msg/detail/wall_list__struct.h
-- Installing: /home/jinhan/mid_mobiity/install/midterm_msgs/include/midterm_msgs/midterm_msgs/msg/detail/goal__functions.c
-- Installing: /home/jinhan/mid_mobiity/install/midterm_msgs/include/midterm_msgs/midterm_msgs/msg/detail/simple_lidar__functions.c
-- Installing: /home/jinhan/mid_mobiity/install/midterm_msgs/include/midterm_msgs/midterm_msgs/msg/detail/simple_gps__functions.c
-- Installing: /home/jinhan/mid_mobiity/install/midterm_msgs/include/midterm_msgs/midterm_msgs/msg/detail/goal__type_support.h
-- Installing: /home/jinhan/mid_mobiity/install/midterm_msgs/include/midterm_msgs/midterm_msgs/msg/detail/goal__functions.h
-- Installing: /home/jinhan/mid_mobiity/install/midterm_msgs/include/midterm_msgs/midterm_msgs/msg/detail/wall_list__functions.h
-- Installing: /home/jinhan/mid_mobiity/install/midterm_msgs/include/midterm_msgs/midterm_msgs/msg/detail/simple_lidar__struct.h
-- Installing: /home/jinhan/mid_mobiity/install/midterm_msgs/include/midterm_msgs/midterm_msgs/msg/detail/goal__struct.h
-- Installing: /home/jinhan/mid_mobiity/install/midterm_msgs/include/midterm_msgs/midterm_msgs/msg/detail/simple_lidar__type_support.h
-- Installing: /home/jinhan/mid_mobiity/install/midterm_msgs/include/midterm_msgs/midterm_msgs/msg/detail/control__functions.h
-- Installing: /home/jinhan/mid_mobiity/install/midterm_msgs/include/midterm_msgs/midterm_msgs/msg/detail/wall__functions.h
-- Installing: /home/jinhan/mid_mobiity/install/midterm_msgs/include/midterm_msgs/midterm_msgs/msg/detail/simple_gps__type_support.h
-- Installing: /home/jinhan/mid_mobiity/install/midterm_msgs/include/midterm_msgs/midterm_msgs/msg/wall.h
-- Installing: /home/jinhan/mid_mobiity/install/midterm_msgs/include/midterm_msgs/midterm_msgs/msg/wall_list.h
-- Installing: /home/jinhan/mid_mobiity/install/midterm_msgs/include/midterm_msgs/midterm_msgs/msg/simple_gps.h
-- Installing: /home/jinhan/mid_mobiity/install/midterm_msgs/include/midterm_msgs/midterm_msgs/msg/goal.h
-- Installing: /home/jinhan/mid_mobiity/install/midterm_msgs/include/midterm_msgs/midterm_msgs/msg/rosidl_generator_c__visibility_control.h
-- Installing: /home/jinhan/mid_mobiity/install/midterm_msgs/share/midterm_msgs/environment/library_path.sh
-- Installing: /home/jinhan/mid_mobiity/install/midterm_msgs/share/midterm_msgs/environment/library_path.dsv
-- Installing: /home/jinhan/mid_mobiity/install/midterm_msgs/lib/libmidterm_msgs__rosidl_generator_c.so
-- Set runtime path of "/home/jinhan/mid_mobiity/install/midterm_msgs/lib/libmidterm_msgs__rosidl_generator_c.so" to ""
-- Up-to-date: /home/jinhan/mid_mobiity/install/midterm_msgs/include/midterm_msgs/midterm_msgs
-- Up-to-date: /home/jinhan/mid_mobiity/install/midterm_msgs/include/midterm_msgs/midterm_msgs/msg
-- Up-to-date: /home/jinhan/mid_mobiity/install/midterm_msgs/include/midterm_msgs/midterm_msgs/msg/detail
-- Installing: /home/jinhan/mid_mobiity/install/midterm_msgs/include/midterm_msgs/midterm_msgs/msg/detail/goal__rosidl_typesupport_fastrtps_c.h
-- Installing: /home/jinhan/mid_mobiity/install/midterm_msgs/include/midterm_msgs/midterm_msgs/msg/detail/control__rosidl_typesupport_fastrtps_c.h
-- Installing: /home/jinhan/mid_mobiity/install/midterm_msgs/include/midterm_msgs/midterm_msgs/msg/detail/simple_lidar__rosidl_typesupport_fastrtps_c.h
-- Installing: /home/jinhan/mid_mobiity/install/midterm_msgs/include/midterm_msgs/midterm_msgs/msg/detail/simple_gps__rosidl_typesupport_fastrtps_c.h
-- Installing: /home/jinhan/mid_mobiity/install/midterm_msgs/include/midterm_msgs/midterm_msgs/msg/detail/wall_list__rosidl_typesupport_fastrtps_c.h
-- Installing: /home/jinhan/mid_mobiity/install/midterm_msgs/include/midterm_msgs/midterm_msgs/msg/detail/wall__rosidl_typesupport_fastrtps_c.h
-- Installing: /home/jinhan/mid_mobiity/install/midterm_msgs/include/midterm_msgs/midterm_msgs/msg/rosidl_typesupport_fastrtps_c__visibility_control.h
-- Installing: /home/jinhan/mid_mobiity/install/midterm_msgs/lib/libmidterm_msgs__rosidl_typesupport_fastrtps_c.so
-- Set runtime path of "/home/jinhan/mid_mobiity/install/midterm_msgs/lib/libmidterm_msgs__rosidl_typesupport_fastrtps_c.so" to ""
-- Up-to-date: /home/jinhan/mid_mobiity/install/midterm_msgs/include/midterm_msgs/midterm_msgs
-- Up-to-date: /home/jinhan/mid_mobiity/install/midterm_msgs/include/midterm_msgs/midterm_msgs/msg
-- Installing: /home/jinhan/mid_mobiity/install/midterm_msgs/include/midterm_msgs/midterm_msgs/msg/simple_gps.hpp
-- Up-to-date: /home/jinhan/mid_mobiity/install/midterm_msgs/include/midterm_msgs/midterm_msgs/msg/detail
-- Installing: /home/jinhan/mid_mobiity/install/midterm_msgs/include/midterm_msgs/midterm_msgs/msg/detail/simple_lidar__traits.hpp
-- Installing: /home/jinhan/mid_mobiity/install/midterm_msgs/include/midterm_msgs/midterm_msgs/msg/detail/wall__builder.hpp
-- Installing: /home/jinhan/mid_mobiity/install/midterm_msgs/include/midterm_msgs/midterm_msgs/msg/detail/goal__builder.hpp
-- Installing: /home/jinhan/mid_mobiity/install/midterm_msgs/include/midterm_msgs/midterm_msgs/msg/detail/simple_lidar__type_support.hpp
-- Installing: /home/jinhan/mid_mobiity/install/midterm_msgs/include/midterm_msgs/midterm_msgs/msg/detail/wall_list__struct.hpp
-- Installing: /home/jinhan/mid_mobiity/install/midterm_msgs/include/midterm_msgs/midterm_msgs/msg/detail/goal__traits.hpp
-- Installing: /home/jinhan/mid_mobiity/install/midterm_msgs/include/midterm_msgs/midterm_msgs/msg/detail/simple_lidar__builder.hpp
-- Installing: /home/jinhan/mid_mobiity/install/midterm_msgs/include/midterm_msgs/midterm_msgs/msg/detail/goal__type_support.hpp
-- Installing: /home/jinhan/mid_mobiity/install/midterm_msgs/include/midterm_msgs/midterm_msgs/msg/detail/wall__struct.hpp
-- Installing: /home/jinhan/mid_mobiity/install/midterm_msgs/include/midterm_msgs/midterm_msgs/msg/detail/simple_gps__struct.hpp
-- Installing: /home/jinhan/mid_mobiity/install/midterm_msgs/include/midterm_msgs/midterm_msgs/msg/detail/wall_list__traits.hpp
-- Installing: /home/jinhan/mid_mobiity/install/midterm_msgs/include/midterm_msgs/midterm_msgs/msg/detail/simple_gps__type_support.hpp
-- Installing: /home/jinhan/mid_mobiity/install/midterm_msgs/include/midterm_msgs/midterm_msgs/msg/detail/wall__type_support.hpp
-- Installing: /home/jinhan/mid_mobiity/install/midterm_msgs/include/midterm_msgs/midterm_msgs/msg/detail/control__builder.hpp
-- Installing: /home/jinhan/mid_mobiity/install/midterm_msgs/include/midterm_msgs/midterm_msgs/msg/detail/simple_lidar__struct.hpp
-- Installing: /home/jinhan/mid_mobiity/install/midterm_msgs/include/midterm_msgs/midterm_msgs/msg/detail/control__traits.hpp
-- Installing: /home/jinhan/mid_mobiity/install/midterm_msgs/include/midterm_msgs/midterm_msgs/msg/detail/wall_list__type_support.hpp
-- Installing: /home/jinhan/mid_mobiity/install/midterm_msgs/include/midterm_msgs/midterm_msgs/msg/detail/wall_list__builder.hpp
-- Installing: /home/jinhan/mid_mobiity/install/midterm_msgs/include/midterm_msgs/midterm_msgs/msg/detail/simple_gps__builder.hpp
-- Installing: /home/jinhan/mid_mobiity/install/midterm_msgs/include/midterm_msgs/midterm_msgs/msg/detail/goal__struct.hpp
-- Installing: /home/jinhan/mid_mobiity/install/midterm_msgs/include/midterm_msgs/midterm_msgs/msg/detail/control__struct.hpp
-- Installing: /home/jinhan/mid_mobiity/install/midterm_msgs/include/midterm_msgs/midterm_msgs/msg/detail/control__type_support.hpp
-- Installing: /home/jinhan/mid_mobiity/install/midterm_msgs/include/midterm_msgs/midterm_msgs/msg/detail/wall__traits.hpp
-- Installing: /home/jinhan/mid_mobiity/install/midterm_msgs/include/midterm_msgs/midterm_msgs/msg/detail/simple_gps__traits.hpp
-- Installing: /home/jinhan/mid_mobiity/install/midterm_msgs/include/midterm_msgs/midterm_msgs/msg/wall_list.hpp
-- Installing: /home/jinhan/mid_mobiity/install/midterm_msgs/include/midterm_msgs/midterm_msgs/msg/simple_lidar.hpp
-- Installing: /home/jinhan/mid_mobiity/install/midterm_msgs/include/midterm_msgs/midterm_msgs/msg/rosidl_generator_cpp__visibility_control.hpp
-- Installing: /home/jinhan/mid_mobiity/install/midterm_msgs/include/midterm_msgs/midterm_msgs/msg/control.hpp
-- Installing: /home/jinhan/mid_mobiity/install/midterm_msgs/include/midterm_msgs/midterm_msgs/msg/wall.hpp
-- Installing: /home/jinhan/mid_mobiity/install/midterm_msgs/include/midterm_msgs/midterm_msgs/msg/goal.hpp
-- Up-to-date: /home/jinhan/mid_mobiity/install/midterm_msgs/include/midterm_msgs/midterm_msgs
-- Up-to-date: /home/jinhan/mid_mobiity/install/midterm_msgs/include/midterm_msgs/midterm_msgs/msg
-- Installing: /home/jinhan/mid_mobiity/install/midterm_msgs/include/midterm_msgs/midterm_msgs/msg/rosidl_typesupport_fastrtps_cpp__visibility_control.h
-- Up-to-date: /home/jinhan/mid_mobiity/install/midterm_msgs/include/midterm_msgs/midterm_msgs/msg/detail
-- Installing: /home/jinhan/mid_mobiity/install/midterm_msgs/include/midterm_msgs/midterm_msgs/msg/detail/control__rosidl_typesupport_fastrtps_cpp.hpp
-- Installing: /home/jinhan/mid_mobiity/install/midterm_msgs/include/midterm_msgs/midterm_msgs/msg/detail/wall__rosidl_typesupport_fastrtps_cpp.hpp
-- Installing: /home/jinhan/mid_mobiity/install/midterm_msgs/include/midterm_msgs/midterm_msgs/msg/detail/dds_fastrtps
-- Installing: /home/jinhan/mid_mobiity/install/midterm_msgs/include/midterm_msgs/midterm_msgs/msg/detail/wall_list__rosidl_typesupport_fastrtps_cpp.hpp
-- Installing: /home/jinhan/mid_mobiity/install/midterm_msgs/include/midterm_msgs/midterm_msgs/msg/detail/goal__rosidl_typesupport_fastrtps_cpp.hpp
-- Installing: /home/jinhan/mid_mobiity/install/midterm_msgs/include/midterm_msgs/midterm_msgs/msg/detail/simple_lidar__rosidl_typesupport_fastrtps_cpp.hpp
-- Installing: /home/jinhan/mid_mobiity/install/midterm_msgs/include/midterm_msgs/midterm_msgs/msg/detail/simple_gps__rosidl_typesupport_fastrtps_cpp.hpp
-- Installing: /home/jinhan/mid_mobiity/install/midterm_msgs/lib/libmidterm_msgs__rosidl_typesupport_fastrtps_cpp.so
-- Set runtime path of "/home/jinhan/mid_mobiity/install/midterm_msgs/lib/libmidterm_msgs__rosidl_typesupport_fastrtps_cpp.so" to ""
-- Up-to-date: /home/jinhan/mid_mobiity/install/midterm_msgs/include/midterm_msgs/midterm_msgs
-- Up-to-date: /home/jinhan/mid_mobiity/install/midterm_msgs/include/midterm_msgs/midterm_msgs/msg
-- Up-to-date: /home/jinhan/mid_mobiity/install/midterm_msgs/include/midterm_msgs/midterm_msgs/msg/detail
-- Installing: /home/jinhan/mid_mobiity/install/midterm_msgs/include/midterm_msgs/midterm_msgs/msg/detail/simple_lidar__type_support.c
-- Installing: /home/jinhan/mid_mobiity/install/midterm_msgs/include/midterm_msgs/midterm_msgs/msg/detail/wall__type_support.c
-- Installing: /home/jinhan/mid_mobiity/install/midterm_msgs/include/midterm_msgs/midterm_msgs/msg/detail/wall_list__rosidl_typesupport_introspection_c.h
-- Installing: /home/jinhan/mid_mobiity/install/midterm_msgs/include/midterm_msgs/midterm_msgs/msg/detail/control__type_support.c
-- Installing: /home/jinhan/mid_mobiity/install/midterm_msgs/include/midterm_msgs/midterm_msgs/msg/detail/simple_gps__rosidl_typesupport_introspection_c.h
-- Installing: /home/jinhan/mid_mobiity/install/midterm_msgs/include/midterm_msgs/midterm_msgs/msg/detail/wall_list__type_support.c
-- Installing: /home/jinhan/mid_mobiity/install/midterm_msgs/include/midterm_msgs/midterm_msgs/msg/detail/goal__type_support.c
-- Installing: /home/jinhan/mid_mobiity/install/midterm_msgs/include/midterm_msgs/midterm_msgs/msg/detail/wall__rosidl_typesupport_introspection_c.h
-- Installing: /home/jinhan/mid_mobiity/install/midterm_msgs/include/midterm_msgs/midterm_msgs/msg/detail/goal__rosidl_typesupport_introspection_c.h
-- Installing: /home/jinhan/mid_mobiity/install/midterm_msgs/include/midterm_msgs/midterm_msgs/msg/detail/simple_lidar__rosidl_typesupport_introspection_c.h
-- Installing: /home/jinhan/mid_mobiity/install/midterm_msgs/include/midterm_msgs/midterm_msgs/msg/detail/simple_gps__type_support.c
-- Installing: /home/jinhan/mid_mobiity/install/midterm_msgs/include/midterm_msgs/midterm_msgs/msg/detail/control__rosidl_typesupport_introspection_c.h
-- Installing: /home/jinhan/mid_mobiity/install/midterm_msgs/include/midterm_msgs/midterm_msgs/msg/rosidl_typesupport_introspection_c__visibility_control.h
-- Installing: /home/jinhan/mid_mobiity/install/midterm_msgs/lib/libmidterm_msgs__rosidl_typesupport_introspection_c.so
-- Set runtime path of "/home/jinhan/mid_mobiity/install/midterm_msgs/lib/libmidterm_msgs__rosidl_typesupport_introspection_c.so" to ""
-- Installing: /home/jinhan/mid_mobiity/install/midterm_msgs/lib/libmidterm_msgs__rosidl_typesupport_c.so
-- Set runtime path of "/home/jinhan/mid_mobiity/install/midterm_msgs/lib/libmidterm_msgs__rosidl_typesupport_c.so" to ""
-- Up-to-date: /home/jinhan/mid_mobiity/install/midterm_msgs/include/midterm_msgs/midterm_msgs
-- Up-to-date: /home/jinhan/mid_mobiity/install/midterm_msgs/include/midterm_msgs/midterm_msgs/msg
-- Up-to-date: /home/jinhan/mid_mobiity/install/midterm_msgs/include/midterm_msgs/midterm_msgs/msg/detail
-- Installing: /home/jinhan/mid_mobiity/install/midterm_msgs/include/midterm_msgs/midterm_msgs/msg/detail/simple_lidar__type_support.cpp
-- Installing: /home/jinhan/mid_mobiity/install/midterm_msgs/include/midterm_msgs/midterm_msgs/msg/detail/control__type_support.cpp
-- Installing: /home/jinhan/mid_mobiity/install/midterm_msgs/include/midterm_msgs/midterm_msgs/msg/detail/wall_list__rosidl_typesupport_introspection_cpp.hpp
-- Installing: /home/jinhan/mid_mobiity/install/midterm_msgs/include/midterm_msgs/midterm_msgs/msg/detail/goal__rosidl_typesupport_introspection_cpp.hpp
-- Installing: /home/jinhan/mid_mobiity/install/midterm_msgs/include/midterm_msgs/midterm_msgs/msg/detail/wall__rosidl_typesupport_introspection_cpp.hpp
-- Installing: /home/jinhan/mid_mobiity/install/midterm_msgs/include/midterm_msgs/midterm_msgs/msg/detail/simple_lidar__rosidl_typesupport_introspection_cpp.hpp
-- Installing: /home/jinhan/mid_mobiity/install/midterm_msgs/include/midterm_msgs/midterm_msgs/msg/detail/wall_list__type_support.cpp
-- Installing: /home/jinhan/mid_mobiity/install/midterm_msgs/include/midterm_msgs/midterm_msgs/msg/detail/control__rosidl_typesupport_introspection_cpp.hpp
-- Installing: /home/jinhan/mid_mobiity/install/midterm_msgs/include/midterm_msgs/midterm_msgs/msg/detail/simple_gps__type_support.cpp
-- Installing: /home/jinhan/mid_mobiity/install/midterm_msgs/include/midterm_msgs/midterm_msgs/msg/detail/simple_gps__rosidl_typesupport_introspection_cpp.hpp
-- Installing: /home/jinhan/mid_mobiity/install/midterm_msgs/include/midterm_msgs/midterm_msgs/msg/detail/wall__type_support.cpp
-- Installing: /home/jinhan/mid_mobiity/install/midterm_msgs/include/midterm_msgs/midterm_msgs/msg/detail/goal__type_support.cpp
-- Installing: /home/jinhan/mid_mobiity/install/midterm_msgs/lib/libmidterm_msgs__rosidl_typesupport_introspection_cpp.so
-- Set runtime path of "/home/jinhan/mid_mobiity/install/midterm_msgs/lib/libmidterm_msgs__rosidl_typesupport_introspection_cpp.so" to ""
-- Installing: /home/jinhan/mid_mobiity/install/midterm_msgs/lib/libmidterm_msgs__rosidl_typesupport_cpp.so
-- Set runtime path of "/home/jinhan/mid_mobiity/install/midterm_msgs/lib/libmidterm_msgs__rosidl_typesupport_cpp.so" to ""
-- Installing: /home/jinhan/mid_mobiity/install/midterm_msgs/share/midterm_msgs/environment/pythonpath.sh
-- Installing: /home/jinhan/mid_mobiity/install/midterm_msgs/share/midterm_msgs/environment/pythonpath.dsv
-- Installing: /home/jinhan/mid_mobiity/install/midterm_msgs/local/lib/python3.10/dist-packages/midterm_msgs-0.0.0-py3.10.egg-info
-- Installing: /home/jinhan/mid_mobiity/install/midterm_msgs/local/lib/python3.10/dist-packages/midterm_msgs-0.0.0-py3.10.egg-info/SOURCES.txt
-- Installing: /home/jinhan/mid_mobiity/install/midterm_msgs/local/lib/python3.10/dist-packages/midterm_msgs-0.0.0-py3.10.egg-info/top_level.txt
-- Installing: /home/jinhan/mid_mobiity/install/midterm_msgs/local/lib/python3.10/dist-packages/midterm_msgs-0.0.0-py3.10.egg-info/PKG-INFO
-- Installing: /home/jinhan/mid_mobiity/install/midterm_msgs/local/lib/python3.10/dist-packages/midterm_msgs-0.0.0-py3.10.egg-info/dependency_links.txt
-- Installing: /home/jinhan/mid_mobiity/install/midterm_msgs/local/lib/python3.10/dist-packages/midterm_msgs
-- Installing: /home/jinhan/mid_mobiity/install/midterm_msgs/local/lib/python3.10/dist-packages/midterm_msgs/midterm_msgs_s__rosidl_typesupport_fastrtps_c.cpython-310-x86_64-linux-gnu.so
-- Installing: /home/jinhan/mid_mobiity/install/midterm_msgs/local/lib/python3.10/dist-packages/midterm_msgs/libmidterm_msgs__rosidl_generator_py.so
-- Installing: /home/jinhan/mid_mobiity/install/midterm_msgs/local/lib/python3.10/dist-packages/midterm_msgs/_midterm_msgs_s.ep.rosidl_typesupport_c.c
-- Installing: /home/jinhan/mid_mobiity/install/midterm_msgs/local/lib/python3.10/dist-packages/midterm_msgs/midterm_msgs_s__rosidl_typesupport_introspection_c.cpython-310-x86_64-linux-gnu.so
-- Installing: /home/jinhan/mid_mobiity/install/midterm_msgs/local/lib/python3.10/dist-packages/midterm_msgs/midterm_msgs_s__rosidl_typesupport_c.cpython-310-x86_64-linux-gnu.so
-- Installing: /home/jinhan/mid_mobiity/install/midterm_msgs/local/lib/python3.10/dist-packages/midterm_msgs/msg
-- Installing: /home/jinhan/mid_mobiity/install/midterm_msgs/local/lib/python3.10/dist-packages/midterm_msgs/msg/_simple_lidar.py
-- Installing: /home/jinhan/mid_mobiity/install/midterm_msgs/local/lib/python3.10/dist-packages/midterm_msgs/msg/_simple_gps.py
-- Installing: /home/jinhan/mid_mobiity/install/midterm_msgs/local/lib/python3.10/dist-packages/midterm_msgs/msg/_simple_lidar_s.c
-- Installing: /home/jinhan/mid_mobiity/install/midterm_msgs/local/lib/python3.10/dist-packages/midterm_msgs/msg/_goal_s.c
-- Installing: /home/jinhan/mid_mobiity/install/midterm_msgs/local/lib/python3.10/dist-packages/midterm_msgs/msg/_wall_list.py
-- Installing: /home/jinhan/mid_mobiity/install/midterm_msgs/local/lib/python3.10/dist-packages/midterm_msgs/msg/_wall_s.c
-- Installing: /home/jinhan/mid_mobiity/install/midterm_msgs/local/lib/python3.10/dist-packages/midterm_msgs/msg/_wall_list_s.c
-- Installing: /home/jinhan/mid_mobiity/install/midterm_msgs/local/lib/python3.10/dist-packages/midterm_msgs/msg/_goal.py
-- Installing: /home/jinhan/mid_mobiity/install/midterm_msgs/local/lib/python3.10/dist-packages/midterm_msgs/msg/_wall.py
-- Installing: /home/jinhan/mid_mobiity/install/midterm_msgs/local/lib/python3.10/dist-packages/midterm_msgs/msg/__init__.py
-- Installing: /home/jinhan/mid_mobiity/install/midterm_msgs/local/lib/python3.10/dist-packages/midterm_msgs/msg/_simple_gps_s.c
-- Installing: /home/jinhan/mid_mobiity/install/midterm_msgs/local/lib/python3.10/dist-packages/midterm_msgs/msg/_control_s.c
-- Installing: /home/jinhan/mid_mobiity/install/midterm_msgs/local/lib/python3.10/dist-packages/midterm_msgs/msg/_control.py
-- Installing: /home/jinhan/mid_mobiity/install/midterm_msgs/local/lib/python3.10/dist-packages/midterm_msgs/__init__.py
-- Installing: /home/jinhan/mid_mobiity/install/midterm_msgs/local/lib/python3.10/dist-packages/midterm_msgs/_midterm_msgs_s.ep.rosidl_typesupport_introspection_c.c
-- Installing: /home/jinhan/mid_mobiity/install/midterm_msgs/local/lib/python3.10/dist-packages/midterm_msgs/_midterm_msgs_s.ep.rosidl_typesupport_fastrtps_c.c
Listing '/home/jinhan/mid_mobiity/install/midterm_msgs/local/lib/python3.10/dist-packages/midterm_msgs'...
Compiling '/home/jinhan/mid_mobiity/install/midterm_msgs/local/lib/python3.10/dist-packages/midterm_msgs/__init__.py'...
Listing '/home/jinhan/mid_mobiity/install/midterm_msgs/local/lib/python3.10/dist-packages/midterm_msgs/msg'...
Compiling '/home/jinhan/mid_mobiity/install/midterm_msgs/local/lib/python3.10/dist-packages/midterm_msgs/msg/__init__.py'...
Compiling '/home/jinhan/mid_mobiity/install/midterm_msgs/local/lib/python3.10/dist-packages/midterm_msgs/msg/_control.py'...
Compiling '/home/jinhan/mid_mobiity/install/midterm_msgs/local/lib/python3.10/dist-packages/midterm_msgs/msg/_goal.py'...
Compiling '/home/jinhan/mid_mobiity/install/midterm_msgs/local/lib/python3.10/dist-packages/midterm_msgs/msg/_simple_gps.py'...
Compiling '/home/jinhan/mid_mobiity/install/midterm_msgs/local/lib/python3.10/dist-packages/midterm_msgs/msg/_simple_lidar.py'...
Compiling '/home/jinhan/mid_mobiity/install/midterm_msgs/local/lib/python3.10/dist-packages/midterm_msgs/msg/_wall.py'...
Compiling '/home/jinhan/mid_mobiity/install/midterm_msgs/local/lib/python3.10/dist-packages/midterm_msgs/msg/_wall_list.py'...
-- Installing: /home/jinhan/mid_mobiity/install/midterm_msgs/local/lib/python3.10/dist-packages/midterm_msgs/midterm_msgs_s__rosidl_typesupport_fastrtps_c.cpython-310-x86_64-linux-gnu.so
-- Set runtime path of "/home/jinhan/mid_mobiity/install/midterm_msgs/local/lib/python3.10/dist-packages/midterm_msgs/midterm_msgs_s__rosidl_typesupport_fastrtps_c.cpython-310-x86_64-linux-gnu.so" to ""
-- Installing: /home/jinhan/mid_mobiity/install/midterm_msgs/local/lib/python3.10/dist-packages/midterm_msgs/midterm_msgs_s__rosidl_typesupport_introspection_c.cpython-310-x86_64-linux-gnu.so
-- Set runtime path of "/home/jinhan/mid_mobiity/install/midterm_msgs/local/lib/python3.10/dist-packages/midterm_msgs/midterm_msgs_s__rosidl_typesupport_introspection_c.cpython-310-x86_64-linux-gnu.so" to ""
-- Installing: /home/jinhan/mid_mobiity/install/midterm_msgs/local/lib/python3.10/dist-packages/midterm_msgs/midterm_msgs_s__rosidl_typesupport_c.cpython-310-x86_64-linux-gnu.so
-- Set runtime path of "/home/jinhan/mid_mobiity/install/midterm_msgs/local/lib/python3.10/dist-packages/midterm_msgs/midterm_msgs_s__rosidl_typesupport_c.cpython-310-x86_64-linux-gnu.so" to ""
-- Installing: /home/jinhan/mid_mobiity/install/midterm_msgs/lib/libmidterm_msgs__rosidl_generator_py.so
-- Set runtime path of "/home/jinhan/mid_mobiity/install/midterm_msgs/lib/libmidterm_msgs__rosidl_generator_py.so" to ""
-- Installing: /home/jinhan/mid_mobiity/install/midterm_msgs/share/midterm_msgs/msg/Wall.idl
-- Installing: /home/jinhan/mid_mobiity/install/midterm_msgs/share/midterm_msgs/msg/Goal.idl
-- Installing: /home/jinhan/mid_mobiity/install/midterm_msgs/share/midterm_msgs/msg/SimpleGPS.idl
-- Installing: /home/jinhan/mid_mobiity/install/midterm_msgs/share/midterm_msgs/msg/SimpleLidar.idl
-- Installing: /home/jinhan/mid_mobiity/install/midterm_msgs/share/midterm_msgs/msg/WallList.idl
-- Installing: /home/jinhan/mid_mobiity/install/midterm_msgs/share/midterm_msgs/msg/Control.idl
-- Installing: /home/jinhan/mid_mobiity/install/midterm_msgs/share/midterm_msgs/msg/Wall.msg
-- Installing: /home/jinhan/mid_mobiity/install/midterm_msgs/share/midterm_msgs/msg/Goal.msg
-- Installing: /home/jinhan/mid_mobiity/install/midterm_msgs/share/midterm_msgs/msg/SimpleGPS.msg
-- Installing: /home/jinhan/mid_mobiity/install/midterm_msgs/share/midterm_msgs/msg/SimpleLidar.msg
-- Installing: /home/jinhan/mid_mobiity/install/midterm_msgs/share/midterm_msgs/msg/WallList.msg
-- Installing: /home/jinhan/mid_mobiity/install/midterm_msgs/share/midterm_msgs/msg/Control.msg
-- Installing: /home/jinhan/mid_mobiity/install/midterm_msgs/share/ament_index/resource_index/package_run_dependencies/midterm_msgs
-- Installing: /home/jinhan/mid_mobiity/install/midterm_msgs/share/ament_index/resource_index/parent_prefix_path/midterm_msgs
-- Installing: /home/jinhan/mid_mobiity/install/midterm_msgs/share/midterm_msgs/environment/ament_prefix_path.sh
-- Installing: /home/jinhan/mid_mobiity/install/midterm_msgs/share/midterm_msgs/environment/ament_prefix_path.dsv
-- Installing: /home/jinhan/mid_mobiity/install/midterm_msgs/share/midterm_msgs/environment/path.sh
-- Installing: /home/jinhan/mid_mobiity/install/midterm_msgs/share/midterm_msgs/environment/path.dsv
-- Installing: /home/jinhan/mid_mobiity/install/midterm_msgs/share/midterm_msgs/local_setup.bash
-- Installing: /home/jinhan/mid_mobiity/install/midterm_msgs/share/midterm_msgs/local_setup.sh
-- Installing: /home/jinhan/mid_mobiity/install/midterm_msgs/share/midterm_msgs/local_setup.zsh
-- Installing: /home/jinhan/mid_mobiity/install/midterm_msgs/share/midterm_msgs/local_setup.dsv
-- Installing: /home/jinhan/mid_mobiity/install/midterm_msgs/share/midterm_msgs/package.dsv
-- Installing: /home/jinhan/mid_mobiity/install/midterm_msgs/share/ament_index/resource_index/packages/midterm_msgs
-- Installing: /home/jinhan/mid_mobiity/install/midterm_msgs/share/midterm_msgs/cmake/export_midterm_msgs__rosidl_generator_cExport.cmake
-- Installing: /home/jinhan/mid_mobiity/install/midterm_msgs/share/midterm_msgs/cmake/export_midterm_msgs__rosidl_generator_cExport-noconfig.cmake
-- Installing: /home/jinhan/mid_mobiity/install/midterm_msgs/share/midterm_msgs/cmake/export_midterm_msgs__rosidl_typesupport_fastrtps_cExport.cmake
-- Installing: /home/jinhan/mid_mobiity/install/midterm_msgs/share/midterm_msgs/cmake/export_midterm_msgs__rosidl_typesupport_fastrtps_cExport-noconfig.cmake
-- Installing: /home/jinhan/mid_mobiity/install/midterm_msgs/share/midterm_msgs/cmake/export_midterm_msgs__rosidl_generator_cppExport.cmake
-- Installing: /home/jinhan/mid_mobiity/install/midterm_msgs/share/midterm_msgs/cmake/export_midterm_msgs__rosidl_typesupport_fastrtps_cppExport.cmake
-- Installing: /home/jinhan/mid_mobiity/install/midterm_msgs/share/midterm_msgs/cmake/export_midterm_msgs__rosidl_typesupport_fastrtps_cppExport-noconfig.cmake
-- Installing: /home/jinhan/mid_mobiity/install/midterm_msgs/share/midterm_msgs/cmake/midterm_msgs__rosidl_typesupport_introspection_cExport.cmake
-- Installing: /home/jinhan/mid_mobiity/install/midterm_msgs/share/midterm_msgs/cmake/midterm_msgs__rosidl_typesupport_introspection_cExport-noconfig.cmake
-- Installing: /home/jinhan/mid_mobiity/install/midterm_msgs/share/midterm_msgs/cmake/midterm_msgs__rosidl_typesupport_cExport.cmake
-- Installing: /home/jinhan/mid_mobiity/install/midterm_msgs/share/midterm_msgs/cmake/midterm_msgs__rosidl_typesupport_cExport-noconfig.cmake
-- Installing: /home/jinhan/mid_mobiity/install/midterm_msgs/share/midterm_msgs/cmake/midterm_msgs__rosidl_typesupport_introspection_cppExport.cmake
-- Installing: /home/jinhan/mid_mobiity/install/midterm_msgs/share/midterm_msgs/cmake/midterm_msgs__rosidl_typesupport_introspection_cppExport-noconfig.cmake
-- Installing: /home/jinhan/mid_mobiity/install/midterm_msgs/share/midterm_msgs/cmake/midterm_msgs__rosidl_typesupport_cppExport.cmake
-- Installing: /home/jinhan/mid_mobiity/install/midterm_msgs/share/midterm_msgs/cmake/midterm_msgs__rosidl_typesupport_cppExport-noconfig.cmake
-- Installing: /home/jinhan/mid_mobiity/install/midterm_msgs/share/midterm_msgs/cmake/export_midterm_msgs__rosidl_generator_pyExport.cmake
-- Installing: /home/jinhan/mid_mobiity/install/midterm_msgs/share/midterm_msgs/cmake/export_midterm_msgs__rosidl_generator_pyExport-noconfig.cmake
-- Installing: /home/jinhan/mid_mobiity/install/midterm_msgs/share/midterm_msgs/cmake/rosidl_cmake-extras.cmake
-- Installing: /home/jinhan/mid_mobiity/install/midterm_msgs/share/midterm_msgs/cmake/ament_cmake_export_dependencies-extras.cmake
-- Installing: /home/jinhan/mid_mobiity/install/midterm_msgs/share/midterm_msgs/cmake/ament_cmake_export_include_directories-extras.cmake
-- Installing: /home/jinhan/mid_mobiity/install/midterm_msgs/share/midterm_msgs/cmake/ament_cmake_export_libraries-extras.cmake
-- Installing: /home/jinhan/mid_mobiity/install/midterm_msgs/share/midterm_msgs/cmake/ament_cmake_export_targets-extras.cmake
-- Installing: /home/jinhan/mid_mobiity/install/midterm_msgs/share/midterm_msgs/cmake/rosidl_cmake_export_typesupport_targets-extras.cmake
-- Installing: /home/jinhan/mid_mobiity/install/midterm_msgs/share/midterm_msgs/cmake/rosidl_cmake_export_typesupport_libraries-extras.cmake
-- Installing: /home/jinhan/mid_mobiity/install/midterm_msgs/share/midterm_msgs/cmake/midterm_msgsConfig.cmake
-- Installing: /home/jinhan/mid_mobiity/install/midterm_msgs/share/midterm_msgs/cmake/midterm_msgsConfig-version.cmake
-- Installing: /home/jinhan/mid_mobiity/install/midterm_msgs/share/midterm_msgs/package.xml
