[0.008s] Invoking command in '/home/jinhan/mid_mobiity/build/midterm_msgs': CMAKE_PREFIX_PATH=/opt/ros/humble /usr/bin/cmake /home/jinhan/mid_mobiity/src/env/env/midterm_msgs -DCMAKE_INSTALL_PREFIX=/home/jinhan/mid_mobiity/install/midterm_msgs
[0.141s] -- The C compiler identification is GNU 11.4.0
[0.238s] -- The CXX compiler identification is GNU 11.4.0
[0.246s] -- Detecting C compiler ABI info
[0.326s] -- Detecting C compiler ABI info - done
[0.335s] -- Check for working C compiler: /usr/bin/cc - skipped
[0.336s] -- Detecting C compile features
[0.336s] -- Detecting C compile features - done
[0.341s] -- Detecting CXX compiler ABI info
[0.424s] -- Detecting CXX compiler ABI info - done
[0.429s] -- Check for working CXX compiler: /usr/bin/c++ - skipped
[0.429s] -- Detecting CXX compile features
[0.429s] -- Detecting CXX compile features - done
[0.433s] -- Found ament_cmake: 1.3.12 (/opt/ros/humble/share/ament_cmake/cmake)
[0.538s] -- Found Python3: /usr/bin/python3 (found version "3.10.12") found components: Interpreter 
[0.616s] -- Found builtin_interfaces: 1.2.2 (/opt/ros/humble/share/builtin_interfaces/cmake)
[0.653s] -- Found rosidl_generator_c: 3.1.7 (/opt/ros/humble/share/rosidl_generator_c/cmake)
[0.656s] -- Found rosidl_adapter: 3.1.7 (/opt/ros/humble/share/rosidl_adapter/cmake)
[0.662s] -- Found rosidl_generator_cpp: 3.1.7 (/opt/ros/humble/share/rosidl_generator_cpp/cmake)
[0.672s] -- Using all available rosidl_typesupport_c: rosidl_typesupport_fastrtps_c;rosidl_typesupport_introspection_c
[0.684s] -- Using all available rosidl_typesupport_cpp: rosidl_typesupport_fastrtps_cpp;rosidl_typesupport_introspection_cpp
[0.695s] -- Found rosidl_default_generators: 1.2.0 (/opt/ros/humble/share/rosidl_default_generators/cmake)
[0.886s] -- Found ament_cmake_ros: 0.10.0 (/opt/ros/humble/share/ament_cmake_ros/cmake)
[1.122s] -- Using all available rosidl_typesupport_c: rosidl_typesupport_fastrtps_c;rosidl_typesupport_introspection_c
[1.222s] -- Using all available rosidl_typesupport_cpp: rosidl_typesupport_fastrtps_cpp;rosidl_typesupport_introspection_cpp
[1.242s] -- Found PythonInterp: /usr/bin/python3 (found suitable version "3.10.12", minimum required is "3.6") 
[1.244s] -- Found python_cmake_module: 0.10.0 (/opt/ros/humble/share/python_cmake_module/cmake)
[1.274s] -- Found PythonLibs: /usr/lib/x86_64-linux-gnu/libpython3.10.so (found suitable version "3.10.12", minimum required is "3.5") 
[1.274s] -- Using PYTHON_EXECUTABLE: /usr/bin/python3
[1.275s] -- Using PYTHON_INCLUDE_DIRS: /usr/include/python3.10
[1.275s] -- Using PYTHON_LIBRARIES: /usr/lib/x86_64-linux-gnu/libpython3.10.so
[1.294s] -- Found PythonExtra: .so  
[1.340s] -- Configuring done
[1.368s] -- Generating done
[1.375s] -- Build files have been written to: /home/jinhan/mid_mobiity/build/midterm_msgs
[1.380s] Invoked command in '/home/jinhan/mid_mobiity/build/midterm_msgs' returned '0': CMAKE_PREFIX_PATH=/opt/ros/humble /usr/bin/cmake /home/jinhan/mid_mobiity/src/env/env/midterm_msgs -DCMAKE_INSTALL_PREFIX=/home/jinhan/mid_mobiity/install/midterm_msgs
[1.381s] Invoking command in '/home/jinhan/mid_mobiity/build/midterm_msgs': CMAKE_PREFIX_PATH=/opt/ros/humble /usr/bin/cmake --build /home/jinhan/mid_mobiity/build/midterm_msgs -- -j12 -l12
[1.424s] [  1%] [34m[1mGenerating C code for ROS interfaces[0m
[1.431s] [  2%] [34m[1mGenerating C++ code for ROS interfaces[0m
[1.440s] [  2%] Built target ament_cmake_python_copy_midterm_msgs
[1.590s] running egg_info
[1.591s] creating midterm_msgs.egg-info
[1.591s] writing midterm_msgs.egg-info/PKG-INFO
[1.591s] writing dependency_links to midterm_msgs.egg-info/dependency_links.txt
[1.591s] writing top-level names to midterm_msgs.egg-info/top_level.txt
[1.591s] writing manifest file 'midterm_msgs.egg-info/SOURCES.txt'
[1.593s] reading manifest file 'midterm_msgs.egg-info/SOURCES.txt'
[1.593s] writing manifest file 'midterm_msgs.egg-info/SOURCES.txt'
[1.614s] [  2%] Built target ament_cmake_python_build_midterm_msgs_egg
[1.772s] [  2%] Built target midterm_msgs__cpp
[1.779s] [  4%] [34m[1mGenerating C++ introspection for ROS interfaces[0m
[1.781s] [  5%] [34m[1mGenerating C++ type support dispatch for ROS interfaces[0m
[1.783s] [  7%] [34m[1mGenerating C++ type support for eProsima Fast-RTPS[0m
[1.785s] [  8%] [32mBuilding C object CMakeFiles/midterm_msgs__rosidl_generator_c.dir/rosidl_generator_c/midterm_msgs/msg/detail/control__functions.c.o[0m
[1.786s] [  9%] [32mBuilding C object CMakeFiles/midterm_msgs__rosidl_generator_c.dir/rosidl_generator_c/midterm_msgs/msg/detail/simple_gps__functions.c.o[0m
[1.786s] [ 11%] [32mBuilding C object CMakeFiles/midterm_msgs__rosidl_generator_c.dir/rosidl_generator_c/midterm_msgs/msg/detail/wall_list__functions.c.o[0m
[1.787s] [ 12%] [32mBuilding C object CMakeFiles/midterm_msgs__rosidl_generator_c.dir/rosidl_generator_c/midterm_msgs/msg/detail/wall__functions.c.o[0m
[1.788s] [ 14%] [32mBuilding C object CMakeFiles/midterm_msgs__rosidl_generator_c.dir/rosidl_generator_c/midterm_msgs/msg/detail/goal__functions.c.o[0m
[1.789s] [ 15%] [32mBuilding C object CMakeFiles/midterm_msgs__rosidl_generator_c.dir/rosidl_generator_c/midterm_msgs/msg/detail/simple_lidar__functions.c.o[0m
[1.845s] [ 16%] [32m[1mLinking C shared library libmidterm_msgs__rosidl_generator_c.so[0m
[1.881s] [ 16%] Built target midterm_msgs__rosidl_generator_c
[1.888s] [ 18%] [34m[1mGenerating C type support dispatch for ROS interfaces[0m
[1.891s] [ 21%] [34m[1mGenerating C introspection for ROS interfaces[0m
[1.891s] [ 21%] [34m[1mGenerating C type support for eProsima Fast-RTPS[0m
[2.026s] [ 26%] [32mBuilding CXX object CMakeFiles/midterm_msgs__rosidl_typesupport_cpp.dir/rosidl_typesupport_cpp/midterm_msgs/msg/control__type_support.cpp.o[0m
[2.026s] [ 26%] [32mBuilding CXX object CMakeFiles/midterm_msgs__rosidl_typesupport_cpp.dir/rosidl_typesupport_cpp/midterm_msgs/msg/simple_gps__type_support.cpp.o[0m
[2.026s] [ 26%] [32mBuilding CXX object CMakeFiles/midterm_msgs__rosidl_typesupport_cpp.dir/rosidl_typesupport_cpp/midterm_msgs/msg/simple_lidar__type_support.cpp.o[0m
[2.026s] [ 26%] [32mBuilding CXX object CMakeFiles/midterm_msgs__rosidl_typesupport_cpp.dir/rosidl_typesupport_cpp/midterm_msgs/msg/goal__type_support.cpp.o[0m
[2.027s] [ 28%] [32mBuilding CXX object CMakeFiles/midterm_msgs__rosidl_typesupport_cpp.dir/rosidl_typesupport_cpp/midterm_msgs/msg/wall__type_support.cpp.o[0m
[2.027s] [ 29%] [32mBuilding CXX object CMakeFiles/midterm_msgs__rosidl_typesupport_cpp.dir/rosidl_typesupport_cpp/midterm_msgs/msg/wall_list__type_support.cpp.o[0m
[2.111s] [ 30%] [32mBuilding CXX object CMakeFiles/midterm_msgs__rosidl_typesupport_introspection_cpp.dir/rosidl_typesupport_introspection_cpp/midterm_msgs/msg/detail/wall__type_support.cpp.o[0m
[2.115s] [ 32%] [32mBuilding CXX object CMakeFiles/midterm_msgs__rosidl_typesupport_introspection_cpp.dir/rosidl_typesupport_introspection_cpp/midterm_msgs/msg/detail/goal__type_support.cpp.o[0m
[2.175s] [ 33%] [32mBuilding CXX object CMakeFiles/midterm_msgs__rosidl_typesupport_fastrtps_cpp.dir/rosidl_typesupport_fastrtps_cpp/midterm_msgs/msg/detail/dds_fastrtps/wall__type_support.cpp.o[0m
[2.279s] [ 35%] [32mBuilding CXX object CMakeFiles/midterm_msgs__rosidl_typesupport_c.dir/rosidl_typesupport_c/midterm_msgs/msg/wall__type_support.cpp.o[0m
[2.308s] [ 36%] [32mBuilding CXX object CMakeFiles/midterm_msgs__rosidl_typesupport_c.dir/rosidl_typesupport_c/midterm_msgs/msg/goal__type_support.cpp.o[0m
[2.308s] [ 38%] [32mBuilding CXX object CMakeFiles/midterm_msgs__rosidl_typesupport_introspection_cpp.dir/rosidl_typesupport_introspection_cpp/midterm_msgs/msg/detail/simple_gps__type_support.cpp.o[0m
[2.312s] [ 39%] [32mBuilding CXX object CMakeFiles/midterm_msgs__rosidl_typesupport_introspection_cpp.dir/rosidl_typesupport_introspection_cpp/midterm_msgs/msg/detail/simple_lidar__type_support.cpp.o[0m
[2.312s] [ 40%] [32mBuilding CXX object CMakeFiles/midterm_msgs__rosidl_typesupport_fastrtps_cpp.dir/rosidl_typesupport_fastrtps_cpp/midterm_msgs/msg/detail/dds_fastrtps/goal__type_support.cpp.o[0m
[2.318s] [ 42%] [32mBuilding CXX object CMakeFiles/midterm_msgs__rosidl_typesupport_introspection_cpp.dir/rosidl_typesupport_introspection_cpp/midterm_msgs/msg/detail/wall_list__type_support.cpp.o[0m
[2.341s] [ 43%] [32mBuilding CXX object CMakeFiles/midterm_msgs__rosidl_typesupport_c.dir/rosidl_typesupport_c/midterm_msgs/msg/simple_gps__type_support.cpp.o[0m
[2.371s] [ 46%] [32mBuilding CXX object CMakeFiles/midterm_msgs__rosidl_typesupport_c.dir/rosidl_typesupport_c/midterm_msgs/msg/simple_lidar__type_support.cpp.o[0m
[2.371s] [ 46%] [32mBuilding CXX object CMakeFiles/midterm_msgs__rosidl_typesupport_introspection_cpp.dir/rosidl_typesupport_introspection_cpp/midterm_msgs/msg/detail/control__type_support.cpp.o[0m
[2.393s] [ 47%] [32m[1mLinking CXX shared library libmidterm_msgs__rosidl_typesupport_cpp.so[0m
[2.402s] [ 49%] [32mBuilding CXX object CMakeFiles/midterm_msgs__rosidl_typesupport_c.dir/rosidl_typesupport_c/midterm_msgs/msg/wall_list__type_support.cpp.o[0m
[2.434s] [ 50%] [32mBuilding CXX object CMakeFiles/midterm_msgs__rosidl_typesupport_c.dir/rosidl_typesupport_c/midterm_msgs/msg/control__type_support.cpp.o[0m
[2.436s] [ 52%] [32mBuilding C object CMakeFiles/midterm_msgs__rosidl_typesupport_introspection_c.dir/rosidl_typesupport_introspection_c/midterm_msgs/msg/detail/wall__type_support.c.o[0m
[2.445s] [ 52%] Built target midterm_msgs__rosidl_typesupport_cpp
[2.454s] [ 53%] [32mBuilding C object CMakeFiles/midterm_msgs__rosidl_typesupport_introspection_c.dir/rosidl_typesupport_introspection_c/midterm_msgs/msg/detail/goal__type_support.c.o[0m
[2.468s] [ 54%] [32m[1mLinking CXX shared library libmidterm_msgs__rosidl_typesupport_c.so[0m
[2.468s] [ 56%] [32mBuilding C object CMakeFiles/midterm_msgs__rosidl_typesupport_introspection_c.dir/rosidl_typesupport_introspection_c/midterm_msgs/msg/detail/simple_gps__type_support.c.o[0m
[2.494s] [ 57%] [32mBuilding C object CMakeFiles/midterm_msgs__rosidl_typesupport_introspection_c.dir/rosidl_typesupport_introspection_c/midterm_msgs/msg/detail/simple_lidar__type_support.c.o[0m
[2.509s] [ 59%] [32mBuilding C object CMakeFiles/midterm_msgs__rosidl_typesupport_introspection_c.dir/rosidl_typesupport_introspection_c/midterm_msgs/msg/detail/wall_list__type_support.c.o[0m
[2.510s] [ 60%] [32mBuilding CXX object CMakeFiles/midterm_msgs__rosidl_typesupport_fastrtps_c.dir/rosidl_typesupport_fastrtps_c/midterm_msgs/msg/detail/wall__type_support_c.cpp.o[0m
[2.516s] [ 60%] Built target midterm_msgs__rosidl_typesupport_c
[2.527s] [ 61%] [32mBuilding CXX object CMakeFiles/midterm_msgs__rosidl_typesupport_fastrtps_cpp.dir/rosidl_typesupport_fastrtps_cpp/midterm_msgs/msg/detail/dds_fastrtps/simple_gps__type_support.cpp.o[0m
[2.533s] [ 63%] [32mBuilding CXX object CMakeFiles/midterm_msgs__rosidl_typesupport_fastrtps_c.dir/rosidl_typesupport_fastrtps_c/midterm_msgs/msg/detail/goal__type_support_c.cpp.o[0m
[2.557s] [ 64%] [32mBuilding C object CMakeFiles/midterm_msgs__rosidl_typesupport_introspection_c.dir/rosidl_typesupport_introspection_c/midterm_msgs/msg/detail/control__type_support.c.o[0m
[2.557s] [ 66%] [32mBuilding CXX object CMakeFiles/midterm_msgs__rosidl_typesupport_fastrtps_c.dir/rosidl_typesupport_fastrtps_c/midterm_msgs/msg/detail/simple_gps__type_support_c.cpp.o[0m
[2.589s] [ 67%] [32m[1mLinking C shared library libmidterm_msgs__rosidl_typesupport_introspection_c.so[0m
[2.602s] [ 69%] [32mBuilding CXX object CMakeFiles/midterm_msgs__rosidl_typesupport_fastrtps_c.dir/rosidl_typesupport_fastrtps_c/midterm_msgs/msg/detail/simple_lidar__type_support_c.cpp.o[0m
[2.616s] [ 70%] [32mBuilding CXX object CMakeFiles/midterm_msgs__rosidl_typesupport_fastrtps_cpp.dir/rosidl_typesupport_fastrtps_cpp/midterm_msgs/msg/detail/dds_fastrtps/simple_lidar__type_support.cpp.o[0m
[2.627s] [ 70%] Built target midterm_msgs__rosidl_typesupport_introspection_c
[2.639s] [ 71%] [32mBuilding CXX object CMakeFiles/midterm_msgs__rosidl_typesupport_fastrtps_c.dir/rosidl_typesupport_fastrtps_c/midterm_msgs/msg/detail/wall_list__type_support_c.cpp.o[0m
[2.669s] [ 73%] [32mBuilding CXX object CMakeFiles/midterm_msgs__rosidl_typesupport_fastrtps_cpp.dir/rosidl_typesupport_fastrtps_cpp/midterm_msgs/msg/detail/dds_fastrtps/wall_list__type_support.cpp.o[0m
[2.710s] [ 74%] [32mBuilding CXX object CMakeFiles/midterm_msgs__rosidl_typesupport_fastrtps_c.dir/rosidl_typesupport_fastrtps_c/midterm_msgs/msg/detail/control__type_support_c.cpp.o[0m
[2.764s] [ 76%] [32mBuilding CXX object CMakeFiles/midterm_msgs__rosidl_typesupport_fastrtps_cpp.dir/rosidl_typesupport_fastrtps_cpp/midterm_msgs/msg/detail/dds_fastrtps/control__type_support.cpp.o[0m
[2.890s] [ 77%] [32m[1mLinking CXX shared library libmidterm_msgs__rosidl_typesupport_introspection_cpp.so[0m
[2.989s] [ 77%] Built target midterm_msgs__rosidl_typesupport_introspection_cpp
[3.011s] [ 78%] [32m[1mLinking CXX shared library libmidterm_msgs__rosidl_typesupport_fastrtps_c.so[0m
[3.070s] [ 78%] Built target midterm_msgs__rosidl_typesupport_fastrtps_c
[3.081s] [ 80%] [32m[1mLinking CXX shared library libmidterm_msgs__rosidl_typesupport_fastrtps_cpp.so[0m
[3.138s] [ 80%] Built target midterm_msgs__rosidl_typesupport_fastrtps_cpp
[3.160s] [ 80%] Built target midterm_msgs
[3.183s] [ 81%] [34m[1mGenerating Python code for ROS interfaces[0m
[3.658s] [ 81%] Built target midterm_msgs__py
[3.682s] [ 83%] [32mBuilding C object CMakeFiles/midterm_msgs__rosidl_generator_py.dir/rosidl_generator_py/midterm_msgs/msg/_simple_lidar_s.c.o[0m
[3.682s] [ 85%] [32mBuilding C object CMakeFiles/midterm_msgs__rosidl_generator_py.dir/rosidl_generator_py/midterm_msgs/msg/_wall_list_s.c.o[0m
[3.682s] [ 85%] [32mBuilding C object CMakeFiles/midterm_msgs__rosidl_generator_py.dir/rosidl_generator_py/midterm_msgs/msg/_control_s.c.o[0m
[3.684s] [ 87%] [32mBuilding C object CMakeFiles/midterm_msgs__rosidl_generator_py.dir/rosidl_generator_py/midterm_msgs/msg/_wall_s.c.o[0m
[3.686s] [ 90%] [32mBuilding C object CMakeFiles/midterm_msgs__rosidl_generator_py.dir/rosidl_generator_py/midterm_msgs/msg/_simple_gps_s.c.o[0m
[3.686s] [ 90%] [32mBuilding C object CMakeFiles/midterm_msgs__rosidl_generator_py.dir/rosidl_generator_py/midterm_msgs/msg/_goal_s.c.o[0m
[3.800s] [ 91%] [32m[1mLinking C shared library rosidl_generator_py/midterm_msgs/libmidterm_msgs__rosidl_generator_py.so[0m
[3.840s] [ 91%] Built target midterm_msgs__rosidl_generator_py
[3.858s] [ 94%] [32mBuilding C object CMakeFiles/midterm_msgs__rosidl_typesupport_introspection_c__pyext.dir/rosidl_generator_py/midterm_msgs/_midterm_msgs_s.ep.rosidl_typesupport_introspection_c.c.o[0m
[3.858s] [ 94%] [32mBuilding C object CMakeFiles/midterm_msgs__rosidl_typesupport_c__pyext.dir/rosidl_generator_py/midterm_msgs/_midterm_msgs_s.ep.rosidl_typesupport_c.c.o[0m
[3.861s] [ 95%] [32mBuilding C object CMakeFiles/midterm_msgs__rosidl_typesupport_fastrtps_c__pyext.dir/rosidl_generator_py/midterm_msgs/_midterm_msgs_s.ep.rosidl_typesupport_fastrtps_c.c.o[0m
[3.927s] [ 97%] [32m[1mLinking C shared library rosidl_generator_py/midterm_msgs/midterm_msgs_s__rosidl_typesupport_introspection_c.cpython-310-x86_64-linux-gnu.so[0m
[3.930s] [ 98%] [32m[1mLinking C shared library rosidl_generator_py/midterm_msgs/midterm_msgs_s__rosidl_typesupport_fastrtps_c.cpython-310-x86_64-linux-gnu.so[0m
[3.934s] [100%] [32m[1mLinking C shared library rosidl_generator_py/midterm_msgs/midterm_msgs_s__rosidl_typesupport_c.cpython-310-x86_64-linux-gnu.so[0m
[3.952s] [100%] Built target midterm_msgs__rosidl_typesupport_introspection_c__pyext
[3.959s] [100%] Built target midterm_msgs__rosidl_typesupport_fastrtps_c__pyext
[3.962s] [100%] Built target midterm_msgs__rosidl_typesupport_c__pyext
[3.972s] Invoked command in '/home/jinhan/mid_mobiity/build/midterm_msgs' returned '0': CMAKE_PREFIX_PATH=/opt/ros/humble /usr/bin/cmake --build /home/jinhan/mid_mobiity/build/midterm_msgs -- -j12 -l12
[3.981s] Invoking command in '/home/jinhan/mid_mobiity/build/midterm_msgs': CMAKE_PREFIX_PATH=/opt/ros/humble /usr/bin/cmake --install /home/jinhan/mid_mobiity/build/midterm_msgs
[3.989s] -- Install configuration: ""
[3.989s] -- Installing: /home/jinhan/mid_mobiity/install/midterm_msgs/share/ament_index/resource_index/rosidl_interfaces/midterm_msgs
[3.989s] -- Installing: /home/jinhan/mid_mobiity/install/midterm_msgs/include/midterm_msgs/midterm_msgs
[3.989s] -- Installing: /home/jinhan/mid_mobiity/install/midterm_msgs/include/midterm_msgs/midterm_msgs/msg
[3.989s] -- Installing: /home/jinhan/mid_mobiity/install/midterm_msgs/include/midterm_msgs/midterm_msgs/msg/simple_lidar.h
[3.989s] -- Installing: /home/jinhan/mid_mobiity/install/midterm_msgs/include/midterm_msgs/midterm_msgs/msg/control.h
[3.989s] -- Installing: /home/jinhan/mid_mobiity/install/midterm_msgs/include/midterm_msgs/midterm_msgs/msg/detail
[3.989s] -- Installing: /home/jinhan/mid_mobiity/install/midterm_msgs/include/midterm_msgs/midterm_msgs/msg/detail/simple_gps__struct.h
[3.989s] -- Installing: /home/jinhan/mid_mobiity/install/midterm_msgs/include/midterm_msgs/midterm_msgs/msg/detail/simple_lidar__functions.h
[3.989s] -- Installing: /home/jinhan/mid_mobiity/install/midterm_msgs/include/midterm_msgs/midterm_msgs/msg/detail/wall__functions.c
[3.990s] -- Installing: /home/jinhan/mid_mobiity/install/midterm_msgs/include/midterm_msgs/midterm_msgs/msg/detail/wall_list__type_support.h
[3.990s] -- Installing: /home/jinhan/mid_mobiity/install/midterm_msgs/include/midterm_msgs/midterm_msgs/msg/detail/control__type_support.h
[3.990s] -- Installing: /home/jinhan/mid_mobiity/install/midterm_msgs/include/midterm_msgs/midterm_msgs/msg/detail/control__struct.h
[3.990s] -- Installing: /home/jinhan/mid_mobiity/install/midterm_msgs/include/midterm_msgs/midterm_msgs/msg/detail/wall__struct.h
[3.990s] -- Installing: /home/jinhan/mid_mobiity/install/midterm_msgs/include/midterm_msgs/midterm_msgs/msg/detail/wall__type_support.h
[3.990s] -- Installing: /home/jinhan/mid_mobiity/install/midterm_msgs/include/midterm_msgs/midterm_msgs/msg/detail/wall_list__functions.c
[3.990s] -- Installing: /home/jinhan/mid_mobiity/install/midterm_msgs/include/midterm_msgs/midterm_msgs/msg/detail/control__functions.c
[3.990s] -- Installing: /home/jinhan/mid_mobiity/install/midterm_msgs/include/midterm_msgs/midterm_msgs/msg/detail/simple_gps__functions.h
[3.990s] -- Installing: /home/jinhan/mid_mobiity/install/midterm_msgs/include/midterm_msgs/midterm_msgs/msg/detail/wall_list__struct.h
[3.990s] -- Installing: /home/jinhan/mid_mobiity/install/midterm_msgs/include/midterm_msgs/midterm_msgs/msg/detail/goal__functions.c
[3.990s] -- Installing: /home/jinhan/mid_mobiity/install/midterm_msgs/include/midterm_msgs/midterm_msgs/msg/detail/simple_lidar__functions.c
[3.990s] -- Installing: /home/jinhan/mid_mobiity/install/midterm_msgs/include/midterm_msgs/midterm_msgs/msg/detail/simple_gps__functions.c
[3.990s] -- Installing: /home/jinhan/mid_mobiity/install/midterm_msgs/include/midterm_msgs/midterm_msgs/msg/detail/goal__type_support.h
[3.990s] -- Installing: /home/jinhan/mid_mobiity/install/midterm_msgs/include/midterm_msgs/midterm_msgs/msg/detail/goal__functions.h
[3.991s] -- Installing: /home/jinhan/mid_mobiity/install/midterm_msgs/include/midterm_msgs/midterm_msgs/msg/detail/wall_list__functions.h
[3.991s] -- Installing: /home/jinhan/mid_mobiity/install/midterm_msgs/include/midterm_msgs/midterm_msgs/msg/detail/simple_lidar__struct.h
[3.991s] -- Installing: /home/jinhan/mid_mobiity/install/midterm_msgs/include/midterm_msgs/midterm_msgs/msg/detail/goal__struct.h
[3.991s] -- Installing: /home/jinhan/mid_mobiity/install/midterm_msgs/include/midterm_msgs/midterm_msgs/msg/detail/simple_lidar__type_support.h
[3.991s] -- Installing: /home/jinhan/mid_mobiity/install/midterm_msgs/include/midterm_msgs/midterm_msgs/msg/detail/control__functions.h
[3.991s] -- Installing: /home/jinhan/mid_mobiity/install/midterm_msgs/include/midterm_msgs/midterm_msgs/msg/detail/wall__functions.h
[3.991s] -- Installing: /home/jinhan/mid_mobiity/install/midterm_msgs/include/midterm_msgs/midterm_msgs/msg/detail/simple_gps__type_support.h
[3.991s] -- Installing: /home/jinhan/mid_mobiity/install/midterm_msgs/include/midterm_msgs/midterm_msgs/msg/wall.h
[3.991s] -- Installing: /home/jinhan/mid_mobiity/install/midterm_msgs/include/midterm_msgs/midterm_msgs/msg/wall_list.h
[3.991s] -- Installing: /home/jinhan/mid_mobiity/install/midterm_msgs/include/midterm_msgs/midterm_msgs/msg/simple_gps.h
[3.991s] -- Installing: /home/jinhan/mid_mobiity/install/midterm_msgs/include/midterm_msgs/midterm_msgs/msg/goal.h
[3.991s] -- Installing: /home/jinhan/mid_mobiity/install/midterm_msgs/include/midterm_msgs/midterm_msgs/msg/rosidl_generator_c__visibility_control.h
[3.991s] -- Installing: /home/jinhan/mid_mobiity/install/midterm_msgs/share/midterm_msgs/environment/library_path.sh
[3.991s] -- Installing: /home/jinhan/mid_mobiity/install/midterm_msgs/share/midterm_msgs/environment/library_path.dsv
[3.991s] -- Installing: /home/jinhan/mid_mobiity/install/midterm_msgs/lib/libmidterm_msgs__rosidl_generator_c.so
[3.992s] -- Set runtime path of "/home/jinhan/mid_mobiity/install/midterm_msgs/lib/libmidterm_msgs__rosidl_generator_c.so" to ""
[3.992s] -- Up-to-date: /home/jinhan/mid_mobiity/install/midterm_msgs/include/midterm_msgs/midterm_msgs
[3.992s] -- Up-to-date: /home/jinhan/mid_mobiity/install/midterm_msgs/include/midterm_msgs/midterm_msgs/msg
[3.992s] -- Up-to-date: /home/jinhan/mid_mobiity/install/midterm_msgs/include/midterm_msgs/midterm_msgs/msg/detail
[3.992s] -- Installing: /home/jinhan/mid_mobiity/install/midterm_msgs/include/midterm_msgs/midterm_msgs/msg/detail/goal__rosidl_typesupport_fastrtps_c.h
[3.992s] -- Installing: /home/jinhan/mid_mobiity/install/midterm_msgs/include/midterm_msgs/midterm_msgs/msg/detail/control__rosidl_typesupport_fastrtps_c.h
[3.992s] -- Installing: /home/jinhan/mid_mobiity/install/midterm_msgs/include/midterm_msgs/midterm_msgs/msg/detail/simple_lidar__rosidl_typesupport_fastrtps_c.h
[3.992s] -- Installing: /home/jinhan/mid_mobiity/install/midterm_msgs/include/midterm_msgs/midterm_msgs/msg/detail/simple_gps__rosidl_typesupport_fastrtps_c.h
[3.992s] -- Installing: /home/jinhan/mid_mobiity/install/midterm_msgs/include/midterm_msgs/midterm_msgs/msg/detail/wall_list__rosidl_typesupport_fastrtps_c.h
[3.992s] -- Installing: /home/jinhan/mid_mobiity/install/midterm_msgs/include/midterm_msgs/midterm_msgs/msg/detail/wall__rosidl_typesupport_fastrtps_c.h
[3.992s] -- Installing: /home/jinhan/mid_mobiity/install/midterm_msgs/include/midterm_msgs/midterm_msgs/msg/rosidl_typesupport_fastrtps_c__visibility_control.h
[3.992s] -- Installing: /home/jinhan/mid_mobiity/install/midterm_msgs/lib/libmidterm_msgs__rosidl_typesupport_fastrtps_c.so
[3.992s] -- Set runtime path of "/home/jinhan/mid_mobiity/install/midterm_msgs/lib/libmidterm_msgs__rosidl_typesupport_fastrtps_c.so" to ""
[3.993s] -- Up-to-date: /home/jinhan/mid_mobiity/install/midterm_msgs/include/midterm_msgs/midterm_msgs
[3.993s] -- Up-to-date: /home/jinhan/mid_mobiity/install/midterm_msgs/include/midterm_msgs/midterm_msgs/msg
[3.993s] -- Installing: /home/jinhan/mid_mobiity/install/midterm_msgs/include/midterm_msgs/midterm_msgs/msg/simple_gps.hpp
[3.993s] -- Up-to-date: /home/jinhan/mid_mobiity/install/midterm_msgs/include/midterm_msgs/midterm_msgs/msg/detail
[3.993s] -- Installing: /home/jinhan/mid_mobiity/install/midterm_msgs/include/midterm_msgs/midterm_msgs/msg/detail/simple_lidar__traits.hpp
[3.993s] -- Installing: /home/jinhan/mid_mobiity/install/midterm_msgs/include/midterm_msgs/midterm_msgs/msg/detail/wall__builder.hpp
[3.993s] -- Installing: /home/jinhan/mid_mobiity/install/midterm_msgs/include/midterm_msgs/midterm_msgs/msg/detail/goal__builder.hpp
[3.993s] -- Installing: /home/jinhan/mid_mobiity/install/midterm_msgs/include/midterm_msgs/midterm_msgs/msg/detail/simple_lidar__type_support.hpp
[3.993s] -- Installing: /home/jinhan/mid_mobiity/install/midterm_msgs/include/midterm_msgs/midterm_msgs/msg/detail/wall_list__struct.hpp
[3.993s] -- Installing: /home/jinhan/mid_mobiity/install/midterm_msgs/include/midterm_msgs/midterm_msgs/msg/detail/goal__traits.hpp
[3.993s] -- Installing: /home/jinhan/mid_mobiity/install/midterm_msgs/include/midterm_msgs/midterm_msgs/msg/detail/simple_lidar__builder.hpp
[3.993s] -- Installing: /home/jinhan/mid_mobiity/install/midterm_msgs/include/midterm_msgs/midterm_msgs/msg/detail/goal__type_support.hpp
[3.993s] -- Installing: /home/jinhan/mid_mobiity/install/midterm_msgs/include/midterm_msgs/midterm_msgs/msg/detail/wall__struct.hpp
[3.993s] -- Installing: /home/jinhan/mid_mobiity/install/midterm_msgs/include/midterm_msgs/midterm_msgs/msg/detail/simple_gps__struct.hpp
[3.993s] -- Installing: /home/jinhan/mid_mobiity/install/midterm_msgs/include/midterm_msgs/midterm_msgs/msg/detail/wall_list__traits.hpp
[3.993s] -- Installing: /home/jinhan/mid_mobiity/install/midterm_msgs/include/midterm_msgs/midterm_msgs/msg/detail/simple_gps__type_support.hpp
[3.993s] -- Installing: /home/jinhan/mid_mobiity/install/midterm_msgs/include/midterm_msgs/midterm_msgs/msg/detail/wall__type_support.hpp
[3.993s] -- Installing: /home/jinhan/mid_mobiity/install/midterm_msgs/include/midterm_msgs/midterm_msgs/msg/detail/control__builder.hpp
[3.993s] -- Installing: /home/jinhan/mid_mobiity/install/midterm_msgs/include/midterm_msgs/midterm_msgs/msg/detail/simple_lidar__struct.hpp
[3.994s] -- Installing: /home/jinhan/mid_mobiity/install/midterm_msgs/include/midterm_msgs/midterm_msgs/msg/detail/control__traits.hpp
[3.994s] -- Installing: /home/jinhan/mid_mobiity/install/midterm_msgs/include/midterm_msgs/midterm_msgs/msg/detail/wall_list__type_support.hpp
[3.994s] -- Installing: /home/jinhan/mid_mobiity/install/midterm_msgs/include/midterm_msgs/midterm_msgs/msg/detail/wall_list__builder.hpp
[3.994s] -- Installing: /home/jinhan/mid_mobiity/install/midterm_msgs/include/midterm_msgs/midterm_msgs/msg/detail/simple_gps__builder.hpp
[3.994s] -- Installing: /home/jinhan/mid_mobiity/install/midterm_msgs/include/midterm_msgs/midterm_msgs/msg/detail/goal__struct.hpp
[3.994s] -- Installing: /home/jinhan/mid_mobiity/install/midterm_msgs/include/midterm_msgs/midterm_msgs/msg/detail/control__struct.hpp
[3.994s] -- Installing: /home/jinhan/mid_mobiity/install/midterm_msgs/include/midterm_msgs/midterm_msgs/msg/detail/control__type_support.hpp
[3.994s] -- Installing: /home/jinhan/mid_mobiity/install/midterm_msgs/include/midterm_msgs/midterm_msgs/msg/detail/wall__traits.hpp
[3.994s] -- Installing: /home/jinhan/mid_mobiity/install/midterm_msgs/include/midterm_msgs/midterm_msgs/msg/detail/simple_gps__traits.hpp
[3.994s] -- Installing: /home/jinhan/mid_mobiity/install/midterm_msgs/include/midterm_msgs/midterm_msgs/msg/wall_list.hpp
[3.994s] -- Installing: /home/jinhan/mid_mobiity/install/midterm_msgs/include/midterm_msgs/midterm_msgs/msg/simple_lidar.hpp
[3.994s] -- Installing: /home/jinhan/mid_mobiity/install/midterm_msgs/include/midterm_msgs/midterm_msgs/msg/rosidl_generator_cpp__visibility_control.hpp
[3.994s] -- Installing: /home/jinhan/mid_mobiity/install/midterm_msgs/include/midterm_msgs/midterm_msgs/msg/control.hpp
[3.994s] -- Installing: /home/jinhan/mid_mobiity/install/midterm_msgs/include/midterm_msgs/midterm_msgs/msg/wall.hpp
[3.994s] -- Installing: /home/jinhan/mid_mobiity/install/midterm_msgs/include/midterm_msgs/midterm_msgs/msg/goal.hpp
[3.994s] -- Up-to-date: /home/jinhan/mid_mobiity/install/midterm_msgs/include/midterm_msgs/midterm_msgs
[3.994s] -- Up-to-date: /home/jinhan/mid_mobiity/install/midterm_msgs/include/midterm_msgs/midterm_msgs/msg
[3.994s] -- Installing: /home/jinhan/mid_mobiity/install/midterm_msgs/include/midterm_msgs/midterm_msgs/msg/rosidl_typesupport_fastrtps_cpp__visibility_control.h
[3.994s] -- Up-to-date: /home/jinhan/mid_mobiity/install/midterm_msgs/include/midterm_msgs/midterm_msgs/msg/detail
[3.995s] -- Installing: /home/jinhan/mid_mobiity/install/midterm_msgs/include/midterm_msgs/midterm_msgs/msg/detail/control__rosidl_typesupport_fastrtps_cpp.hpp
[3.995s] -- Installing: /home/jinhan/mid_mobiity/install/midterm_msgs/include/midterm_msgs/midterm_msgs/msg/detail/wall__rosidl_typesupport_fastrtps_cpp.hpp
[3.995s] -- Installing: /home/jinhan/mid_mobiity/install/midterm_msgs/include/midterm_msgs/midterm_msgs/msg/detail/dds_fastrtps
[3.995s] -- Installing: /home/jinhan/mid_mobiity/install/midterm_msgs/include/midterm_msgs/midterm_msgs/msg/detail/wall_list__rosidl_typesupport_fastrtps_cpp.hpp
[3.995s] -- Installing: /home/jinhan/mid_mobiity/install/midterm_msgs/include/midterm_msgs/midterm_msgs/msg/detail/goal__rosidl_typesupport_fastrtps_cpp.hpp
[3.995s] -- Installing: /home/jinhan/mid_mobiity/install/midterm_msgs/include/midterm_msgs/midterm_msgs/msg/detail/simple_lidar__rosidl_typesupport_fastrtps_cpp.hpp
[3.995s] -- Installing: /home/jinhan/mid_mobiity/install/midterm_msgs/include/midterm_msgs/midterm_msgs/msg/detail/simple_gps__rosidl_typesupport_fastrtps_cpp.hpp
[3.995s] -- Installing: /home/jinhan/mid_mobiity/install/midterm_msgs/lib/libmidterm_msgs__rosidl_typesupport_fastrtps_cpp.so
[3.995s] -- Set runtime path of "/home/jinhan/mid_mobiity/install/midterm_msgs/lib/libmidterm_msgs__rosidl_typesupport_fastrtps_cpp.so" to ""
[3.995s] -- Up-to-date: /home/jinhan/mid_mobiity/install/midterm_msgs/include/midterm_msgs/midterm_msgs
[3.995s] -- Up-to-date: /home/jinhan/mid_mobiity/install/midterm_msgs/include/midterm_msgs/midterm_msgs/msg
[3.995s] -- Up-to-date: /home/jinhan/mid_mobiity/install/midterm_msgs/include/midterm_msgs/midterm_msgs/msg/detail
[3.995s] -- Installing: /home/jinhan/mid_mobiity/install/midterm_msgs/include/midterm_msgs/midterm_msgs/msg/detail/simple_lidar__type_support.c
[3.995s] -- Installing: /home/jinhan/mid_mobiity/install/midterm_msgs/include/midterm_msgs/midterm_msgs/msg/detail/wall__type_support.c
[3.995s] -- Installing: /home/jinhan/mid_mobiity/install/midterm_msgs/include/midterm_msgs/midterm_msgs/msg/detail/wall_list__rosidl_typesupport_introspection_c.h
[3.996s] -- Installing: /home/jinhan/mid_mobiity/install/midterm_msgs/include/midterm_msgs/midterm_msgs/msg/detail/control__type_support.c
[3.996s] -- Installing: /home/jinhan/mid_mobiity/install/midterm_msgs/include/midterm_msgs/midterm_msgs/msg/detail/simple_gps__rosidl_typesupport_introspection_c.h
[3.996s] -- Installing: /home/jinhan/mid_mobiity/install/midterm_msgs/include/midterm_msgs/midterm_msgs/msg/detail/wall_list__type_support.c
[3.996s] -- Installing: /home/jinhan/mid_mobiity/install/midterm_msgs/include/midterm_msgs/midterm_msgs/msg/detail/goal__type_support.c
[3.996s] -- Installing: /home/jinhan/mid_mobiity/install/midterm_msgs/include/midterm_msgs/midterm_msgs/msg/detail/wall__rosidl_typesupport_introspection_c.h
[3.996s] -- Installing: /home/jinhan/mid_mobiity/install/midterm_msgs/include/midterm_msgs/midterm_msgs/msg/detail/goal__rosidl_typesupport_introspection_c.h
[3.996s] -- Installing: /home/jinhan/mid_mobiity/install/midterm_msgs/include/midterm_msgs/midterm_msgs/msg/detail/simple_lidar__rosidl_typesupport_introspection_c.h
[3.996s] -- Installing: /home/jinhan/mid_mobiity/install/midterm_msgs/include/midterm_msgs/midterm_msgs/msg/detail/simple_gps__type_support.c
[3.996s] -- Installing: /home/jinhan/mid_mobiity/install/midterm_msgs/include/midterm_msgs/midterm_msgs/msg/detail/control__rosidl_typesupport_introspection_c.h
[3.996s] -- Installing: /home/jinhan/mid_mobiity/install/midterm_msgs/include/midterm_msgs/midterm_msgs/msg/rosidl_typesupport_introspection_c__visibility_control.h
[3.996s] -- Installing: /home/jinhan/mid_mobiity/install/midterm_msgs/lib/libmidterm_msgs__rosidl_typesupport_introspection_c.so
[3.996s] -- Set runtime path of "/home/jinhan/mid_mobiity/install/midterm_msgs/lib/libmidterm_msgs__rosidl_typesupport_introspection_c.so" to ""
[3.996s] -- Installing: /home/jinhan/mid_mobiity/install/midterm_msgs/lib/libmidterm_msgs__rosidl_typesupport_c.so
[3.996s] -- Set runtime path of "/home/jinhan/mid_mobiity/install/midterm_msgs/lib/libmidterm_msgs__rosidl_typesupport_c.so" to ""
[3.996s] -- Up-to-date: /home/jinhan/mid_mobiity/install/midterm_msgs/include/midterm_msgs/midterm_msgs
[3.996s] -- Up-to-date: /home/jinhan/mid_mobiity/install/midterm_msgs/include/midterm_msgs/midterm_msgs/msg
[3.996s] -- Up-to-date: /home/jinhan/mid_mobiity/install/midterm_msgs/include/midterm_msgs/midterm_msgs/msg/detail
[3.996s] -- Installing: /home/jinhan/mid_mobiity/install/midterm_msgs/include/midterm_msgs/midterm_msgs/msg/detail/simple_lidar__type_support.cpp
[3.996s] -- Installing: /home/jinhan/mid_mobiity/install/midterm_msgs/include/midterm_msgs/midterm_msgs/msg/detail/control__type_support.cpp
[3.996s] -- Installing: /home/jinhan/mid_mobiity/install/midterm_msgs/include/midterm_msgs/midterm_msgs/msg/detail/wall_list__rosidl_typesupport_introspection_cpp.hpp
[3.997s] -- Installing: /home/jinhan/mid_mobiity/install/midterm_msgs/include/midterm_msgs/midterm_msgs/msg/detail/goal__rosidl_typesupport_introspection_cpp.hpp
[3.997s] -- Installing: /home/jinhan/mid_mobiity/install/midterm_msgs/include/midterm_msgs/midterm_msgs/msg/detail/wall__rosidl_typesupport_introspection_cpp.hpp
[3.997s] -- Installing: /home/jinhan/mid_mobiity/install/midterm_msgs/include/midterm_msgs/midterm_msgs/msg/detail/simple_lidar__rosidl_typesupport_introspection_cpp.hpp
[3.997s] -- Installing: /home/jinhan/mid_mobiity/install/midterm_msgs/include/midterm_msgs/midterm_msgs/msg/detail/wall_list__type_support.cpp
[3.997s] -- Installing: /home/jinhan/mid_mobiity/install/midterm_msgs/include/midterm_msgs/midterm_msgs/msg/detail/control__rosidl_typesupport_introspection_cpp.hpp
[3.997s] -- Installing: /home/jinhan/mid_mobiity/install/midterm_msgs/include/midterm_msgs/midterm_msgs/msg/detail/simple_gps__type_support.cpp
[3.997s] -- Installing: /home/jinhan/mid_mobiity/install/midterm_msgs/include/midterm_msgs/midterm_msgs/msg/detail/simple_gps__rosidl_typesupport_introspection_cpp.hpp
[3.997s] -- Installing: /home/jinhan/mid_mobiity/install/midterm_msgs/include/midterm_msgs/midterm_msgs/msg/detail/wall__type_support.cpp
[3.997s] -- Installing: /home/jinhan/mid_mobiity/install/midterm_msgs/include/midterm_msgs/midterm_msgs/msg/detail/goal__type_support.cpp
[3.997s] -- Installing: /home/jinhan/mid_mobiity/install/midterm_msgs/lib/libmidterm_msgs__rosidl_typesupport_introspection_cpp.so
[3.997s] -- Set runtime path of "/home/jinhan/mid_mobiity/install/midterm_msgs/lib/libmidterm_msgs__rosidl_typesupport_introspection_cpp.so" to ""
[3.997s] -- Installing: /home/jinhan/mid_mobiity/install/midterm_msgs/lib/libmidterm_msgs__rosidl_typesupport_cpp.so
[3.997s] -- Set runtime path of "/home/jinhan/mid_mobiity/install/midterm_msgs/lib/libmidterm_msgs__rosidl_typesupport_cpp.so" to ""
[3.997s] -- Installing: /home/jinhan/mid_mobiity/install/midterm_msgs/share/midterm_msgs/environment/pythonpath.sh
[3.997s] -- Installing: /home/jinhan/mid_mobiity/install/midterm_msgs/share/midterm_msgs/environment/pythonpath.dsv
[3.997s] -- Installing: /home/jinhan/mid_mobiity/install/midterm_msgs/local/lib/python3.10/dist-packages/midterm_msgs-0.0.0-py3.10.egg-info
[3.998s] -- Installing: /home/jinhan/mid_mobiity/install/midterm_msgs/local/lib/python3.10/dist-packages/midterm_msgs-0.0.0-py3.10.egg-info/SOURCES.txt
[3.998s] -- Installing: /home/jinhan/mid_mobiity/install/midterm_msgs/local/lib/python3.10/dist-packages/midterm_msgs-0.0.0-py3.10.egg-info/top_level.txt
[3.998s] -- Installing: /home/jinhan/mid_mobiity/install/midterm_msgs/local/lib/python3.10/dist-packages/midterm_msgs-0.0.0-py3.10.egg-info/PKG-INFO
[3.998s] -- Installing: /home/jinhan/mid_mobiity/install/midterm_msgs/local/lib/python3.10/dist-packages/midterm_msgs-0.0.0-py3.10.egg-info/dependency_links.txt
[3.998s] -- Installing: /home/jinhan/mid_mobiity/install/midterm_msgs/local/lib/python3.10/dist-packages/midterm_msgs
[3.998s] -- Installing: /home/jinhan/mid_mobiity/install/midterm_msgs/local/lib/python3.10/dist-packages/midterm_msgs/midterm_msgs_s__rosidl_typesupport_fastrtps_c.cpython-310-x86_64-linux-gnu.so
[3.998s] -- Installing: /home/jinhan/mid_mobiity/install/midterm_msgs/local/lib/python3.10/dist-packages/midterm_msgs/libmidterm_msgs__rosidl_generator_py.so
[3.998s] -- Installing: /home/jinhan/mid_mobiity/install/midterm_msgs/local/lib/python3.10/dist-packages/midterm_msgs/_midterm_msgs_s.ep.rosidl_typesupport_c.c
[3.998s] -- Installing: /home/jinhan/mid_mobiity/install/midterm_msgs/local/lib/python3.10/dist-packages/midterm_msgs/midterm_msgs_s__rosidl_typesupport_introspection_c.cpython-310-x86_64-linux-gnu.so
[3.998s] -- Installing: /home/jinhan/mid_mobiity/install/midterm_msgs/local/lib/python3.10/dist-packages/midterm_msgs/midterm_msgs_s__rosidl_typesupport_c.cpython-310-x86_64-linux-gnu.so
[3.998s] -- Installing: /home/jinhan/mid_mobiity/install/midterm_msgs/local/lib/python3.10/dist-packages/midterm_msgs/msg
[3.998s] -- Installing: /home/jinhan/mid_mobiity/install/midterm_msgs/local/lib/python3.10/dist-packages/midterm_msgs/msg/_simple_lidar.py
[3.998s] -- Installing: /home/jinhan/mid_mobiity/install/midterm_msgs/local/lib/python3.10/dist-packages/midterm_msgs/msg/_simple_gps.py
[3.998s] -- Installing: /home/jinhan/mid_mobiity/install/midterm_msgs/local/lib/python3.10/dist-packages/midterm_msgs/msg/_simple_lidar_s.c
[3.998s] -- Installing: /home/jinhan/mid_mobiity/install/midterm_msgs/local/lib/python3.10/dist-packages/midterm_msgs/msg/_goal_s.c
[3.998s] -- Installing: /home/jinhan/mid_mobiity/install/midterm_msgs/local/lib/python3.10/dist-packages/midterm_msgs/msg/_wall_list.py
[3.998s] -- Installing: /home/jinhan/mid_mobiity/install/midterm_msgs/local/lib/python3.10/dist-packages/midterm_msgs/msg/_wall_s.c
[3.998s] -- Installing: /home/jinhan/mid_mobiity/install/midterm_msgs/local/lib/python3.10/dist-packages/midterm_msgs/msg/_wall_list_s.c
[3.998s] -- Installing: /home/jinhan/mid_mobiity/install/midterm_msgs/local/lib/python3.10/dist-packages/midterm_msgs/msg/_goal.py
[3.998s] -- Installing: /home/jinhan/mid_mobiity/install/midterm_msgs/local/lib/python3.10/dist-packages/midterm_msgs/msg/_wall.py
[3.998s] -- Installing: /home/jinhan/mid_mobiity/install/midterm_msgs/local/lib/python3.10/dist-packages/midterm_msgs/msg/__init__.py
[3.998s] -- Installing: /home/jinhan/mid_mobiity/install/midterm_msgs/local/lib/python3.10/dist-packages/midterm_msgs/msg/_simple_gps_s.c
[3.998s] -- Installing: /home/jinhan/mid_mobiity/install/midterm_msgs/local/lib/python3.10/dist-packages/midterm_msgs/msg/_control_s.c
[3.999s] -- Installing: /home/jinhan/mid_mobiity/install/midterm_msgs/local/lib/python3.10/dist-packages/midterm_msgs/msg/_control.py
[3.999s] -- Installing: /home/jinhan/mid_mobiity/install/midterm_msgs/local/lib/python3.10/dist-packages/midterm_msgs/__init__.py
[3.999s] -- Installing: /home/jinhan/mid_mobiity/install/midterm_msgs/local/lib/python3.10/dist-packages/midterm_msgs/_midterm_msgs_s.ep.rosidl_typesupport_introspection_c.c
[3.999s] -- Installing: /home/jinhan/mid_mobiity/install/midterm_msgs/local/lib/python3.10/dist-packages/midterm_msgs/_midterm_msgs_s.ep.rosidl_typesupport_fastrtps_c.c
[4.024s] Listing '/home/jinhan/mid_mobiity/install/midterm_msgs/local/lib/python3.10/dist-packages/midterm_msgs'...
[4.024s] Compiling '/home/jinhan/mid_mobiity/install/midterm_msgs/local/lib/python3.10/dist-packages/midterm_msgs/__init__.py'...
[4.024s] Listing '/home/jinhan/mid_mobiity/install/midterm_msgs/local/lib/python3.10/dist-packages/midterm_msgs/msg'...
[4.024s] Compiling '/home/jinhan/mid_mobiity/install/midterm_msgs/local/lib/python3.10/dist-packages/midterm_msgs/msg/__init__.py'...
[4.024s] Compiling '/home/jinhan/mid_mobiity/install/midterm_msgs/local/lib/python3.10/dist-packages/midterm_msgs/msg/_control.py'...
[4.024s] Compiling '/home/jinhan/mid_mobiity/install/midterm_msgs/local/lib/python3.10/dist-packages/midterm_msgs/msg/_goal.py'...
[4.024s] Compiling '/home/jinhan/mid_mobiity/install/midterm_msgs/local/lib/python3.10/dist-packages/midterm_msgs/msg/_simple_gps.py'...
[4.024s] Compiling '/home/jinhan/mid_mobiity/install/midterm_msgs/local/lib/python3.10/dist-packages/midterm_msgs/msg/_simple_lidar.py'...
[4.024s] Compiling '/home/jinhan/mid_mobiity/install/midterm_msgs/local/lib/python3.10/dist-packages/midterm_msgs/msg/_wall.py'...
[4.024s] Compiling '/home/jinhan/mid_mobiity/install/midterm_msgs/local/lib/python3.10/dist-packages/midterm_msgs/msg/_wall_list.py'...
[4.027s] -- Installing: /home/jinhan/mid_mobiity/install/midterm_msgs/local/lib/python3.10/dist-packages/midterm_msgs/midterm_msgs_s__rosidl_typesupport_fastrtps_c.cpython-310-x86_64-linux-gnu.so
[4.027s] -- Set runtime path of "/home/jinhan/mid_mobiity/install/midterm_msgs/local/lib/python3.10/dist-packages/midterm_msgs/midterm_msgs_s__rosidl_typesupport_fastrtps_c.cpython-310-x86_64-linux-gnu.so" to ""
[4.028s] -- Installing: /home/jinhan/mid_mobiity/install/midterm_msgs/local/lib/python3.10/dist-packages/midterm_msgs/midterm_msgs_s__rosidl_typesupport_introspection_c.cpython-310-x86_64-linux-gnu.so
[4.028s] -- Set runtime path of "/home/jinhan/mid_mobiity/install/midterm_msgs/local/lib/python3.10/dist-packages/midterm_msgs/midterm_msgs_s__rosidl_typesupport_introspection_c.cpython-310-x86_64-linux-gnu.so" to ""
[4.028s] -- Installing: /home/jinhan/mid_mobiity/install/midterm_msgs/local/lib/python3.10/dist-packages/midterm_msgs/midterm_msgs_s__rosidl_typesupport_c.cpython-310-x86_64-linux-gnu.so
[4.028s] -- Set runtime path of "/home/jinhan/mid_mobiity/install/midterm_msgs/local/lib/python3.10/dist-packages/midterm_msgs/midterm_msgs_s__rosidl_typesupport_c.cpython-310-x86_64-linux-gnu.so" to ""
[4.028s] -- Installing: /home/jinhan/mid_mobiity/install/midterm_msgs/lib/libmidterm_msgs__rosidl_generator_py.so
[4.028s] -- Set runtime path of "/home/jinhan/mid_mobiity/install/midterm_msgs/lib/libmidterm_msgs__rosidl_generator_py.so" to ""
[4.028s] -- Installing: /home/jinhan/mid_mobiity/install/midterm_msgs/share/midterm_msgs/msg/Wall.idl
[4.028s] -- Installing: /home/jinhan/mid_mobiity/install/midterm_msgs/share/midterm_msgs/msg/Goal.idl
[4.028s] -- Installing: /home/jinhan/mid_mobiity/install/midterm_msgs/share/midterm_msgs/msg/SimpleGPS.idl
[4.028s] -- Installing: /home/jinhan/mid_mobiity/install/midterm_msgs/share/midterm_msgs/msg/SimpleLidar.idl
[4.028s] -- Installing: /home/jinhan/mid_mobiity/install/midterm_msgs/share/midterm_msgs/msg/WallList.idl
[4.028s] -- Installing: /home/jinhan/mid_mobiity/install/midterm_msgs/share/midterm_msgs/msg/Control.idl
[4.028s] -- Installing: /home/jinhan/mid_mobiity/install/midterm_msgs/share/midterm_msgs/msg/Wall.msg
[4.028s] -- Installing: /home/jinhan/mid_mobiity/install/midterm_msgs/share/midterm_msgs/msg/Goal.msg
[4.029s] -- Installing: /home/jinhan/mid_mobiity/install/midterm_msgs/share/midterm_msgs/msg/SimpleGPS.msg
[4.029s] -- Installing: /home/jinhan/mid_mobiity/install/midterm_msgs/share/midterm_msgs/msg/SimpleLidar.msg
[4.029s] -- Installing: /home/jinhan/mid_mobiity/install/midterm_msgs/share/midterm_msgs/msg/WallList.msg
[4.029s] -- Installing: /home/jinhan/mid_mobiity/install/midterm_msgs/share/midterm_msgs/msg/Control.msg
[4.029s] -- Installing: /home/jinhan/mid_mobiity/install/midterm_msgs/share/ament_index/resource_index/package_run_dependencies/midterm_msgs
[4.029s] -- Installing: /home/jinhan/mid_mobiity/install/midterm_msgs/share/ament_index/resource_index/parent_prefix_path/midterm_msgs
[4.029s] -- Installing: /home/jinhan/mid_mobiity/install/midterm_msgs/share/midterm_msgs/environment/ament_prefix_path.sh
[4.029s] -- Installing: /home/jinhan/mid_mobiity/install/midterm_msgs/share/midterm_msgs/environment/ament_prefix_path.dsv
[4.029s] -- Installing: /home/jinhan/mid_mobiity/install/midterm_msgs/share/midterm_msgs/environment/path.sh
[4.029s] -- Installing: /home/jinhan/mid_mobiity/install/midterm_msgs/share/midterm_msgs/environment/path.dsv
[4.029s] -- Installing: /home/jinhan/mid_mobiity/install/midterm_msgs/share/midterm_msgs/local_setup.bash
[4.029s] -- Installing: /home/jinhan/mid_mobiity/install/midterm_msgs/share/midterm_msgs/local_setup.sh
[4.029s] -- Installing: /home/jinhan/mid_mobiity/install/midterm_msgs/share/midterm_msgs/local_setup.zsh
[4.029s] -- Installing: /home/jinhan/mid_mobiity/install/midterm_msgs/share/midterm_msgs/local_setup.dsv
[4.029s] -- Installing: /home/jinhan/mid_mobiity/install/midterm_msgs/share/midterm_msgs/package.dsv
[4.029s] -- Installing: /home/jinhan/mid_mobiity/install/midterm_msgs/share/ament_index/resource_index/packages/midterm_msgs
[4.029s] -- Installing: /home/jinhan/mid_mobiity/install/midterm_msgs/share/midterm_msgs/cmake/export_midterm_msgs__rosidl_generator_cExport.cmake
[4.029s] -- Installing: /home/jinhan/mid_mobiity/install/midterm_msgs/share/midterm_msgs/cmake/export_midterm_msgs__rosidl_generator_cExport-noconfig.cmake
[4.029s] -- Installing: /home/jinhan/mid_mobiity/install/midterm_msgs/share/midterm_msgs/cmake/export_midterm_msgs__rosidl_typesupport_fastrtps_cExport.cmake
[4.030s] -- Installing: /home/jinhan/mid_mobiity/install/midterm_msgs/share/midterm_msgs/cmake/export_midterm_msgs__rosidl_typesupport_fastrtps_cExport-noconfig.cmake
[4.030s] -- Installing: /home/jinhan/mid_mobiity/install/midterm_msgs/share/midterm_msgs/cmake/export_midterm_msgs__rosidl_generator_cppExport.cmake
[4.030s] -- Installing: /home/jinhan/mid_mobiity/install/midterm_msgs/share/midterm_msgs/cmake/export_midterm_msgs__rosidl_typesupport_fastrtps_cppExport.cmake
[4.030s] -- Installing: /home/jinhan/mid_mobiity/install/midterm_msgs/share/midterm_msgs/cmake/export_midterm_msgs__rosidl_typesupport_fastrtps_cppExport-noconfig.cmake
[4.030s] -- Installing: /home/jinhan/mid_mobiity/install/midterm_msgs/share/midterm_msgs/cmake/midterm_msgs__rosidl_typesupport_introspection_cExport.cmake
[4.030s] -- Installing: /home/jinhan/mid_mobiity/install/midterm_msgs/share/midterm_msgs/cmake/midterm_msgs__rosidl_typesupport_introspection_cExport-noconfig.cmake
[4.030s] -- Installing: /home/jinhan/mid_mobiity/install/midterm_msgs/share/midterm_msgs/cmake/midterm_msgs__rosidl_typesupport_cExport.cmake
[4.030s] -- Installing: /home/jinhan/mid_mobiity/install/midterm_msgs/share/midterm_msgs/cmake/midterm_msgs__rosidl_typesupport_cExport-noconfig.cmake
[4.030s] -- Installing: /home/jinhan/mid_mobiity/install/midterm_msgs/share/midterm_msgs/cmake/midterm_msgs__rosidl_typesupport_introspection_cppExport.cmake
[4.030s] -- Installing: /home/jinhan/mid_mobiity/install/midterm_msgs/share/midterm_msgs/cmake/midterm_msgs__rosidl_typesupport_introspection_cppExport-noconfig.cmake
[4.030s] -- Installing: /home/jinhan/mid_mobiity/install/midterm_msgs/share/midterm_msgs/cmake/midterm_msgs__rosidl_typesupport_cppExport.cmake
[4.030s] -- Installing: /home/jinhan/mid_mobiity/install/midterm_msgs/share/midterm_msgs/cmake/midterm_msgs__rosidl_typesupport_cppExport-noconfig.cmake
[4.030s] -- Installing: /home/jinhan/mid_mobiity/install/midterm_msgs/share/midterm_msgs/cmake/export_midterm_msgs__rosidl_generator_pyExport.cmake
[4.030s] -- Installing: /home/jinhan/mid_mobiity/install/midterm_msgs/share/midterm_msgs/cmake/export_midterm_msgs__rosidl_generator_pyExport-noconfig.cmake
[4.030s] -- Installing: /home/jinhan/mid_mobiity/install/midterm_msgs/share/midterm_msgs/cmake/rosidl_cmake-extras.cmake
[4.030s] -- Installing: /home/jinhan/mid_mobiity/install/midterm_msgs/share/midterm_msgs/cmake/ament_cmake_export_dependencies-extras.cmake
[4.030s] -- Installing: /home/jinhan/mid_mobiity/install/midterm_msgs/share/midterm_msgs/cmake/ament_cmake_export_include_directories-extras.cmake
[4.030s] -- Installing: /home/jinhan/mid_mobiity/install/midterm_msgs/share/midterm_msgs/cmake/ament_cmake_export_libraries-extras.cmake
[4.030s] -- Installing: /home/jinhan/mid_mobiity/install/midterm_msgs/share/midterm_msgs/cmake/ament_cmake_export_targets-extras.cmake
[4.031s] -- Installing: /home/jinhan/mid_mobiity/install/midterm_msgs/share/midterm_msgs/cmake/rosidl_cmake_export_typesupport_targets-extras.cmake
[4.031s] -- Installing: /home/jinhan/mid_mobiity/install/midterm_msgs/share/midterm_msgs/cmake/rosidl_cmake_export_typesupport_libraries-extras.cmake
[4.031s] -- Installing: /home/jinhan/mid_mobiity/install/midterm_msgs/share/midterm_msgs/cmake/midterm_msgsConfig.cmake
[4.031s] -- Installing: /home/jinhan/mid_mobiity/install/midterm_msgs/share/midterm_msgs/cmake/midterm_msgsConfig-version.cmake
[4.031s] -- Installing: /home/jinhan/mid_mobiity/install/midterm_msgs/share/midterm_msgs/package.xml
[4.033s] Invoked command in '/home/jinhan/mid_mobiity/build/midterm_msgs' returned '0': CMAKE_PREFIX_PATH=/opt/ros/humble /usr/bin/cmake --install /home/jinhan/mid_mobiity/build/midterm_msgs
