[0.066s] DEBUG:colcon:Command line arguments: ['/usr/bin/colcon', 'build']
[0.066s] DEBUG:colcon:Parsed command line arguments: Namespace(log_base=None, log_level=None, verb_name='build', build_base='build', install_base='install', merge_install=False, symlink_install=False, test_result_base=None, continue_on_error=False, executor='parallel', parallel_workers=12, event_handlers=None, ignore_user_meta=False, metas=['./colcon.meta'], base_paths=['.'], packages_ignore=None, packages_ignore_regex=None, paths=None, packages_up_to=None, packages_up_to_regex=None, packages_above=None, packages_above_and_dependencies=None, packages_above_depth=None, packages_select_by_dep=None, packages_skip_by_dep=None, packages_skip_up_to=None, packages_select_build_failed=False, packages_skip_build_finished=False, packages_select_test_failures=False, packages_skip_test_passed=False, packages_select=None, packages_skip=None, packages_select_regex=None, packages_skip_regex=None, packages_start=None, packages_end=None, allow_overriding=[], cmake_args=None, cmake_target=None, cmake_target_skip_unavailable=False, cmake_clean_cache=False, cmake_clean_first=False, cmake_force_configure=False, ament_cmake_args=None, catkin_cmake_args=None, catkin_skip_building_tests=False, verb_parser=<colcon_defaults.argument_parser.defaults.DefaultArgumentsDecorator object at 0x734f31cd4520>, verb_extension=<colcon_core.verb.build.BuildVerb object at 0x734f31e65930>, main=<bound method BuildVerb.main of <colcon_core.verb.build.BuildVerb object at 0x734f31e65930>>)
[0.166s] Level 1:colcon.colcon_core.package_discovery:discover_packages(colcon_meta) check parameters
[0.166s] Level 1:colcon.colcon_core.package_discovery:discover_packages(recursive) check parameters
[0.166s] Level 1:colcon.colcon_core.package_discovery:discover_packages(ignore) check parameters
[0.166s] Level 1:colcon.colcon_core.package_discovery:discover_packages(path) check parameters
[0.166s] Level 1:colcon.colcon_core.package_discovery:discover_packages(colcon_meta) discover
[0.166s] Level 1:colcon.colcon_core.package_discovery:discover_packages(recursive) discover
[0.166s] INFO:colcon.colcon_core.package_discovery:Crawling recursively for packages in '/home/jinhan/mid_mobiity'
[0.166s] Level 1:colcon.colcon_core.package_identification:_identify(.) by extensions ['ignore', 'ignore_ament_install']
[0.166s] Level 1:colcon.colcon_core.package_identification:_identify(.) by extension 'ignore'
[0.166s] Level 1:colcon.colcon_core.package_identification:_identify(.) by extension 'ignore_ament_install'
[0.166s] Level 1:colcon.colcon_core.package_identification:_identify(.) by extensions ['colcon_pkg']
[0.166s] Level 1:colcon.colcon_core.package_identification:_identify(.) by extension 'colcon_pkg'
[0.166s] Level 1:colcon.colcon_core.package_identification:_identify(.) by extensions ['colcon_meta']
[0.166s] Level 1:colcon.colcon_core.package_identification:_identify(.) by extension 'colcon_meta'
[0.166s] Level 1:colcon.colcon_core.package_identification:_identify(.) by extensions ['ros']
[0.166s] Level 1:colcon.colcon_core.package_identification:_identify(.) by extension 'ros'
[0.174s] Level 1:colcon.colcon_core.package_identification:_identify(.) by extensions ['cmake', 'python']
[0.174s] Level 1:colcon.colcon_core.package_identification:_identify(.) by extension 'cmake'
[0.174s] Level 1:colcon.colcon_core.package_identification:_identify(.) by extension 'python'
[0.174s] Level 1:colcon.colcon_core.package_identification:_identify(.) by extensions ['python_setup_py']
[0.174s] Level 1:colcon.colcon_core.package_identification:_identify(.) by extension 'python_setup_py'
[0.174s] Level 1:colcon.colcon_core.package_identification:_identify(build) by extensions ['ignore', 'ignore_ament_install']
[0.174s] Level 1:colcon.colcon_core.package_identification:_identify(build) by extension 'ignore'
[0.174s] Level 1:colcon.colcon_core.package_identification:_identify(build) ignored
[0.174s] Level 1:colcon.colcon_core.package_identification:_identify(install) by extensions ['ignore', 'ignore_ament_install']
[0.174s] Level 1:colcon.colcon_core.package_identification:_identify(install) by extension 'ignore'
[0.174s] Level 1:colcon.colcon_core.package_identification:_identify(install) ignored
[0.174s] Level 1:colcon.colcon_core.package_identification:_identify(log) by extensions ['ignore', 'ignore_ament_install']
[0.174s] Level 1:colcon.colcon_core.package_identification:_identify(log) by extension 'ignore'
[0.174s] Level 1:colcon.colcon_core.package_identification:_identify(log) ignored
[0.174s] Level 1:colcon.colcon_core.package_identification:_identify(src) by extensions ['ignore', 'ignore_ament_install']
[0.174s] Level 1:colcon.colcon_core.package_identification:_identify(src) by extension 'ignore'
[0.174s] Level 1:colcon.colcon_core.package_identification:_identify(src) by extension 'ignore_ament_install'
[0.174s] Level 1:colcon.colcon_core.package_identification:_identify(src) by extensions ['colcon_pkg']
[0.174s] Level 1:colcon.colcon_core.package_identification:_identify(src) by extension 'colcon_pkg'
[0.175s] Level 1:colcon.colcon_core.package_identification:_identify(src) by extensions ['colcon_meta']
[0.175s] Level 1:colcon.colcon_core.package_identification:_identify(src) by extension 'colcon_meta'
[0.175s] Level 1:colcon.colcon_core.package_identification:_identify(src) by extensions ['ros']
[0.175s] Level 1:colcon.colcon_core.package_identification:_identify(src) by extension 'ros'
[0.175s] Level 1:colcon.colcon_core.package_identification:_identify(src) by extensions ['cmake', 'python']
[0.175s] Level 1:colcon.colcon_core.package_identification:_identify(src) by extension 'cmake'
[0.175s] Level 1:colcon.colcon_core.package_identification:_identify(src) by extension 'python'
[0.175s] Level 1:colcon.colcon_core.package_identification:_identify(src) by extensions ['python_setup_py']
[0.175s] Level 1:colcon.colcon_core.package_identification:_identify(src) by extension 'python_setup_py'
[0.175s] Level 1:colcon.colcon_core.package_identification:_identify(src/env) by extensions ['ignore', 'ignore_ament_install']
[0.175s] Level 1:colcon.colcon_core.package_identification:_identify(src/env) by extension 'ignore'
[0.175s] Level 1:colcon.colcon_core.package_identification:_identify(src/env) by extension 'ignore_ament_install'
[0.175s] Level 1:colcon.colcon_core.package_identification:_identify(src/env) by extensions ['colcon_pkg']
[0.175s] Level 1:colcon.colcon_core.package_identification:_identify(src/env) by extension 'colcon_pkg'
[0.175s] Level 1:colcon.colcon_core.package_identification:_identify(src/env) by extensions ['colcon_meta']
[0.175s] Level 1:colcon.colcon_core.package_identification:_identify(src/env) by extension 'colcon_meta'
[0.175s] Level 1:colcon.colcon_core.package_identification:_identify(src/env) by extensions ['ros']
[0.175s] Level 1:colcon.colcon_core.package_identification:_identify(src/env) by extension 'ros'
[0.175s] Level 1:colcon.colcon_core.package_identification:_identify(src/env) by extensions ['cmake', 'python']
[0.175s] Level 1:colcon.colcon_core.package_identification:_identify(src/env) by extension 'cmake'
[0.175s] Level 1:colcon.colcon_core.package_identification:_identify(src/env) by extension 'python'
[0.175s] Level 1:colcon.colcon_core.package_identification:_identify(src/env) by extensions ['python_setup_py']
[0.175s] Level 1:colcon.colcon_core.package_identification:_identify(src/env) by extension 'python_setup_py'
[0.175s] Level 1:colcon.colcon_core.package_identification:_identify(src/env/env) by extensions ['ignore', 'ignore_ament_install']
[0.175s] Level 1:colcon.colcon_core.package_identification:_identify(src/env/env) by extension 'ignore'
[0.175s] Level 1:colcon.colcon_core.package_identification:_identify(src/env/env) by extension 'ignore_ament_install'
[0.175s] Level 1:colcon.colcon_core.package_identification:_identify(src/env/env) by extensions ['colcon_pkg']
[0.175s] Level 1:colcon.colcon_core.package_identification:_identify(src/env/env) by extension 'colcon_pkg'
[0.175s] Level 1:colcon.colcon_core.package_identification:_identify(src/env/env) by extensions ['colcon_meta']
[0.175s] Level 1:colcon.colcon_core.package_identification:_identify(src/env/env) by extension 'colcon_meta'
[0.175s] Level 1:colcon.colcon_core.package_identification:_identify(src/env/env) by extensions ['ros']
[0.175s] Level 1:colcon.colcon_core.package_identification:_identify(src/env/env) by extension 'ros'
[0.175s] Level 1:colcon.colcon_core.package_identification:_identify(src/env/env) by extensions ['cmake', 'python']
[0.175s] Level 1:colcon.colcon_core.package_identification:_identify(src/env/env) by extension 'cmake'
[0.175s] Level 1:colcon.colcon_core.package_identification:_identify(src/env/env) by extension 'python'
[0.175s] Level 1:colcon.colcon_core.package_identification:_identify(src/env/env) by extensions ['python_setup_py']
[0.175s] Level 1:colcon.colcon_core.package_identification:_identify(src/env/env) by extension 'python_setup_py'
[0.175s] Level 1:colcon.colcon_core.package_identification:_identify(src/env/env/auto_driving) by extensions ['ignore', 'ignore_ament_install']
[0.175s] Level 1:colcon.colcon_core.package_identification:_identify(src/env/env/auto_driving) by extension 'ignore'
[0.175s] Level 1:colcon.colcon_core.package_identification:_identify(src/env/env/auto_driving) by extension 'ignore_ament_install'
[0.176s] Level 1:colcon.colcon_core.package_identification:_identify(src/env/env/auto_driving) by extensions ['colcon_pkg']
[0.176s] Level 1:colcon.colcon_core.package_identification:_identify(src/env/env/auto_driving) by extension 'colcon_pkg'
[0.176s] Level 1:colcon.colcon_core.package_identification:_identify(src/env/env/auto_driving) by extensions ['colcon_meta']
[0.176s] Level 1:colcon.colcon_core.package_identification:_identify(src/env/env/auto_driving) by extension 'colcon_meta'
[0.176s] Level 1:colcon.colcon_core.package_identification:_identify(src/env/env/auto_driving) by extensions ['ros']
[0.176s] Level 1:colcon.colcon_core.package_identification:_identify(src/env/env/auto_driving) by extension 'ros'
[0.177s] DEBUG:colcon.colcon_core.package_identification:Package 'src/env/env/auto_driving' with type 'ros.ament_python' and name 'auto_driving'
[0.177s] Level 1:colcon.colcon_core.package_identification:_identify(src/env/env/auto_driving2) by extensions ['ignore', 'ignore_ament_install']
[0.177s] Level 1:colcon.colcon_core.package_identification:_identify(src/env/env/auto_driving2) by extension 'ignore'
[0.177s] Level 1:colcon.colcon_core.package_identification:_identify(src/env/env/auto_driving2) by extension 'ignore_ament_install'
[0.178s] Level 1:colcon.colcon_core.package_identification:_identify(src/env/env/auto_driving2) by extensions ['colcon_pkg']
[0.178s] Level 1:colcon.colcon_core.package_identification:_identify(src/env/env/auto_driving2) by extension 'colcon_pkg'
[0.178s] Level 1:colcon.colcon_core.package_identification:_identify(src/env/env/auto_driving2) by extensions ['colcon_meta']
[0.178s] Level 1:colcon.colcon_core.package_identification:_identify(src/env/env/auto_driving2) by extension 'colcon_meta'
[0.178s] Level 1:colcon.colcon_core.package_identification:_identify(src/env/env/auto_driving2) by extensions ['ros']
[0.178s] Level 1:colcon.colcon_core.package_identification:_identify(src/env/env/auto_driving2) by extension 'ros'
[0.178s] DEBUG:colcon.colcon_core.package_identification:Package 'src/env/env/auto_driving2' with type 'ros.ament_python' and name 'auto_driving2'
[0.178s] Level 1:colcon.colcon_core.package_identification:_identify(src/env/env/midterm_env) by extensions ['ignore', 'ignore_ament_install']
[0.178s] Level 1:colcon.colcon_core.package_identification:_identify(src/env/env/midterm_env) by extension 'ignore'
[0.178s] Level 1:colcon.colcon_core.package_identification:_identify(src/env/env/midterm_env) by extension 'ignore_ament_install'
[0.178s] Level 1:colcon.colcon_core.package_identification:_identify(src/env/env/midterm_env) by extensions ['colcon_pkg']
[0.178s] Level 1:colcon.colcon_core.package_identification:_identify(src/env/env/midterm_env) by extension 'colcon_pkg'
[0.178s] Level 1:colcon.colcon_core.package_identification:_identify(src/env/env/midterm_env) by extensions ['colcon_meta']
[0.178s] Level 1:colcon.colcon_core.package_identification:_identify(src/env/env/midterm_env) by extension 'colcon_meta'
[0.178s] Level 1:colcon.colcon_core.package_identification:_identify(src/env/env/midterm_env) by extensions ['ros']
[0.178s] Level 1:colcon.colcon_core.package_identification:_identify(src/env/env/midterm_env) by extension 'ros'
[0.179s] DEBUG:colcon.colcon_core.package_identification:Package 'src/env/env/midterm_env' with type 'ros.ament_python' and name 'midterm_env'
[0.179s] Level 1:colcon.colcon_core.package_identification:_identify(src/env/env/midterm_msgs) by extensions ['ignore', 'ignore_ament_install']
[0.179s] Level 1:colcon.colcon_core.package_identification:_identify(src/env/env/midterm_msgs) by extension 'ignore'
[0.179s] Level 1:colcon.colcon_core.package_identification:_identify(src/env/env/midterm_msgs) by extension 'ignore_ament_install'
[0.179s] Level 1:colcon.colcon_core.package_identification:_identify(src/env/env/midterm_msgs) by extensions ['colcon_pkg']
[0.179s] Level 1:colcon.colcon_core.package_identification:_identify(src/env/env/midterm_msgs) by extension 'colcon_pkg'
[0.179s] Level 1:colcon.colcon_core.package_identification:_identify(src/env/env/midterm_msgs) by extensions ['colcon_meta']
[0.179s] Level 1:colcon.colcon_core.package_identification:_identify(src/env/env/midterm_msgs) by extension 'colcon_meta'
[0.179s] Level 1:colcon.colcon_core.package_identification:_identify(src/env/env/midterm_msgs) by extensions ['ros']
[0.179s] Level 1:colcon.colcon_core.package_identification:_identify(src/env/env/midterm_msgs) by extension 'ros'
[0.180s] DEBUG:colcon.colcon_core.package_identification:Package 'src/env/env/midterm_msgs' with type 'ros.ament_cmake' and name 'midterm_msgs'
[0.180s] Level 1:colcon.colcon_core.package_discovery:discover_packages(recursive) using defaults
[0.180s] Level 1:colcon.colcon_core.package_discovery:discover_packages(ignore) discover
[0.180s] Level 1:colcon.colcon_core.package_discovery:discover_packages(ignore) using defaults
[0.180s] Level 1:colcon.colcon_core.package_discovery:discover_packages(path) discover
[0.180s] Level 1:colcon.colcon_core.package_discovery:discover_packages(path) using defaults
[0.200s] Level 1:colcon.colcon_core.package_discovery:discover_packages(prefix_path) check parameters
[0.200s] Level 1:colcon.colcon_core.package_discovery:discover_packages(prefix_path) discover
[0.202s] DEBUG:colcon.colcon_installed_package_information.package_discovery:Found 267 installed packages in /opt/ros/humble
[0.202s] Level 1:colcon.colcon_core.package_discovery:discover_packages(prefix_path) using defaults
[0.222s] Level 5:colcon.colcon_core.verb:set package 'auto_driving' build argument 'cmake_args' from command line to 'None'
[0.222s] Level 5:colcon.colcon_core.verb:set package 'auto_driving' build argument 'cmake_target' from command line to 'None'
[0.222s] Level 5:colcon.colcon_core.verb:set package 'auto_driving' build argument 'cmake_target_skip_unavailable' from command line to 'False'
[0.222s] Level 5:colcon.colcon_core.verb:set package 'auto_driving' build argument 'cmake_clean_cache' from command line to 'False'
[0.222s] Level 5:colcon.colcon_core.verb:set package 'auto_driving' build argument 'cmake_clean_first' from command line to 'False'
[0.222s] Level 5:colcon.colcon_core.verb:set package 'auto_driving' build argument 'cmake_force_configure' from command line to 'False'
[0.222s] Level 5:colcon.colcon_core.verb:set package 'auto_driving' build argument 'ament_cmake_args' from command line to 'None'
[0.222s] Level 5:colcon.colcon_core.verb:set package 'auto_driving' build argument 'catkin_cmake_args' from command line to 'None'
[0.222s] Level 5:colcon.colcon_core.verb:set package 'auto_driving' build argument 'catkin_skip_building_tests' from command line to 'False'
[0.222s] DEBUG:colcon.colcon_core.verb:Building package 'auto_driving' with the following arguments: {'ament_cmake_args': None, 'build_base': '/home/jinhan/mid_mobiity/build/auto_driving', 'catkin_cmake_args': None, 'catkin_skip_building_tests': False, 'cmake_args': None, 'cmake_clean_cache': False, 'cmake_clean_first': False, 'cmake_force_configure': False, 'cmake_target': None, 'cmake_target_skip_unavailable': False, 'install_base': '/home/jinhan/mid_mobiity/install/auto_driving', 'merge_install': False, 'path': '/home/jinhan/mid_mobiity/src/env/env/auto_driving', 'symlink_install': False, 'test_result_base': None}
[0.223s] Level 5:colcon.colcon_core.verb:set package 'midterm_msgs' build argument 'cmake_args' from command line to 'None'
[0.223s] Level 5:colcon.colcon_core.verb:set package 'midterm_msgs' build argument 'cmake_target' from command line to 'None'
[0.223s] Level 5:colcon.colcon_core.verb:set package 'midterm_msgs' build argument 'cmake_target_skip_unavailable' from command line to 'False'
[0.223s] Level 5:colcon.colcon_core.verb:set package 'midterm_msgs' build argument 'cmake_clean_cache' from command line to 'False'
[0.223s] Level 5:colcon.colcon_core.verb:set package 'midterm_msgs' build argument 'cmake_clean_first' from command line to 'False'
[0.223s] Level 5:colcon.colcon_core.verb:set package 'midterm_msgs' build argument 'cmake_force_configure' from command line to 'False'
[0.223s] Level 5:colcon.colcon_core.verb:set package 'midterm_msgs' build argument 'ament_cmake_args' from command line to 'None'
[0.223s] Level 5:colcon.colcon_core.verb:set package 'midterm_msgs' build argument 'catkin_cmake_args' from command line to 'None'
[0.223s] Level 5:colcon.colcon_core.verb:set package 'midterm_msgs' build argument 'catkin_skip_building_tests' from command line to 'False'
[0.223s] DEBUG:colcon.colcon_core.verb:Building package 'midterm_msgs' with the following arguments: {'ament_cmake_args': None, 'build_base': '/home/jinhan/mid_mobiity/build/midterm_msgs', 'catkin_cmake_args': None, 'catkin_skip_building_tests': False, 'cmake_args': None, 'cmake_clean_cache': False, 'cmake_clean_first': False, 'cmake_force_configure': False, 'cmake_target': None, 'cmake_target_skip_unavailable': False, 'install_base': '/home/jinhan/mid_mobiity/install/midterm_msgs', 'merge_install': False, 'path': '/home/jinhan/mid_mobiity/src/env/env/midterm_msgs', 'symlink_install': False, 'test_result_base': None}
[0.223s] Level 5:colcon.colcon_core.verb:set package 'auto_driving2' build argument 'cmake_args' from command line to 'None'
[0.223s] Level 5:colcon.colcon_core.verb:set package 'auto_driving2' build argument 'cmake_target' from command line to 'None'
[0.223s] Level 5:colcon.colcon_core.verb:set package 'auto_driving2' build argument 'cmake_target_skip_unavailable' from command line to 'False'
[0.223s] Level 5:colcon.colcon_core.verb:set package 'auto_driving2' build argument 'cmake_clean_cache' from command line to 'False'
[0.223s] Level 5:colcon.colcon_core.verb:set package 'auto_driving2' build argument 'cmake_clean_first' from command line to 'False'
[0.223s] Level 5:colcon.colcon_core.verb:set package 'auto_driving2' build argument 'cmake_force_configure' from command line to 'False'
[0.223s] Level 5:colcon.colcon_core.verb:set package 'auto_driving2' build argument 'ament_cmake_args' from command line to 'None'
[0.223s] Level 5:colcon.colcon_core.verb:set package 'auto_driving2' build argument 'catkin_cmake_args' from command line to 'None'
[0.223s] Level 5:colcon.colcon_core.verb:set package 'auto_driving2' build argument 'catkin_skip_building_tests' from command line to 'False'
[0.223s] DEBUG:colcon.colcon_core.verb:Building package 'auto_driving2' with the following arguments: {'ament_cmake_args': None, 'build_base': '/home/jinhan/mid_mobiity/build/auto_driving2', 'catkin_cmake_args': None, 'catkin_skip_building_tests': False, 'cmake_args': None, 'cmake_clean_cache': False, 'cmake_clean_first': False, 'cmake_force_configure': False, 'cmake_target': None, 'cmake_target_skip_unavailable': False, 'install_base': '/home/jinhan/mid_mobiity/install/auto_driving2', 'merge_install': False, 'path': '/home/jinhan/mid_mobiity/src/env/env/auto_driving2', 'symlink_install': False, 'test_result_base': None}
[0.223s] Level 5:colcon.colcon_core.verb:set package 'midterm_env' build argument 'cmake_args' from command line to 'None'
[0.223s] Level 5:colcon.colcon_core.verb:set package 'midterm_env' build argument 'cmake_target' from command line to 'None'
[0.223s] Level 5:colcon.colcon_core.verb:set package 'midterm_env' build argument 'cmake_target_skip_unavailable' from command line to 'False'
[0.223s] Level 5:colcon.colcon_core.verb:set package 'midterm_env' build argument 'cmake_clean_cache' from command line to 'False'
[0.223s] Level 5:colcon.colcon_core.verb:set package 'midterm_env' build argument 'cmake_clean_first' from command line to 'False'
[0.223s] Level 5:colcon.colcon_core.verb:set package 'midterm_env' build argument 'cmake_force_configure' from command line to 'False'
[0.223s] Level 5:colcon.colcon_core.verb:set package 'midterm_env' build argument 'ament_cmake_args' from command line to 'None'
[0.223s] Level 5:colcon.colcon_core.verb:set package 'midterm_env' build argument 'catkin_cmake_args' from command line to 'None'
[0.223s] Level 5:colcon.colcon_core.verb:set package 'midterm_env' build argument 'catkin_skip_building_tests' from command line to 'False'
[0.223s] DEBUG:colcon.colcon_core.verb:Building package 'midterm_env' with the following arguments: {'ament_cmake_args': None, 'build_base': '/home/jinhan/mid_mobiity/build/midterm_env', 'catkin_cmake_args': None, 'catkin_skip_building_tests': False, 'cmake_args': None, 'cmake_clean_cache': False, 'cmake_clean_first': False, 'cmake_force_configure': False, 'cmake_target': None, 'cmake_target_skip_unavailable': False, 'install_base': '/home/jinhan/mid_mobiity/install/midterm_env', 'merge_install': False, 'path': '/home/jinhan/mid_mobiity/src/env/env/midterm_env', 'symlink_install': False, 'test_result_base': None}
[0.224s] INFO:colcon.colcon_core.executor:Executing jobs using 'parallel' executor
[0.224s] DEBUG:colcon.colcon_parallel_executor.executor.parallel:run_until_complete
[0.225s] INFO:colcon.colcon_ros.task.ament_cmake.build:Building ROS package in '/home/jinhan/mid_mobiity/src/env/env/midterm_msgs' with build type 'ament_cmake'
[0.225s] INFO:colcon.colcon_cmake.task.cmake.build:Building CMake package in '/home/jinhan/mid_mobiity/src/env/env/midterm_msgs'
[0.226s] INFO:colcon.colcon_core.plugin_system:Skipping extension 'colcon_core.shell.bat': Not used on non-Windows systems
[0.226s] INFO:colcon.colcon_core.shell:Skip shell extension 'powershell' for command environment: Not usable outside of PowerShell
[0.226s] DEBUG:colcon.colcon_core.shell:Skip shell extension 'dsv' for command environment
[0.228s] INFO:colcon.colcon_ros.task.ament_python.build:Building ROS package in '/home/jinhan/mid_mobiity/src/env/env/auto_driving' with build type 'ament_python'
[0.228s] Level 1:colcon.colcon_core.shell:create_environment_hook('auto_driving', 'ament_prefix_path')
[0.228s] INFO:colcon.colcon_core.shell:Creating environment hook '/home/jinhan/mid_mobiity/install/auto_driving/share/auto_driving/hook/ament_prefix_path.ps1'
[0.229s] INFO:colcon.colcon_core.shell:Creating environment descriptor '/home/jinhan/mid_mobiity/install/auto_driving/share/auto_driving/hook/ament_prefix_path.dsv'
[0.229s] INFO:colcon.colcon_core.shell:Creating environment hook '/home/jinhan/mid_mobiity/install/auto_driving/share/auto_driving/hook/ament_prefix_path.sh'
[0.230s] INFO:colcon.colcon_core.shell:Skip shell extension 'powershell' for command environment: Not usable outside of PowerShell
[0.230s] DEBUG:colcon.colcon_core.shell:Skip shell extension 'dsv' for command environment
[0.235s] DEBUG:colcon.colcon_core.event_handler.log_command:Invoking command in '/home/jinhan/mid_mobiity/build/midterm_msgs': CMAKE_PREFIX_PATH=/opt/ros/humble /usr/bin/cmake --build /home/jinhan/mid_mobiity/build/midterm_msgs -- -j12 -l12
[0.403s] INFO:colcon.colcon_core.task.python.build:Building Python package in '/home/jinhan/mid_mobiity/src/env/env/auto_driving'
[0.403s] INFO:colcon.colcon_core.shell:Skip shell extension 'powershell' for command environment: Not usable outside of PowerShell
[0.403s] DEBUG:colcon.colcon_core.shell:Skip shell extension 'dsv' for command environment
[0.487s] DEBUG:colcon.colcon_core.event_handler.log_command:Invoked command in '/home/jinhan/mid_mobiity/build/midterm_msgs' returned '0': CMAKE_PREFIX_PATH=/opt/ros/humble /usr/bin/cmake --build /home/jinhan/mid_mobiity/build/midterm_msgs -- -j12 -l12
[0.498s] DEBUG:colcon.colcon_core.event_handler.log_command:Invoking command in '/home/jinhan/mid_mobiity/build/midterm_msgs': CMAKE_PREFIX_PATH=/opt/ros/humble /usr/bin/cmake --install /home/jinhan/mid_mobiity/build/midterm_msgs
[0.541s] Level 1:colcon.colcon_core.environment:create_environment_scripts_only(midterm_msgs)
[0.541s] DEBUG:colcon.colcon_core.event_handler.log_command:Invoked command in '/home/jinhan/mid_mobiity/build/midterm_msgs' returned '0': CMAKE_PREFIX_PATH=/opt/ros/humble /usr/bin/cmake --install /home/jinhan/mid_mobiity/build/midterm_msgs
[0.544s] Level 1:colcon.colcon_core.environment:checking '/home/jinhan/mid_mobiity/install/midterm_msgs' for CMake module files
[0.545s] Level 1:colcon.colcon_core.environment:checking '/home/jinhan/mid_mobiity/install/midterm_msgs' for CMake config files
[0.546s] Level 1:colcon.colcon_core.shell:create_environment_hook('midterm_msgs', 'cmake_prefix_path')
[0.546s] INFO:colcon.colcon_core.shell:Creating environment hook '/home/jinhan/mid_mobiity/install/midterm_msgs/share/midterm_msgs/hook/cmake_prefix_path.ps1'
[0.546s] INFO:colcon.colcon_core.shell:Creating environment descriptor '/home/jinhan/mid_mobiity/install/midterm_msgs/share/midterm_msgs/hook/cmake_prefix_path.dsv'
[0.547s] INFO:colcon.colcon_core.shell:Creating environment hook '/home/jinhan/mid_mobiity/install/midterm_msgs/share/midterm_msgs/hook/cmake_prefix_path.sh'
[0.547s] Level 1:colcon.colcon_core.environment:checking '/home/jinhan/mid_mobiity/install/midterm_msgs/lib'
[0.547s] Level 1:colcon.colcon_core.shell:create_environment_hook('midterm_msgs', 'ld_library_path_lib')
[0.547s] INFO:colcon.colcon_core.shell:Creating environment hook '/home/jinhan/mid_mobiity/install/midterm_msgs/share/midterm_msgs/hook/ld_library_path_lib.ps1'
[0.548s] INFO:colcon.colcon_core.shell:Creating environment descriptor '/home/jinhan/mid_mobiity/install/midterm_msgs/share/midterm_msgs/hook/ld_library_path_lib.dsv'
[0.548s] INFO:colcon.colcon_core.shell:Creating environment hook '/home/jinhan/mid_mobiity/install/midterm_msgs/share/midterm_msgs/hook/ld_library_path_lib.sh'
[0.548s] Level 1:colcon.colcon_core.environment:checking '/home/jinhan/mid_mobiity/install/midterm_msgs/bin'
[0.548s] Level 1:colcon.colcon_core.environment:checking '/home/jinhan/mid_mobiity/install/midterm_msgs/lib/pkgconfig/midterm_msgs.pc'
[0.548s] Level 1:colcon.colcon_core.environment:checking '/home/jinhan/mid_mobiity/install/midterm_msgs/lib/python3.10/site-packages'
[0.549s] Level 1:colcon.colcon_core.environment:checking '/home/jinhan/mid_mobiity/install/midterm_msgs/bin'
[0.549s] INFO:colcon.colcon_core.shell:Creating package script '/home/jinhan/mid_mobiity/install/midterm_msgs/share/midterm_msgs/package.ps1'
[0.549s] INFO:colcon.colcon_core.shell:Creating package descriptor '/home/jinhan/mid_mobiity/install/midterm_msgs/share/midterm_msgs/package.dsv'
[0.550s] INFO:colcon.colcon_core.shell:Creating package script '/home/jinhan/mid_mobiity/install/midterm_msgs/share/midterm_msgs/package.sh'
[0.550s] INFO:colcon.colcon_core.shell:Creating package script '/home/jinhan/mid_mobiity/install/midterm_msgs/share/midterm_msgs/package.bash'
[0.550s] INFO:colcon.colcon_core.shell:Creating package script '/home/jinhan/mid_mobiity/install/midterm_msgs/share/midterm_msgs/package.zsh'
[0.551s] Level 1:colcon.colcon_core.environment:create_file_with_runtime_dependencies(/home/jinhan/mid_mobiity/install/midterm_msgs/share/colcon-core/packages/midterm_msgs)
[0.551s] Level 1:colcon.colcon_core.environment:create_environment_scripts_only(midterm_msgs)
[0.551s] Level 1:colcon.colcon_core.environment:checking '/home/jinhan/mid_mobiity/install/midterm_msgs' for CMake module files
[0.552s] Level 1:colcon.colcon_core.environment:checking '/home/jinhan/mid_mobiity/install/midterm_msgs' for CMake config files
[0.552s] Level 1:colcon.colcon_core.shell:create_environment_hook('midterm_msgs', 'cmake_prefix_path')
[0.552s] INFO:colcon.colcon_core.shell:Creating environment hook '/home/jinhan/mid_mobiity/install/midterm_msgs/share/midterm_msgs/hook/cmake_prefix_path.ps1'
[0.552s] INFO:colcon.colcon_core.shell:Creating environment descriptor '/home/jinhan/mid_mobiity/install/midterm_msgs/share/midterm_msgs/hook/cmake_prefix_path.dsv'
[0.553s] INFO:colcon.colcon_core.shell:Creating environment hook '/home/jinhan/mid_mobiity/install/midterm_msgs/share/midterm_msgs/hook/cmake_prefix_path.sh'
[0.553s] Level 1:colcon.colcon_core.environment:checking '/home/jinhan/mid_mobiity/install/midterm_msgs/lib'
[0.553s] Level 1:colcon.colcon_core.shell:create_environment_hook('midterm_msgs', 'ld_library_path_lib')
[0.553s] INFO:colcon.colcon_core.shell:Creating environment hook '/home/jinhan/mid_mobiity/install/midterm_msgs/share/midterm_msgs/hook/ld_library_path_lib.ps1'
[0.553s] INFO:colcon.colcon_core.shell:Creating environment descriptor '/home/jinhan/mid_mobiity/install/midterm_msgs/share/midterm_msgs/hook/ld_library_path_lib.dsv'
[0.554s] INFO:colcon.colcon_core.shell:Creating environment hook '/home/jinhan/mid_mobiity/install/midterm_msgs/share/midterm_msgs/hook/ld_library_path_lib.sh'
[0.554s] Level 1:colcon.colcon_core.environment:checking '/home/jinhan/mid_mobiity/install/midterm_msgs/bin'
[0.554s] Level 1:colcon.colcon_core.environment:checking '/home/jinhan/mid_mobiity/install/midterm_msgs/lib/pkgconfig/midterm_msgs.pc'
[0.554s] Level 1:colcon.colcon_core.environment:checking '/home/jinhan/mid_mobiity/install/midterm_msgs/lib/python3.10/site-packages'
[0.554s] Level 1:colcon.colcon_core.environment:checking '/home/jinhan/mid_mobiity/install/midterm_msgs/bin'
[0.554s] INFO:colcon.colcon_core.shell:Creating package script '/home/jinhan/mid_mobiity/install/midterm_msgs/share/midterm_msgs/package.ps1'
[0.555s] INFO:colcon.colcon_core.shell:Creating package descriptor '/home/jinhan/mid_mobiity/install/midterm_msgs/share/midterm_msgs/package.dsv'
[0.555s] INFO:colcon.colcon_core.shell:Creating package script '/home/jinhan/mid_mobiity/install/midterm_msgs/share/midterm_msgs/package.sh'
[0.555s] INFO:colcon.colcon_core.shell:Creating package script '/home/jinhan/mid_mobiity/install/midterm_msgs/share/midterm_msgs/package.bash'
[0.555s] INFO:colcon.colcon_core.shell:Creating package script '/home/jinhan/mid_mobiity/install/midterm_msgs/share/midterm_msgs/package.zsh'
[0.556s] Level 1:colcon.colcon_core.environment:create_file_with_runtime_dependencies(/home/jinhan/mid_mobiity/install/midterm_msgs/share/colcon-core/packages/midterm_msgs)
[0.556s] INFO:colcon.colcon_ros.task.ament_python.build:Building ROS package in '/home/jinhan/mid_mobiity/src/env/env/auto_driving2' with build type 'ament_python'
[0.556s] Level 1:colcon.colcon_core.shell:create_environment_hook('auto_driving2', 'ament_prefix_path')
[0.556s] INFO:colcon.colcon_core.shell:Creating environment hook '/home/jinhan/mid_mobiity/install/auto_driving2/share/auto_driving2/hook/ament_prefix_path.ps1'
[0.557s] INFO:colcon.colcon_core.shell:Creating environment descriptor '/home/jinhan/mid_mobiity/install/auto_driving2/share/auto_driving2/hook/ament_prefix_path.dsv'
[0.557s] INFO:colcon.colcon_core.shell:Creating environment hook '/home/jinhan/mid_mobiity/install/auto_driving2/share/auto_driving2/hook/ament_prefix_path.sh'
[0.557s] INFO:colcon.colcon_core.shell:Skip shell extension 'powershell' for command environment: Not usable outside of PowerShell
[0.557s] DEBUG:colcon.colcon_core.shell:Skip shell extension 'dsv' for command environment
[0.559s] INFO:colcon.colcon_ros.task.ament_python.build:Building ROS package in '/home/jinhan/mid_mobiity/src/env/env/midterm_env' with build type 'ament_python'
[0.559s] Level 1:colcon.colcon_core.shell:create_environment_hook('midterm_env', 'ament_prefix_path')
[0.559s] INFO:colcon.colcon_core.shell:Creating environment hook '/home/jinhan/mid_mobiity/install/midterm_env/share/midterm_env/hook/ament_prefix_path.ps1'
[0.560s] INFO:colcon.colcon_core.shell:Creating environment descriptor '/home/jinhan/mid_mobiity/install/midterm_env/share/midterm_env/hook/ament_prefix_path.dsv'
[0.560s] INFO:colcon.colcon_core.shell:Creating environment hook '/home/jinhan/mid_mobiity/install/midterm_env/share/midterm_env/hook/ament_prefix_path.sh'
[0.560s] INFO:colcon.colcon_core.shell:Skip shell extension 'powershell' for command environment: Not usable outside of PowerShell
[0.560s] DEBUG:colcon.colcon_core.shell:Skip shell extension 'dsv' for command environment
[0.735s] INFO:colcon.colcon_core.task.python.build:Building Python package in '/home/jinhan/mid_mobiity/src/env/env/auto_driving2'
[0.735s] INFO:colcon.colcon_core.shell:Skip shell extension 'powershell' for command environment: Not usable outside of PowerShell
[0.735s] DEBUG:colcon.colcon_core.shell:Skip shell extension 'dsv' for command environment
[0.894s] INFO:colcon.colcon_core.task.python.build:Building Python package in '/home/jinhan/mid_mobiity/src/env/env/midterm_env'
[0.894s] INFO:colcon.colcon_core.shell:Skip shell extension 'powershell' for command environment: Not usable outside of PowerShell
[0.894s] DEBUG:colcon.colcon_core.shell:Skip shell extension 'dsv' for command environment
[0.899s] DEBUG:colcon.colcon_core.event_handler.log_command:Invoking command in '/home/jinhan/mid_mobiity/src/env/env/auto_driving': PYTHONPATH=/home/jinhan/mid_mobiity/build/auto_driving/prefix_override:/usr/lib/python3/dist-packages/colcon_core/task/python/colcon_distutils_commands:/home/jinhan/mid_mobiity/install/auto_driving/lib/python3.10/site-packages:${PYTHONPATH} /usr/bin/python3 -W ignore:setup.py install is deprecated -W ignore:easy_install command is deprecated setup.py egg_info --egg-base ../../../../build/auto_driving build --build-base /home/jinhan/mid_mobiity/build/auto_driving/build install --record /home/jinhan/mid_mobiity/build/auto_driving/install.log --single-version-externally-managed install_data
[1.085s] Level 1:colcon.colcon_core.environment:checking '/home/jinhan/mid_mobiity/install/auto_driving' for CMake module files
[1.086s] DEBUG:colcon.colcon_core.event_handler.log_command:Invoked command in '/home/jinhan/mid_mobiity/src/env/env/auto_driving' returned '0': PYTHONPATH=/home/jinhan/mid_mobiity/build/auto_driving/prefix_override:/usr/lib/python3/dist-packages/colcon_core/task/python/colcon_distutils_commands:/home/jinhan/mid_mobiity/install/auto_driving/lib/python3.10/site-packages:${PYTHONPATH} /usr/bin/python3 -W ignore:setup.py install is deprecated -W ignore:easy_install command is deprecated setup.py egg_info --egg-base ../../../../build/auto_driving build --build-base /home/jinhan/mid_mobiity/build/auto_driving/build install --record /home/jinhan/mid_mobiity/build/auto_driving/install.log --single-version-externally-managed install_data
[1.086s] Level 1:colcon.colcon_core.environment:checking '/home/jinhan/mid_mobiity/install/auto_driving' for CMake config files
[1.087s] Level 1:colcon.colcon_core.environment:checking '/home/jinhan/mid_mobiity/install/auto_driving/lib'
[1.087s] Level 1:colcon.colcon_core.environment:checking '/home/jinhan/mid_mobiity/install/auto_driving/bin'
[1.087s] Level 1:colcon.colcon_core.environment:checking '/home/jinhan/mid_mobiity/install/auto_driving/lib/pkgconfig/auto_driving.pc'
[1.088s] Level 1:colcon.colcon_core.environment:checking '/home/jinhan/mid_mobiity/install/auto_driving/lib/python3.10/site-packages'
[1.088s] Level 1:colcon.colcon_core.shell:create_environment_hook('auto_driving', 'pythonpath')
[1.088s] INFO:colcon.colcon_core.shell:Creating environment hook '/home/jinhan/mid_mobiity/install/auto_driving/share/auto_driving/hook/pythonpath.ps1'
[1.089s] INFO:colcon.colcon_core.shell:Creating environment descriptor '/home/jinhan/mid_mobiity/install/auto_driving/share/auto_driving/hook/pythonpath.dsv'
[1.089s] INFO:colcon.colcon_core.shell:Creating environment hook '/home/jinhan/mid_mobiity/install/auto_driving/share/auto_driving/hook/pythonpath.sh'
[1.090s] Level 1:colcon.colcon_core.environment:checking '/home/jinhan/mid_mobiity/install/auto_driving/bin'
[1.090s] Level 1:colcon.colcon_core.environment:create_environment_scripts_only(auto_driving)
[1.090s] INFO:colcon.colcon_core.shell:Creating package script '/home/jinhan/mid_mobiity/install/auto_driving/share/auto_driving/package.ps1'
[1.091s] INFO:colcon.colcon_core.shell:Creating package descriptor '/home/jinhan/mid_mobiity/install/auto_driving/share/auto_driving/package.dsv'
[1.091s] INFO:colcon.colcon_core.shell:Creating package script '/home/jinhan/mid_mobiity/install/auto_driving/share/auto_driving/package.sh'
[1.092s] INFO:colcon.colcon_core.shell:Creating package script '/home/jinhan/mid_mobiity/install/auto_driving/share/auto_driving/package.bash'
[1.092s] INFO:colcon.colcon_core.shell:Creating package script '/home/jinhan/mid_mobiity/install/auto_driving/share/auto_driving/package.zsh'
[1.092s] Level 1:colcon.colcon_core.environment:create_file_with_runtime_dependencies(/home/jinhan/mid_mobiity/install/auto_driving/share/colcon-core/packages/auto_driving)
[1.114s] DEBUG:colcon.colcon_core.event_handler.log_command:Invoking command in '/home/jinhan/mid_mobiity/src/env/env/auto_driving2': AMENT_PREFIX_PATH=/home/jinhan/mid_mobiity/install/midterm_msgs:${AMENT_PREFIX_PATH} CMAKE_PREFIX_PATH=/home/jinhan/mid_mobiity/install/midterm_msgs LD_LIBRARY_PATH=/home/jinhan/mid_mobiity/install/midterm_msgs/lib:/opt/ros/humble/opt/rviz_ogre_vendor/lib:/opt/ros/humble/lib/x86_64-linux-gnu:/opt/ros/humble/lib:/usr/share/gazebo/../../lib/x86_64-linux-gnu/gazebo-11/plugins PYTHONPATH=/home/jinhan/mid_mobiity/build/auto_driving2/prefix_override:/usr/lib/python3/dist-packages/colcon_core/task/python/colcon_distutils_commands:/home/jinhan/mid_mobiity/install/auto_driving2/lib/python3.10/site-packages:/home/jinhan/mid_mobiity/install/midterm_msgs/local/lib/python3.10/dist-packages:${PYTHONPATH} /usr/bin/python3 -W ignore:setup.py install is deprecated -W ignore:easy_install command is deprecated setup.py egg_info --egg-base ../../../../build/auto_driving2 build --build-base /home/jinhan/mid_mobiity/build/auto_driving2/build install --record /home/jinhan/mid_mobiity/build/auto_driving2/install.log --single-version-externally-managed install_data
[1.114s] DEBUG:colcon.colcon_core.event_handler.log_command:Invoking command in '/home/jinhan/mid_mobiity/src/env/env/midterm_env': AMENT_PREFIX_PATH=/home/jinhan/mid_mobiity/install/midterm_msgs:${AMENT_PREFIX_PATH} CMAKE_PREFIX_PATH=/home/jinhan/mid_mobiity/install/midterm_msgs LD_LIBRARY_PATH=/home/jinhan/mid_mobiity/install/midterm_msgs/lib:/opt/ros/humble/opt/rviz_ogre_vendor/lib:/opt/ros/humble/lib/x86_64-linux-gnu:/opt/ros/humble/lib:/usr/share/gazebo/../../lib/x86_64-linux-gnu/gazebo-11/plugins PYTHONPATH=/home/jinhan/mid_mobiity/build/midterm_env/prefix_override:/usr/lib/python3/dist-packages/colcon_core/task/python/colcon_distutils_commands:/home/jinhan/mid_mobiity/install/midterm_env/lib/python3.10/site-packages:/home/jinhan/mid_mobiity/install/midterm_msgs/local/lib/python3.10/dist-packages:${PYTHONPATH} /usr/bin/python3 -W ignore:setup.py install is deprecated -W ignore:easy_install command is deprecated setup.py egg_info --egg-base ../../../../build/midterm_env build --build-base /home/jinhan/mid_mobiity/build/midterm_env/build install --record /home/jinhan/mid_mobiity/build/midterm_env/install.log --single-version-externally-managed install_data
[1.297s] Level 1:colcon.colcon_core.environment:checking '/home/jinhan/mid_mobiity/install/midterm_env' for CMake module files
[1.297s] DEBUG:colcon.colcon_core.event_handler.log_command:Invoked command in '/home/jinhan/mid_mobiity/src/env/env/midterm_env' returned '0': AMENT_PREFIX_PATH=/home/jinhan/mid_mobiity/install/midterm_msgs:${AMENT_PREFIX_PATH} CMAKE_PREFIX_PATH=/home/jinhan/mid_mobiity/install/midterm_msgs LD_LIBRARY_PATH=/home/jinhan/mid_mobiity/install/midterm_msgs/lib:/opt/ros/humble/opt/rviz_ogre_vendor/lib:/opt/ros/humble/lib/x86_64-linux-gnu:/opt/ros/humble/lib:/usr/share/gazebo/../../lib/x86_64-linux-gnu/gazebo-11/plugins PYTHONPATH=/home/jinhan/mid_mobiity/build/midterm_env/prefix_override:/usr/lib/python3/dist-packages/colcon_core/task/python/colcon_distutils_commands:/home/jinhan/mid_mobiity/install/midterm_env/lib/python3.10/site-packages:/home/jinhan/mid_mobiity/install/midterm_msgs/local/lib/python3.10/dist-packages:${PYTHONPATH} /usr/bin/python3 -W ignore:setup.py install is deprecated -W ignore:easy_install command is deprecated setup.py egg_info --egg-base ../../../../build/midterm_env build --build-base /home/jinhan/mid_mobiity/build/midterm_env/build install --record /home/jinhan/mid_mobiity/build/midterm_env/install.log --single-version-externally-managed install_data
[1.297s] Level 1:colcon.colcon_core.environment:checking '/home/jinhan/mid_mobiity/install/midterm_env' for CMake config files
[1.298s] Level 1:colcon.colcon_core.environment:checking '/home/jinhan/mid_mobiity/install/midterm_env/lib'
[1.298s] Level 1:colcon.colcon_core.environment:checking '/home/jinhan/mid_mobiity/install/midterm_env/bin'
[1.298s] Level 1:colcon.colcon_core.environment:checking '/home/jinhan/mid_mobiity/install/midterm_env/lib/pkgconfig/midterm_env.pc'
[1.298s] Level 1:colcon.colcon_core.environment:checking '/home/jinhan/mid_mobiity/install/midterm_env/lib/python3.10/site-packages'
[1.298s] Level 1:colcon.colcon_core.shell:create_environment_hook('midterm_env', 'pythonpath')
[1.298s] INFO:colcon.colcon_core.shell:Creating environment hook '/home/jinhan/mid_mobiity/install/midterm_env/share/midterm_env/hook/pythonpath.ps1'
[1.299s] INFO:colcon.colcon_core.shell:Creating environment descriptor '/home/jinhan/mid_mobiity/install/midterm_env/share/midterm_env/hook/pythonpath.dsv'
[1.299s] INFO:colcon.colcon_core.shell:Creating environment hook '/home/jinhan/mid_mobiity/install/midterm_env/share/midterm_env/hook/pythonpath.sh'
[1.299s] Level 1:colcon.colcon_core.environment:checking '/home/jinhan/mid_mobiity/install/midterm_env/bin'
[1.299s] Level 1:colcon.colcon_core.environment:create_environment_scripts_only(midterm_env)
[1.300s] INFO:colcon.colcon_core.shell:Creating package script '/home/jinhan/mid_mobiity/install/midterm_env/share/midterm_env/package.ps1'
[1.300s] INFO:colcon.colcon_core.shell:Creating package descriptor '/home/jinhan/mid_mobiity/install/midterm_env/share/midterm_env/package.dsv'
[1.300s] INFO:colcon.colcon_core.shell:Creating package script '/home/jinhan/mid_mobiity/install/midterm_env/share/midterm_env/package.sh'
[1.301s] INFO:colcon.colcon_core.shell:Creating package script '/home/jinhan/mid_mobiity/install/midterm_env/share/midterm_env/package.bash'
[1.301s] INFO:colcon.colcon_core.shell:Creating package script '/home/jinhan/mid_mobiity/install/midterm_env/share/midterm_env/package.zsh'
[1.301s] Level 1:colcon.colcon_core.environment:create_file_with_runtime_dependencies(/home/jinhan/mid_mobiity/install/midterm_env/share/colcon-core/packages/midterm_env)
[1.302s] Level 1:colcon.colcon_core.environment:checking '/home/jinhan/mid_mobiity/install/auto_driving2' for CMake module files
[1.302s] DEBUG:colcon.colcon_core.event_handler.log_command:Invoked command in '/home/jinhan/mid_mobiity/src/env/env/auto_driving2' returned '0': AMENT_PREFIX_PATH=/home/jinhan/mid_mobiity/install/midterm_msgs:${AMENT_PREFIX_PATH} CMAKE_PREFIX_PATH=/home/jinhan/mid_mobiity/install/midterm_msgs LD_LIBRARY_PATH=/home/jinhan/mid_mobiity/install/midterm_msgs/lib:/opt/ros/humble/opt/rviz_ogre_vendor/lib:/opt/ros/humble/lib/x86_64-linux-gnu:/opt/ros/humble/lib:/usr/share/gazebo/../../lib/x86_64-linux-gnu/gazebo-11/plugins PYTHONPATH=/home/jinhan/mid_mobiity/build/auto_driving2/prefix_override:/usr/lib/python3/dist-packages/colcon_core/task/python/colcon_distutils_commands:/home/jinhan/mid_mobiity/install/auto_driving2/lib/python3.10/site-packages:/home/jinhan/mid_mobiity/install/midterm_msgs/local/lib/python3.10/dist-packages:${PYTHONPATH} /usr/bin/python3 -W ignore:setup.py install is deprecated -W ignore:easy_install command is deprecated setup.py egg_info --egg-base ../../../../build/auto_driving2 build --build-base /home/jinhan/mid_mobiity/build/auto_driving2/build install --record /home/jinhan/mid_mobiity/build/auto_driving2/install.log --single-version-externally-managed install_data
[1.303s] Level 1:colcon.colcon_core.environment:checking '/home/jinhan/mid_mobiity/install/auto_driving2' for CMake config files
[1.304s] Level 1:colcon.colcon_core.environment:checking '/home/jinhan/mid_mobiity/install/auto_driving2/lib'
[1.304s] Level 1:colcon.colcon_core.environment:checking '/home/jinhan/mid_mobiity/install/auto_driving2/bin'
[1.304s] Level 1:colcon.colcon_core.environment:checking '/home/jinhan/mid_mobiity/install/auto_driving2/lib/pkgconfig/auto_driving2.pc'
[1.304s] Level 1:colcon.colcon_core.environment:checking '/home/jinhan/mid_mobiity/install/auto_driving2/lib/python3.10/site-packages'
[1.304s] Level 1:colcon.colcon_core.shell:create_environment_hook('auto_driving2', 'pythonpath')
[1.304s] INFO:colcon.colcon_core.shell:Creating environment hook '/home/jinhan/mid_mobiity/install/auto_driving2/share/auto_driving2/hook/pythonpath.ps1'
[1.305s] INFO:colcon.colcon_core.shell:Creating environment descriptor '/home/jinhan/mid_mobiity/install/auto_driving2/share/auto_driving2/hook/pythonpath.dsv'
[1.305s] INFO:colcon.colcon_core.shell:Creating environment hook '/home/jinhan/mid_mobiity/install/auto_driving2/share/auto_driving2/hook/pythonpath.sh'
[1.306s] Level 1:colcon.colcon_core.environment:checking '/home/jinhan/mid_mobiity/install/auto_driving2/bin'
[1.306s] Level 1:colcon.colcon_core.environment:create_environment_scripts_only(auto_driving2)
[1.306s] INFO:colcon.colcon_core.shell:Creating package script '/home/jinhan/mid_mobiity/install/auto_driving2/share/auto_driving2/package.ps1'
[1.307s] INFO:colcon.colcon_core.shell:Creating package descriptor '/home/jinhan/mid_mobiity/install/auto_driving2/share/auto_driving2/package.dsv'
[1.308s] INFO:colcon.colcon_core.shell:Creating package script '/home/jinhan/mid_mobiity/install/auto_driving2/share/auto_driving2/package.sh'
[1.308s] INFO:colcon.colcon_core.shell:Creating package script '/home/jinhan/mid_mobiity/install/auto_driving2/share/auto_driving2/package.bash'
[1.308s] INFO:colcon.colcon_core.shell:Creating package script '/home/jinhan/mid_mobiity/install/auto_driving2/share/auto_driving2/package.zsh'
[1.309s] Level 1:colcon.colcon_core.environment:create_file_with_runtime_dependencies(/home/jinhan/mid_mobiity/install/auto_driving2/share/colcon-core/packages/auto_driving2)
[1.309s] DEBUG:colcon.colcon_parallel_executor.executor.parallel:closing loop
[1.309s] DEBUG:colcon.colcon_parallel_executor.executor.parallel:loop closed
[1.309s] DEBUG:colcon.colcon_parallel_executor.executor.parallel:run_until_complete finished with '0'
[1.309s] DEBUG:colcon.colcon_core.event_reactor:joining thread
[1.313s] INFO:colcon.colcon_core.plugin_system:Skipping extension 'colcon_notification.desktop_notification.terminal_notifier': Not used on non-Darwin systems
[1.313s] INFO:colcon.colcon_core.plugin_system:Skipping extension 'colcon_notification.desktop_notification.win32': Not used on non-Windows systems
[1.313s] INFO:colcon.colcon_notification.desktop_notification:Sending desktop notification using 'notify2'
[1.322s] DEBUG:colcon.colcon_core.event_reactor:joined thread
[1.322s] INFO:colcon.colcon_core.shell:Creating prefix script '/home/jinhan/mid_mobiity/install/local_setup.ps1'
[1.323s] INFO:colcon.colcon_core.shell:Creating prefix util module '/home/jinhan/mid_mobiity/install/_local_setup_util_ps1.py'
[1.324s] INFO:colcon.colcon_core.shell:Creating prefix chain script '/home/jinhan/mid_mobiity/install/setup.ps1'
[1.325s] INFO:colcon.colcon_core.shell:Creating prefix script '/home/jinhan/mid_mobiity/install/local_setup.sh'
[1.326s] INFO:colcon.colcon_core.shell:Creating prefix util module '/home/jinhan/mid_mobiity/install/_local_setup_util_sh.py'
[1.326s] INFO:colcon.colcon_core.shell:Creating prefix chain script '/home/jinhan/mid_mobiity/install/setup.sh'
[1.327s] INFO:colcon.colcon_core.shell:Creating prefix script '/home/jinhan/mid_mobiity/install/local_setup.bash'
[1.328s] INFO:colcon.colcon_core.shell:Creating prefix chain script '/home/jinhan/mid_mobiity/install/setup.bash'
[1.329s] INFO:colcon.colcon_core.shell:Creating prefix script '/home/jinhan/mid_mobiity/install/local_setup.zsh'
[1.329s] INFO:colcon.colcon_core.shell:Creating prefix chain script '/home/jinhan/mid_mobiity/install/setup.zsh'
