running egg_info
writing ../../../../build/midterm_env/midterm_env.egg-info/PKG-INFO
writing dependency_links to ../../../../build/midterm_env/midterm_env.egg-info/dependency_links.txt
writing entry points to ../../../../build/midterm_env/midterm_env.egg-info/entry_points.txt
writing requirements to ../../../../build/midterm_env/midterm_env.egg-info/requires.txt
writing top-level names to ../../../../build/midterm_env/midterm_env.egg-info/top_level.txt
reading manifest file '../../../../build/midterm_env/midterm_env.egg-info/SOURCES.txt'
writing manifest file '../../../../build/midterm_env/midterm_env.egg-info/SOURCES.txt'
running build
running build_py
running install
running install_lib
running install_data
running install_egg_info
removing '/home/jinhan/mid_mobiity/install/midterm_env/lib/python3.10/site-packages/midterm_env-0.0.0-py3.10.egg-info' (and everything under it)
Copying ../../../../build/midterm_env/midterm_env.egg-info to /home/jinhan/mid_mobiity/install/midterm_env/lib/python3.10/site-packages/midterm_env-0.0.0-py3.10.egg-info
running install_scripts
Installing env script to /home/jinhan/mid_mobiity/install/midterm_env/lib/midterm_env
Installing keyboard script to /home/jinhan/mid_mobiity/install/midterm_env/lib/midterm_env
writing list of installed files to '/home/jinhan/mid_mobiity/build/midterm_env/install.log'
