[0.010s] Invoking command in '/home/jinhan/mid_mobiity/build/midterm_msgs': CMAKE_PREFIX_PATH=${CMAKE_PREFIX_PATH}:/home/jinhan/mid_mobiity/install/midterm_env:/home/jinhan/mid_mobiity/install/auto_driving2:/home/jinhan/mid_mobiity/install/auto_driving:/opt/ros/humble /usr/bin/cmake --build /home/jinhan/mid_mobiity/build/midterm_msgs -- -j12 -l12
[0.061s] [  1%] Built target midterm_msgs__cpp
[0.061s] [ 12%] Built target midterm_msgs__rosidl_generator_c
[0.063s] [ 12%] Built target ament_cmake_python_copy_midterm_msgs
[0.075s] [ 23%] Built target midterm_msgs__rosidl_typesupport_c
[0.076s] [ 35%] Built target midterm_msgs__rosidl_typesupport_introspection_c
[0.079s] [ 46%] Built target midterm_msgs__rosidl_typesupport_fastrtps_c
[0.082s] [ 57%] Built target midterm_msgs__rosidl_typesupport_introspection_cpp
[0.083s] [ 69%] Built target midterm_msgs__rosidl_typesupport_cpp
[0.085s] [ 80%] Built target midterm_msgs__rosidl_typesupport_fastrtps_cpp
[0.102s] [ 80%] Built target midterm_msgs
[0.121s] [ 81%] Built target midterm_msgs__py
[0.145s] [ 91%] Built target midterm_msgs__rosidl_generator_py
[0.160s] [ 97%] Built target midterm_msgs__rosidl_typesupport_fastrtps_c__pyext
[0.160s] [ 97%] Built target midterm_msgs__rosidl_typesupport_c__pyext
[0.166s] [100%] Built target midterm_msgs__rosidl_typesupport_introspection_c__pyext
[0.226s] running egg_info
[0.227s] writing midterm_msgs.egg-info/PKG-INFO
[0.227s] writing dependency_links to midterm_msgs.egg-info/dependency_links.txt
[0.227s] writing top-level names to midterm_msgs.egg-info/top_level.txt
[0.229s] reading manifest file 'midterm_msgs.egg-info/SOURCES.txt'
[0.229s] writing manifest file 'midterm_msgs.egg-info/SOURCES.txt'
[0.249s] [100%] Built target ament_cmake_python_build_midterm_msgs_egg
[0.257s] Invoked command in '/home/jinhan/mid_mobiity/build/midterm_msgs' returned '0': CMAKE_PREFIX_PATH=${CMAKE_PREFIX_PATH}:/home/jinhan/mid_mobiity/install/midterm_env:/home/jinhan/mid_mobiity/install/auto_driving2:/home/jinhan/mid_mobiity/install/auto_driving:/opt/ros/humble /usr/bin/cmake --build /home/jinhan/mid_mobiity/build/midterm_msgs -- -j12 -l12
[0.264s] Invoking command in '/home/jinhan/mid_mobiity/build/midterm_msgs': CMAKE_PREFIX_PATH=${CMAKE_PREFIX_PATH}:/home/jinhan/mid_mobiity/install/midterm_env:/home/jinhan/mid_mobiity/install/auto_driving2:/home/jinhan/mid_mobiity/install/auto_driving:/opt/ros/humble /usr/bin/cmake --install /home/jinhan/mid_mobiity/build/midterm_msgs
[0.271s] -- Install configuration: ""
[0.271s] -- Up-to-date: /home/jinhan/mid_mobiity/install/midterm_msgs/share/ament_index/resource_index/rosidl_interfaces/midterm_msgs
[0.271s] -- Up-to-date: /home/jinhan/mid_mobiity/install/midterm_msgs/include/midterm_msgs/midterm_msgs
[0.271s] -- Up-to-date: /home/jinhan/mid_mobiity/install/midterm_msgs/include/midterm_msgs/midterm_msgs/msg
[0.271s] -- Up-to-date: /home/jinhan/mid_mobiity/install/midterm_msgs/include/midterm_msgs/midterm_msgs/msg/simple_lidar.h
[0.271s] -- Up-to-date: /home/jinhan/mid_mobiity/install/midterm_msgs/include/midterm_msgs/midterm_msgs/msg/control.h
[0.271s] -- Up-to-date: /home/jinhan/mid_mobiity/install/midterm_msgs/include/midterm_msgs/midterm_msgs/msg/detail
[0.271s] -- Up-to-date: /home/jinhan/mid_mobiity/install/midterm_msgs/include/midterm_msgs/midterm_msgs/msg/detail/simple_gps__struct.h
[0.271s] -- Up-to-date: /home/jinhan/mid_mobiity/install/midterm_msgs/include/midterm_msgs/midterm_msgs/msg/detail/simple_lidar__functions.h
[0.271s] -- Up-to-date: /home/jinhan/mid_mobiity/install/midterm_msgs/include/midterm_msgs/midterm_msgs/msg/detail/wall__functions.c
[0.271s] -- Up-to-date: /home/jinhan/mid_mobiity/install/midterm_msgs/include/midterm_msgs/midterm_msgs/msg/detail/wall_list__type_support.h
[0.271s] -- Up-to-date: /home/jinhan/mid_mobiity/install/midterm_msgs/include/midterm_msgs/midterm_msgs/msg/detail/control__type_support.h
[0.271s] -- Up-to-date: /home/jinhan/mid_mobiity/install/midterm_msgs/include/midterm_msgs/midterm_msgs/msg/detail/control__struct.h
[0.271s] -- Up-to-date: /home/jinhan/mid_mobiity/install/midterm_msgs/include/midterm_msgs/midterm_msgs/msg/detail/wall__struct.h
[0.271s] -- Up-to-date: /home/jinhan/mid_mobiity/install/midterm_msgs/include/midterm_msgs/midterm_msgs/msg/detail/wall__type_support.h
[0.271s] -- Up-to-date: /home/jinhan/mid_mobiity/install/midterm_msgs/include/midterm_msgs/midterm_msgs/msg/detail/wall_list__functions.c
[0.271s] -- Up-to-date: /home/jinhan/mid_mobiity/install/midterm_msgs/include/midterm_msgs/midterm_msgs/msg/detail/control__functions.c
[0.271s] -- Up-to-date: /home/jinhan/mid_mobiity/install/midterm_msgs/include/midterm_msgs/midterm_msgs/msg/detail/simple_gps__functions.h
[0.271s] -- Up-to-date: /home/jinhan/mid_mobiity/install/midterm_msgs/include/midterm_msgs/midterm_msgs/msg/detail/wall_list__struct.h
[0.271s] -- Up-to-date: /home/jinhan/mid_mobiity/install/midterm_msgs/include/midterm_msgs/midterm_msgs/msg/detail/goal__functions.c
[0.271s] -- Up-to-date: /home/jinhan/mid_mobiity/install/midterm_msgs/include/midterm_msgs/midterm_msgs/msg/detail/simple_lidar__functions.c
[0.271s] -- Up-to-date: /home/jinhan/mid_mobiity/install/midterm_msgs/include/midterm_msgs/midterm_msgs/msg/detail/simple_gps__functions.c
[0.271s] -- Up-to-date: /home/jinhan/mid_mobiity/install/midterm_msgs/include/midterm_msgs/midterm_msgs/msg/detail/goal__type_support.h
[0.271s] -- Up-to-date: /home/jinhan/mid_mobiity/install/midterm_msgs/include/midterm_msgs/midterm_msgs/msg/detail/goal__functions.h
[0.271s] -- Up-to-date: /home/jinhan/mid_mobiity/install/midterm_msgs/include/midterm_msgs/midterm_msgs/msg/detail/wall_list__functions.h
[0.271s] -- Up-to-date: /home/jinhan/mid_mobiity/install/midterm_msgs/include/midterm_msgs/midterm_msgs/msg/detail/simple_lidar__struct.h
[0.271s] -- Up-to-date: /home/jinhan/mid_mobiity/install/midterm_msgs/include/midterm_msgs/midterm_msgs/msg/detail/goal__struct.h
[0.271s] -- Up-to-date: /home/jinhan/mid_mobiity/install/midterm_msgs/include/midterm_msgs/midterm_msgs/msg/detail/simple_lidar__type_support.h
[0.271s] -- Up-to-date: /home/jinhan/mid_mobiity/install/midterm_msgs/include/midterm_msgs/midterm_msgs/msg/detail/control__functions.h
[0.271s] -- Up-to-date: /home/jinhan/mid_mobiity/install/midterm_msgs/include/midterm_msgs/midterm_msgs/msg/detail/wall__functions.h
[0.272s] -- Up-to-date: /home/jinhan/mid_mobiity/install/midterm_msgs/include/midterm_msgs/midterm_msgs/msg/detail/simple_gps__type_support.h
[0.272s] -- Up-to-date: /home/jinhan/mid_mobiity/install/midterm_msgs/include/midterm_msgs/midterm_msgs/msg/wall.h
[0.272s] -- Up-to-date: /home/jinhan/mid_mobiity/install/midterm_msgs/include/midterm_msgs/midterm_msgs/msg/wall_list.h
[0.272s] -- Up-to-date: /home/jinhan/mid_mobiity/install/midterm_msgs/include/midterm_msgs/midterm_msgs/msg/simple_gps.h
[0.272s] -- Up-to-date: /home/jinhan/mid_mobiity/install/midterm_msgs/include/midterm_msgs/midterm_msgs/msg/goal.h
[0.272s] -- Up-to-date: /home/jinhan/mid_mobiity/install/midterm_msgs/include/midterm_msgs/midterm_msgs/msg/rosidl_generator_c__visibility_control.h
[0.272s] -- Up-to-date: /home/jinhan/mid_mobiity/install/midterm_msgs/share/midterm_msgs/environment/library_path.sh
[0.272s] -- Up-to-date: /home/jinhan/mid_mobiity/install/midterm_msgs/share/midterm_msgs/environment/library_path.dsv
[0.272s] -- Up-to-date: /home/jinhan/mid_mobiity/install/midterm_msgs/lib/libmidterm_msgs__rosidl_generator_c.so
[0.272s] -- Up-to-date: /home/jinhan/mid_mobiity/install/midterm_msgs/include/midterm_msgs/midterm_msgs
[0.272s] -- Up-to-date: /home/jinhan/mid_mobiity/install/midterm_msgs/include/midterm_msgs/midterm_msgs/msg
[0.272s] -- Up-to-date: /home/jinhan/mid_mobiity/install/midterm_msgs/include/midterm_msgs/midterm_msgs/msg/detail
[0.272s] -- Up-to-date: /home/jinhan/mid_mobiity/install/midterm_msgs/include/midterm_msgs/midterm_msgs/msg/detail/goal__rosidl_typesupport_fastrtps_c.h
[0.272s] -- Up-to-date: /home/jinhan/mid_mobiity/install/midterm_msgs/include/midterm_msgs/midterm_msgs/msg/detail/control__rosidl_typesupport_fastrtps_c.h
[0.272s] -- Up-to-date: /home/jinhan/mid_mobiity/install/midterm_msgs/include/midterm_msgs/midterm_msgs/msg/detail/simple_lidar__rosidl_typesupport_fastrtps_c.h
[0.272s] -- Up-to-date: /home/jinhan/mid_mobiity/install/midterm_msgs/include/midterm_msgs/midterm_msgs/msg/detail/simple_gps__rosidl_typesupport_fastrtps_c.h
[0.272s] -- Up-to-date: /home/jinhan/mid_mobiity/install/midterm_msgs/include/midterm_msgs/midterm_msgs/msg/detail/wall_list__rosidl_typesupport_fastrtps_c.h
[0.272s] -- Up-to-date: /home/jinhan/mid_mobiity/install/midterm_msgs/include/midterm_msgs/midterm_msgs/msg/detail/wall__rosidl_typesupport_fastrtps_c.h
[0.272s] -- Up-to-date: /home/jinhan/mid_mobiity/install/midterm_msgs/include/midterm_msgs/midterm_msgs/msg/rosidl_typesupport_fastrtps_c__visibility_control.h
[0.272s] -- Up-to-date: /home/jinhan/mid_mobiity/install/midterm_msgs/lib/libmidterm_msgs__rosidl_typesupport_fastrtps_c.so
[0.272s] -- Up-to-date: /home/jinhan/mid_mobiity/install/midterm_msgs/include/midterm_msgs/midterm_msgs
[0.272s] -- Up-to-date: /home/jinhan/mid_mobiity/install/midterm_msgs/include/midterm_msgs/midterm_msgs/msg
[0.272s] -- Up-to-date: /home/jinhan/mid_mobiity/install/midterm_msgs/include/midterm_msgs/midterm_msgs/msg/simple_gps.hpp
[0.272s] -- Up-to-date: /home/jinhan/mid_mobiity/install/midterm_msgs/include/midterm_msgs/midterm_msgs/msg/detail
[0.272s] -- Up-to-date: /home/jinhan/mid_mobiity/install/midterm_msgs/include/midterm_msgs/midterm_msgs/msg/detail/simple_lidar__traits.hpp
[0.272s] -- Up-to-date: /home/jinhan/mid_mobiity/install/midterm_msgs/include/midterm_msgs/midterm_msgs/msg/detail/wall__builder.hpp
[0.272s] -- Up-to-date: /home/jinhan/mid_mobiity/install/midterm_msgs/include/midterm_msgs/midterm_msgs/msg/detail/goal__builder.hpp
[0.272s] -- Up-to-date: /home/jinhan/mid_mobiity/install/midterm_msgs/include/midterm_msgs/midterm_msgs/msg/detail/simple_lidar__type_support.hpp
[0.272s] -- Up-to-date: /home/jinhan/mid_mobiity/install/midterm_msgs/include/midterm_msgs/midterm_msgs/msg/detail/wall_list__struct.hpp
[0.272s] -- Up-to-date: /home/jinhan/mid_mobiity/install/midterm_msgs/include/midterm_msgs/midterm_msgs/msg/detail/goal__traits.hpp
[0.272s] -- Up-to-date: /home/jinhan/mid_mobiity/install/midterm_msgs/include/midterm_msgs/midterm_msgs/msg/detail/simple_lidar__builder.hpp
[0.272s] -- Up-to-date: /home/jinhan/mid_mobiity/install/midterm_msgs/include/midterm_msgs/midterm_msgs/msg/detail/goal__type_support.hpp
[0.272s] -- Up-to-date: /home/jinhan/mid_mobiity/install/midterm_msgs/include/midterm_msgs/midterm_msgs/msg/detail/wall__struct.hpp
[0.273s] -- Up-to-date: /home/jinhan/mid_mobiity/install/midterm_msgs/include/midterm_msgs/midterm_msgs/msg/detail/simple_gps__struct.hpp
[0.273s] -- Up-to-date: /home/jinhan/mid_mobiity/install/midterm_msgs/include/midterm_msgs/midterm_msgs/msg/detail/wall_list__traits.hpp
[0.273s] -- Up-to-date: /home/jinhan/mid_mobiity/install/midterm_msgs/include/midterm_msgs/midterm_msgs/msg/detail/simple_gps__type_support.hpp
[0.273s] -- Up-to-date: /home/jinhan/mid_mobiity/install/midterm_msgs/include/midterm_msgs/midterm_msgs/msg/detail/wall__type_support.hpp
[0.273s] -- Up-to-date: /home/jinhan/mid_mobiity/install/midterm_msgs/include/midterm_msgs/midterm_msgs/msg/detail/control__builder.hpp
[0.273s] -- Up-to-date: /home/jinhan/mid_mobiity/install/midterm_msgs/include/midterm_msgs/midterm_msgs/msg/detail/simple_lidar__struct.hpp
[0.273s] -- Up-to-date: /home/jinhan/mid_mobiity/install/midterm_msgs/include/midterm_msgs/midterm_msgs/msg/detail/control__traits.hpp
[0.273s] -- Up-to-date: /home/jinhan/mid_mobiity/install/midterm_msgs/include/midterm_msgs/midterm_msgs/msg/detail/wall_list__type_support.hpp
[0.273s] -- Up-to-date: /home/jinhan/mid_mobiity/install/midterm_msgs/include/midterm_msgs/midterm_msgs/msg/detail/wall_list__builder.hpp
[0.273s] -- Up-to-date: /home/jinhan/mid_mobiity/install/midterm_msgs/include/midterm_msgs/midterm_msgs/msg/detail/simple_gps__builder.hpp
[0.273s] -- Up-to-date: /home/jinhan/mid_mobiity/install/midterm_msgs/include/midterm_msgs/midterm_msgs/msg/detail/goal__struct.hpp
[0.273s] -- Up-to-date: /home/jinhan/mid_mobiity/install/midterm_msgs/include/midterm_msgs/midterm_msgs/msg/detail/control__struct.hpp
[0.273s] -- Up-to-date: /home/jinhan/mid_mobiity/install/midterm_msgs/include/midterm_msgs/midterm_msgs/msg/detail/control__type_support.hpp
[0.273s] -- Up-to-date: /home/jinhan/mid_mobiity/install/midterm_msgs/include/midterm_msgs/midterm_msgs/msg/detail/wall__traits.hpp
[0.273s] -- Up-to-date: /home/jinhan/mid_mobiity/install/midterm_msgs/include/midterm_msgs/midterm_msgs/msg/detail/simple_gps__traits.hpp
[0.273s] -- Up-to-date: /home/jinhan/mid_mobiity/install/midterm_msgs/include/midterm_msgs/midterm_msgs/msg/wall_list.hpp
[0.273s] -- Up-to-date: /home/jinhan/mid_mobiity/install/midterm_msgs/include/midterm_msgs/midterm_msgs/msg/simple_lidar.hpp
[0.273s] -- Up-to-date: /home/jinhan/mid_mobiity/install/midterm_msgs/include/midterm_msgs/midterm_msgs/msg/rosidl_generator_cpp__visibility_control.hpp
[0.273s] -- Up-to-date: /home/jinhan/mid_mobiity/install/midterm_msgs/include/midterm_msgs/midterm_msgs/msg/control.hpp
[0.273s] -- Up-to-date: /home/jinhan/mid_mobiity/install/midterm_msgs/include/midterm_msgs/midterm_msgs/msg/wall.hpp
[0.273s] -- Up-to-date: /home/jinhan/mid_mobiity/install/midterm_msgs/include/midterm_msgs/midterm_msgs/msg/goal.hpp
[0.273s] -- Up-to-date: /home/jinhan/mid_mobiity/install/midterm_msgs/include/midterm_msgs/midterm_msgs
[0.273s] -- Up-to-date: /home/jinhan/mid_mobiity/install/midterm_msgs/include/midterm_msgs/midterm_msgs/msg
[0.273s] -- Up-to-date: /home/jinhan/mid_mobiity/install/midterm_msgs/include/midterm_msgs/midterm_msgs/msg/rosidl_typesupport_fastrtps_cpp__visibility_control.h
[0.273s] -- Up-to-date: /home/jinhan/mid_mobiity/install/midterm_msgs/include/midterm_msgs/midterm_msgs/msg/detail
[0.273s] -- Up-to-date: /home/jinhan/mid_mobiity/install/midterm_msgs/include/midterm_msgs/midterm_msgs/msg/detail/control__rosidl_typesupport_fastrtps_cpp.hpp
[0.273s] -- Up-to-date: /home/jinhan/mid_mobiity/install/midterm_msgs/include/midterm_msgs/midterm_msgs/msg/detail/wall__rosidl_typesupport_fastrtps_cpp.hpp
[0.273s] -- Up-to-date: /home/jinhan/mid_mobiity/install/midterm_msgs/include/midterm_msgs/midterm_msgs/msg/detail/dds_fastrtps
[0.273s] -- Up-to-date: /home/jinhan/mid_mobiity/install/midterm_msgs/include/midterm_msgs/midterm_msgs/msg/detail/wall_list__rosidl_typesupport_fastrtps_cpp.hpp
[0.273s] -- Up-to-date: /home/jinhan/mid_mobiity/install/midterm_msgs/include/midterm_msgs/midterm_msgs/msg/detail/goal__rosidl_typesupport_fastrtps_cpp.hpp
[0.273s] -- Up-to-date: /home/jinhan/mid_mobiity/install/midterm_msgs/include/midterm_msgs/midterm_msgs/msg/detail/simple_lidar__rosidl_typesupport_fastrtps_cpp.hpp
[0.273s] -- Up-to-date: /home/jinhan/mid_mobiity/install/midterm_msgs/include/midterm_msgs/midterm_msgs/msg/detail/simple_gps__rosidl_typesupport_fastrtps_cpp.hpp
[0.274s] -- Up-to-date: /home/jinhan/mid_mobiity/install/midterm_msgs/lib/libmidterm_msgs__rosidl_typesupport_fastrtps_cpp.so
[0.274s] -- Up-to-date: /home/jinhan/mid_mobiity/install/midterm_msgs/include/midterm_msgs/midterm_msgs
[0.274s] -- Up-to-date: /home/jinhan/mid_mobiity/install/midterm_msgs/include/midterm_msgs/midterm_msgs/msg
[0.274s] -- Up-to-date: /home/jinhan/mid_mobiity/install/midterm_msgs/include/midterm_msgs/midterm_msgs/msg/detail
[0.274s] -- Up-to-date: /home/jinhan/mid_mobiity/install/midterm_msgs/include/midterm_msgs/midterm_msgs/msg/detail/simple_lidar__type_support.c
[0.274s] -- Up-to-date: /home/jinhan/mid_mobiity/install/midterm_msgs/include/midterm_msgs/midterm_msgs/msg/detail/wall__type_support.c
[0.274s] -- Up-to-date: /home/jinhan/mid_mobiity/install/midterm_msgs/include/midterm_msgs/midterm_msgs/msg/detail/wall_list__rosidl_typesupport_introspection_c.h
[0.274s] -- Up-to-date: /home/jinhan/mid_mobiity/install/midterm_msgs/include/midterm_msgs/midterm_msgs/msg/detail/control__type_support.c
[0.274s] -- Up-to-date: /home/jinhan/mid_mobiity/install/midterm_msgs/include/midterm_msgs/midterm_msgs/msg/detail/simple_gps__rosidl_typesupport_introspection_c.h
[0.274s] -- Up-to-date: /home/jinhan/mid_mobiity/install/midterm_msgs/include/midterm_msgs/midterm_msgs/msg/detail/wall_list__type_support.c
[0.274s] -- Up-to-date: /home/jinhan/mid_mobiity/install/midterm_msgs/include/midterm_msgs/midterm_msgs/msg/detail/goal__type_support.c
[0.274s] -- Up-to-date: /home/jinhan/mid_mobiity/install/midterm_msgs/include/midterm_msgs/midterm_msgs/msg/detail/wall__rosidl_typesupport_introspection_c.h
[0.274s] -- Up-to-date: /home/jinhan/mid_mobiity/install/midterm_msgs/include/midterm_msgs/midterm_msgs/msg/detail/goal__rosidl_typesupport_introspection_c.h
[0.274s] -- Up-to-date: /home/jinhan/mid_mobiity/install/midterm_msgs/include/midterm_msgs/midterm_msgs/msg/detail/simple_lidar__rosidl_typesupport_introspection_c.h
[0.274s] -- Up-to-date: /home/jinhan/mid_mobiity/install/midterm_msgs/include/midterm_msgs/midterm_msgs/msg/detail/simple_gps__type_support.c
[0.274s] -- Up-to-date: /home/jinhan/mid_mobiity/install/midterm_msgs/include/midterm_msgs/midterm_msgs/msg/detail/control__rosidl_typesupport_introspection_c.h
[0.274s] -- Up-to-date: /home/jinhan/mid_mobiity/install/midterm_msgs/include/midterm_msgs/midterm_msgs/msg/rosidl_typesupport_introspection_c__visibility_control.h
[0.274s] -- Up-to-date: /home/jinhan/mid_mobiity/install/midterm_msgs/lib/libmidterm_msgs__rosidl_typesupport_introspection_c.so
[0.274s] -- Up-to-date: /home/jinhan/mid_mobiity/install/midterm_msgs/lib/libmidterm_msgs__rosidl_typesupport_c.so
[0.274s] -- Up-to-date: /home/jinhan/mid_mobiity/install/midterm_msgs/include/midterm_msgs/midterm_msgs
[0.274s] -- Up-to-date: /home/jinhan/mid_mobiity/install/midterm_msgs/include/midterm_msgs/midterm_msgs/msg
[0.274s] -- Up-to-date: /home/jinhan/mid_mobiity/install/midterm_msgs/include/midterm_msgs/midterm_msgs/msg/detail
[0.274s] -- Up-to-date: /home/jinhan/mid_mobiity/install/midterm_msgs/include/midterm_msgs/midterm_msgs/msg/detail/simple_lidar__type_support.cpp
[0.274s] -- Up-to-date: /home/jinhan/mid_mobiity/install/midterm_msgs/include/midterm_msgs/midterm_msgs/msg/detail/control__type_support.cpp
[0.274s] -- Up-to-date: /home/jinhan/mid_mobiity/install/midterm_msgs/include/midterm_msgs/midterm_msgs/msg/detail/wall_list__rosidl_typesupport_introspection_cpp.hpp
[0.274s] -- Up-to-date: /home/jinhan/mid_mobiity/install/midterm_msgs/include/midterm_msgs/midterm_msgs/msg/detail/goal__rosidl_typesupport_introspection_cpp.hpp
[0.274s] -- Up-to-date: /home/jinhan/mid_mobiity/install/midterm_msgs/include/midterm_msgs/midterm_msgs/msg/detail/wall__rosidl_typesupport_introspection_cpp.hpp
[0.274s] -- Up-to-date: /home/jinhan/mid_mobiity/install/midterm_msgs/include/midterm_msgs/midterm_msgs/msg/detail/simple_lidar__rosidl_typesupport_introspection_cpp.hpp
[0.274s] -- Up-to-date: /home/jinhan/mid_mobiity/install/midterm_msgs/include/midterm_msgs/midterm_msgs/msg/detail/wall_list__type_support.cpp
[0.274s] -- Up-to-date: /home/jinhan/mid_mobiity/install/midterm_msgs/include/midterm_msgs/midterm_msgs/msg/detail/control__rosidl_typesupport_introspection_cpp.hpp
[0.274s] -- Up-to-date: /home/jinhan/mid_mobiity/install/midterm_msgs/include/midterm_msgs/midterm_msgs/msg/detail/simple_gps__type_support.cpp
[0.274s] -- Up-to-date: /home/jinhan/mid_mobiity/install/midterm_msgs/include/midterm_msgs/midterm_msgs/msg/detail/simple_gps__rosidl_typesupport_introspection_cpp.hpp
[0.274s] -- Up-to-date: /home/jinhan/mid_mobiity/install/midterm_msgs/include/midterm_msgs/midterm_msgs/msg/detail/wall__type_support.cpp
[0.274s] -- Up-to-date: /home/jinhan/mid_mobiity/install/midterm_msgs/include/midterm_msgs/midterm_msgs/msg/detail/goal__type_support.cpp
[0.274s] -- Up-to-date: /home/jinhan/mid_mobiity/install/midterm_msgs/lib/libmidterm_msgs__rosidl_typesupport_introspection_cpp.so
[0.274s] -- Up-to-date: /home/jinhan/mid_mobiity/install/midterm_msgs/lib/libmidterm_msgs__rosidl_typesupport_cpp.so
[0.274s] -- Up-to-date: /home/jinhan/mid_mobiity/install/midterm_msgs/share/midterm_msgs/environment/pythonpath.sh
[0.274s] -- Up-to-date: /home/jinhan/mid_mobiity/install/midterm_msgs/share/midterm_msgs/environment/pythonpath.dsv
[0.274s] -- Up-to-date: /home/jinhan/mid_mobiity/install/midterm_msgs/local/lib/python3.10/dist-packages/midterm_msgs-0.0.0-py3.10.egg-info
[0.274s] -- Installing: /home/jinhan/mid_mobiity/install/midterm_msgs/local/lib/python3.10/dist-packages/midterm_msgs-0.0.0-py3.10.egg-info/SOURCES.txt
[0.275s] -- Installing: /home/jinhan/mid_mobiity/install/midterm_msgs/local/lib/python3.10/dist-packages/midterm_msgs-0.0.0-py3.10.egg-info/top_level.txt
[0.275s] -- Installing: /home/jinhan/mid_mobiity/install/midterm_msgs/local/lib/python3.10/dist-packages/midterm_msgs-0.0.0-py3.10.egg-info/PKG-INFO
[0.275s] -- Installing: /home/jinhan/mid_mobiity/install/midterm_msgs/local/lib/python3.10/dist-packages/midterm_msgs-0.0.0-py3.10.egg-info/dependency_links.txt
[0.275s] -- Up-to-date: /home/jinhan/mid_mobiity/install/midterm_msgs/local/lib/python3.10/dist-packages/midterm_msgs
[0.275s] -- Up-to-date: /home/jinhan/mid_mobiity/install/midterm_msgs/local/lib/python3.10/dist-packages/midterm_msgs/midterm_msgs_s__rosidl_typesupport_fastrtps_c.cpython-310-x86_64-linux-gnu.so
[0.275s] -- Up-to-date: /home/jinhan/mid_mobiity/install/midterm_msgs/local/lib/python3.10/dist-packages/midterm_msgs/libmidterm_msgs__rosidl_generator_py.so
[0.275s] -- Up-to-date: /home/jinhan/mid_mobiity/install/midterm_msgs/local/lib/python3.10/dist-packages/midterm_msgs/_midterm_msgs_s.ep.rosidl_typesupport_c.c
[0.275s] -- Up-to-date: /home/jinhan/mid_mobiity/install/midterm_msgs/local/lib/python3.10/dist-packages/midterm_msgs/midterm_msgs_s__rosidl_typesupport_introspection_c.cpython-310-x86_64-linux-gnu.so
[0.275s] -- Up-to-date: /home/jinhan/mid_mobiity/install/midterm_msgs/local/lib/python3.10/dist-packages/midterm_msgs/midterm_msgs_s__rosidl_typesupport_c.cpython-310-x86_64-linux-gnu.so
[0.275s] -- Up-to-date: /home/jinhan/mid_mobiity/install/midterm_msgs/local/lib/python3.10/dist-packages/midterm_msgs/msg
[0.275s] -- Up-to-date: /home/jinhan/mid_mobiity/install/midterm_msgs/local/lib/python3.10/dist-packages/midterm_msgs/msg/_simple_lidar.py
[0.275s] -- Up-to-date: /home/jinhan/mid_mobiity/install/midterm_msgs/local/lib/python3.10/dist-packages/midterm_msgs/msg/_simple_gps.py
[0.275s] -- Up-to-date: /home/jinhan/mid_mobiity/install/midterm_msgs/local/lib/python3.10/dist-packages/midterm_msgs/msg/_simple_lidar_s.c
[0.275s] -- Up-to-date: /home/jinhan/mid_mobiity/install/midterm_msgs/local/lib/python3.10/dist-packages/midterm_msgs/msg/_goal_s.c
[0.275s] -- Up-to-date: /home/jinhan/mid_mobiity/install/midterm_msgs/local/lib/python3.10/dist-packages/midterm_msgs/msg/_wall_list.py
[0.275s] -- Up-to-date: /home/jinhan/mid_mobiity/install/midterm_msgs/local/lib/python3.10/dist-packages/midterm_msgs/msg/_wall_s.c
[0.275s] -- Up-to-date: /home/jinhan/mid_mobiity/install/midterm_msgs/local/lib/python3.10/dist-packages/midterm_msgs/msg/_wall_list_s.c
[0.275s] -- Up-to-date: /home/jinhan/mid_mobiity/install/midterm_msgs/local/lib/python3.10/dist-packages/midterm_msgs/msg/_goal.py
[0.275s] -- Up-to-date: /home/jinhan/mid_mobiity/install/midterm_msgs/local/lib/python3.10/dist-packages/midterm_msgs/msg/_wall.py
[0.275s] -- Up-to-date: /home/jinhan/mid_mobiity/install/midterm_msgs/local/lib/python3.10/dist-packages/midterm_msgs/msg/__init__.py
[0.275s] -- Up-to-date: /home/jinhan/mid_mobiity/install/midterm_msgs/local/lib/python3.10/dist-packages/midterm_msgs/msg/_simple_gps_s.c
[0.275s] -- Up-to-date: /home/jinhan/mid_mobiity/install/midterm_msgs/local/lib/python3.10/dist-packages/midterm_msgs/msg/_control_s.c
[0.275s] -- Up-to-date: /home/jinhan/mid_mobiity/install/midterm_msgs/local/lib/python3.10/dist-packages/midterm_msgs/msg/_control.py
[0.275s] -- Up-to-date: /home/jinhan/mid_mobiity/install/midterm_msgs/local/lib/python3.10/dist-packages/midterm_msgs/__init__.py
[0.275s] -- Up-to-date: /home/jinhan/mid_mobiity/install/midterm_msgs/local/lib/python3.10/dist-packages/midterm_msgs/_midterm_msgs_s.ep.rosidl_typesupport_introspection_c.c
[0.275s] -- Up-to-date: /home/jinhan/mid_mobiity/install/midterm_msgs/local/lib/python3.10/dist-packages/midterm_msgs/_midterm_msgs_s.ep.rosidl_typesupport_fastrtps_c.c
[0.295s] Listing '/home/jinhan/mid_mobiity/install/midterm_msgs/local/lib/python3.10/dist-packages/midterm_msgs'...
[0.295s] Listing '/home/jinhan/mid_mobiity/install/midterm_msgs/local/lib/python3.10/dist-packages/midterm_msgs/msg'...
[0.298s] -- Up-to-date: /home/jinhan/mid_mobiity/install/midterm_msgs/local/lib/python3.10/dist-packages/midterm_msgs/midterm_msgs_s__rosidl_typesupport_fastrtps_c.cpython-310-x86_64-linux-gnu.so
[0.298s] -- Up-to-date: /home/jinhan/mid_mobiity/install/midterm_msgs/local/lib/python3.10/dist-packages/midterm_msgs/midterm_msgs_s__rosidl_typesupport_introspection_c.cpython-310-x86_64-linux-gnu.so
[0.298s] -- Up-to-date: /home/jinhan/mid_mobiity/install/midterm_msgs/local/lib/python3.10/dist-packages/midterm_msgs/midterm_msgs_s__rosidl_typesupport_c.cpython-310-x86_64-linux-gnu.so
[0.298s] -- Up-to-date: /home/jinhan/mid_mobiity/install/midterm_msgs/lib/libmidterm_msgs__rosidl_generator_py.so
[0.298s] -- Up-to-date: /home/jinhan/mid_mobiity/install/midterm_msgs/share/midterm_msgs/msg/Wall.idl
[0.298s] -- Up-to-date: /home/jinhan/mid_mobiity/install/midterm_msgs/share/midterm_msgs/msg/Goal.idl
[0.298s] -- Up-to-date: /home/jinhan/mid_mobiity/install/midterm_msgs/share/midterm_msgs/msg/SimpleGPS.idl
[0.298s] -- Up-to-date: /home/jinhan/mid_mobiity/install/midterm_msgs/share/midterm_msgs/msg/SimpleLidar.idl
[0.298s] -- Up-to-date: /home/jinhan/mid_mobiity/install/midterm_msgs/share/midterm_msgs/msg/WallList.idl
[0.298s] -- Up-to-date: /home/jinhan/mid_mobiity/install/midterm_msgs/share/midterm_msgs/msg/Control.idl
[0.298s] -- Up-to-date: /home/jinhan/mid_mobiity/install/midterm_msgs/share/midterm_msgs/msg/Wall.msg
[0.298s] -- Up-to-date: /home/jinhan/mid_mobiity/install/midterm_msgs/share/midterm_msgs/msg/Goal.msg
[0.298s] -- Up-to-date: /home/jinhan/mid_mobiity/install/midterm_msgs/share/midterm_msgs/msg/SimpleGPS.msg
[0.298s] -- Up-to-date: /home/jinhan/mid_mobiity/install/midterm_msgs/share/midterm_msgs/msg/SimpleLidar.msg
[0.298s] -- Up-to-date: /home/jinhan/mid_mobiity/install/midterm_msgs/share/midterm_msgs/msg/WallList.msg
[0.298s] -- Up-to-date: /home/jinhan/mid_mobiity/install/midterm_msgs/share/midterm_msgs/msg/Control.msg
[0.298s] -- Up-to-date: /home/jinhan/mid_mobiity/install/midterm_msgs/share/ament_index/resource_index/package_run_dependencies/midterm_msgs
[0.298s] -- Up-to-date: /home/jinhan/mid_mobiity/install/midterm_msgs/share/ament_index/resource_index/parent_prefix_path/midterm_msgs
[0.298s] -- Up-to-date: /home/jinhan/mid_mobiity/install/midterm_msgs/share/midterm_msgs/environment/ament_prefix_path.sh
[0.298s] -- Up-to-date: /home/jinhan/mid_mobiity/install/midterm_msgs/share/midterm_msgs/environment/ament_prefix_path.dsv
[0.298s] -- Up-to-date: /home/jinhan/mid_mobiity/install/midterm_msgs/share/midterm_msgs/environment/path.sh
[0.298s] -- Up-to-date: /home/jinhan/mid_mobiity/install/midterm_msgs/share/midterm_msgs/environment/path.dsv
[0.299s] -- Up-to-date: /home/jinhan/mid_mobiity/install/midterm_msgs/share/midterm_msgs/local_setup.bash
[0.299s] -- Up-to-date: /home/jinhan/mid_mobiity/install/midterm_msgs/share/midterm_msgs/local_setup.sh
[0.299s] -- Up-to-date: /home/jinhan/mid_mobiity/install/midterm_msgs/share/midterm_msgs/local_setup.zsh
[0.299s] -- Up-to-date: /home/jinhan/mid_mobiity/install/midterm_msgs/share/midterm_msgs/local_setup.dsv
[0.299s] -- Installing: /home/jinhan/mid_mobiity/install/midterm_msgs/share/midterm_msgs/package.dsv
[0.299s] -- Up-to-date: /home/jinhan/mid_mobiity/install/midterm_msgs/share/ament_index/resource_index/packages/midterm_msgs
[0.299s] -- Up-to-date: /home/jinhan/mid_mobiity/install/midterm_msgs/share/midterm_msgs/cmake/export_midterm_msgs__rosidl_generator_cExport.cmake
[0.299s] -- Up-to-date: /home/jinhan/mid_mobiity/install/midterm_msgs/share/midterm_msgs/cmake/export_midterm_msgs__rosidl_generator_cExport-noconfig.cmake
[0.299s] -- Up-to-date: /home/jinhan/mid_mobiity/install/midterm_msgs/share/midterm_msgs/cmake/export_midterm_msgs__rosidl_typesupport_fastrtps_cExport.cmake
[0.299s] -- Up-to-date: /home/jinhan/mid_mobiity/install/midterm_msgs/share/midterm_msgs/cmake/export_midterm_msgs__rosidl_typesupport_fastrtps_cExport-noconfig.cmake
[0.299s] -- Up-to-date: /home/jinhan/mid_mobiity/install/midterm_msgs/share/midterm_msgs/cmake/export_midterm_msgs__rosidl_generator_cppExport.cmake
[0.299s] -- Up-to-date: /home/jinhan/mid_mobiity/install/midterm_msgs/share/midterm_msgs/cmake/export_midterm_msgs__rosidl_typesupport_fastrtps_cppExport.cmake
[0.299s] -- Up-to-date: /home/jinhan/mid_mobiity/install/midterm_msgs/share/midterm_msgs/cmake/export_midterm_msgs__rosidl_typesupport_fastrtps_cppExport-noconfig.cmake
[0.299s] -- Up-to-date: /home/jinhan/mid_mobiity/install/midterm_msgs/share/midterm_msgs/cmake/midterm_msgs__rosidl_typesupport_introspection_cExport.cmake
[0.299s] -- Up-to-date: /home/jinhan/mid_mobiity/install/midterm_msgs/share/midterm_msgs/cmake/midterm_msgs__rosidl_typesupport_introspection_cExport-noconfig.cmake
[0.299s] -- Up-to-date: /home/jinhan/mid_mobiity/install/midterm_msgs/share/midterm_msgs/cmake/midterm_msgs__rosidl_typesupport_cExport.cmake
[0.299s] -- Up-to-date: /home/jinhan/mid_mobiity/install/midterm_msgs/share/midterm_msgs/cmake/midterm_msgs__rosidl_typesupport_cExport-noconfig.cmake
[0.299s] -- Up-to-date: /home/jinhan/mid_mobiity/install/midterm_msgs/share/midterm_msgs/cmake/midterm_msgs__rosidl_typesupport_introspection_cppExport.cmake
[0.299s] -- Up-to-date: /home/jinhan/mid_mobiity/install/midterm_msgs/share/midterm_msgs/cmake/midterm_msgs__rosidl_typesupport_introspection_cppExport-noconfig.cmake
[0.299s] -- Up-to-date: /home/jinhan/mid_mobiity/install/midterm_msgs/share/midterm_msgs/cmake/midterm_msgs__rosidl_typesupport_cppExport.cmake
[0.299s] -- Up-to-date: /home/jinhan/mid_mobiity/install/midterm_msgs/share/midterm_msgs/cmake/midterm_msgs__rosidl_typesupport_cppExport-noconfig.cmake
[0.299s] -- Up-to-date: /home/jinhan/mid_mobiity/install/midterm_msgs/share/midterm_msgs/cmake/export_midterm_msgs__rosidl_generator_pyExport.cmake
[0.299s] -- Up-to-date: /home/jinhan/mid_mobiity/install/midterm_msgs/share/midterm_msgs/cmake/export_midterm_msgs__rosidl_generator_pyExport-noconfig.cmake
[0.299s] -- Up-to-date: /home/jinhan/mid_mobiity/install/midterm_msgs/share/midterm_msgs/cmake/rosidl_cmake-extras.cmake
[0.299s] -- Up-to-date: /home/jinhan/mid_mobiity/install/midterm_msgs/share/midterm_msgs/cmake/ament_cmake_export_dependencies-extras.cmake
[0.299s] -- Up-to-date: /home/jinhan/mid_mobiity/install/midterm_msgs/share/midterm_msgs/cmake/ament_cmake_export_include_directories-extras.cmake
[0.299s] -- Up-to-date: /home/jinhan/mid_mobiity/install/midterm_msgs/share/midterm_msgs/cmake/ament_cmake_export_libraries-extras.cmake
[0.299s] -- Up-to-date: /home/jinhan/mid_mobiity/install/midterm_msgs/share/midterm_msgs/cmake/ament_cmake_export_targets-extras.cmake
[0.299s] -- Up-to-date: /home/jinhan/mid_mobiity/install/midterm_msgs/share/midterm_msgs/cmake/rosidl_cmake_export_typesupport_targets-extras.cmake
[0.299s] -- Up-to-date: /home/jinhan/mid_mobiity/install/midterm_msgs/share/midterm_msgs/cmake/rosidl_cmake_export_typesupport_libraries-extras.cmake
[0.300s] -- Up-to-date: /home/jinhan/mid_mobiity/install/midterm_msgs/share/midterm_msgs/cmake/midterm_msgsConfig.cmake
[0.300s] -- Up-to-date: /home/jinhan/mid_mobiity/install/midterm_msgs/share/midterm_msgs/cmake/midterm_msgsConfig-version.cmake
[0.300s] -- Up-to-date: /home/jinhan/mid_mobiity/install/midterm_msgs/share/midterm_msgs/package.xml
[0.301s] Invoked command in '/home/jinhan/mid_mobiity/build/midterm_msgs' returned '0': CMAKE_PREFIX_PATH=${CMAKE_PREFIX_PATH}:/home/jinhan/mid_mobiity/install/midterm_env:/home/jinhan/mid_mobiity/install/auto_driving2:/home/jinhan/mid_mobiity/install/auto_driving:/opt/ros/humble /usr/bin/cmake --install /home/jinhan/mid_mobiity/build/midterm_msgs
