[0.183s] DEBUG:colcon:Command line arguments: ['/usr/bin/colcon', 'build']
[0.183s] DEBUG:colcon:Parsed command line arguments: Namespace(log_base=None, log_level=None, verb_name='build', build_base='build', install_base='install', merge_install=False, symlink_install=False, test_result_base=None, continue_on_error=False, executor='parallel', parallel_workers=12, event_handlers=None, ignore_user_meta=False, metas=['./colcon.meta'], base_paths=['.'], packages_ignore=None, packages_ignore_regex=None, paths=None, packages_up_to=None, packages_up_to_regex=None, packages_above=None, packages_above_and_dependencies=None, packages_above_depth=None, packages_select_by_dep=None, packages_skip_by_dep=None, packages_skip_up_to=None, packages_select_build_failed=False, packages_skip_build_finished=False, packages_select_test_failures=False, packages_skip_test_passed=False, packages_select=None, packages_skip=None, packages_select_regex=None, packages_skip_regex=None, packages_start=None, packages_end=None, allow_overriding=[], cmake_args=None, cmake_target=None, cmake_target_skip_unavailable=False, cmake_clean_cache=False, cmake_clean_first=False, cmake_force_configure=False, ament_cmake_args=None, catkin_cmake_args=None, catkin_skip_building_tests=False, verb_parser=<colcon_defaults.argument_parser.defaults.DefaultArgumentsDecorator object at 0x73ef68a5c4f0>, verb_extension=<colcon_core.verb.build.BuildVerb object at 0x73ef68b65900>, main=<bound method BuildVerb.main of <colcon_core.verb.build.BuildVerb object at 0x73ef68b65900>>)
[0.325s] Level 1:colcon.colcon_core.package_discovery:discover_packages(colcon_meta) check parameters
[0.325s] Level 1:colcon.colcon_core.package_discovery:discover_packages(recursive) check parameters
[0.325s] Level 1:colcon.colcon_core.package_discovery:discover_packages(ignore) check parameters
[0.325s] Level 1:colcon.colcon_core.package_discovery:discover_packages(path) check parameters
[0.325s] Level 1:colcon.colcon_core.package_discovery:discover_packages(colcon_meta) discover
[0.325s] Level 1:colcon.colcon_core.package_discovery:discover_packages(recursive) discover
[0.325s] INFO:colcon.colcon_core.package_discovery:Crawling recursively for packages in '/home/jinhan/mid_mobiity'
[0.326s] Level 1:colcon.colcon_core.package_identification:_identify(.) by extensions ['ignore', 'ignore_ament_install']
[0.326s] Level 1:colcon.colcon_core.package_identification:_identify(.) by extension 'ignore'
[0.326s] Level 1:colcon.colcon_core.package_identification:_identify(.) by extension 'ignore_ament_install'
[0.326s] Level 1:colcon.colcon_core.package_identification:_identify(.) by extensions ['colcon_pkg']
[0.326s] Level 1:colcon.colcon_core.package_identification:_identify(.) by extension 'colcon_pkg'
[0.326s] Level 1:colcon.colcon_core.package_identification:_identify(.) by extensions ['colcon_meta']
[0.326s] Level 1:colcon.colcon_core.package_identification:_identify(.) by extension 'colcon_meta'
[0.326s] Level 1:colcon.colcon_core.package_identification:_identify(.) by extensions ['ros']
[0.326s] Level 1:colcon.colcon_core.package_identification:_identify(.) by extension 'ros'
[0.335s] Level 1:colcon.colcon_core.package_identification:_identify(.) by extensions ['cmake', 'python']
[0.335s] Level 1:colcon.colcon_core.package_identification:_identify(.) by extension 'cmake'
[0.335s] Level 1:colcon.colcon_core.package_identification:_identify(.) by extension 'python'
[0.335s] Level 1:colcon.colcon_core.package_identification:_identify(.) by extensions ['python_setup_py']
[0.335s] Level 1:colcon.colcon_core.package_identification:_identify(.) by extension 'python_setup_py'
[0.335s] Level 1:colcon.colcon_core.package_identification:_identify(build) by extensions ['ignore', 'ignore_ament_install']
[0.336s] Level 1:colcon.colcon_core.package_identification:_identify(build) by extension 'ignore'
[0.336s] Level 1:colcon.colcon_core.package_identification:_identify(build) ignored
[0.336s] Level 1:colcon.colcon_core.package_identification:_identify(install) by extensions ['ignore', 'ignore_ament_install']
[0.336s] Level 1:colcon.colcon_core.package_identification:_identify(install) by extension 'ignore'
[0.336s] Level 1:colcon.colcon_core.package_identification:_identify(install) ignored
[0.336s] Level 1:colcon.colcon_core.package_identification:_identify(log) by extensions ['ignore', 'ignore_ament_install']
[0.336s] Level 1:colcon.colcon_core.package_identification:_identify(log) by extension 'ignore'
[0.336s] Level 1:colcon.colcon_core.package_identification:_identify(log) ignored
[0.336s] Level 1:colcon.colcon_core.package_identification:_identify(src) by extensions ['ignore', 'ignore_ament_install']
[0.336s] Level 1:colcon.colcon_core.package_identification:_identify(src) by extension 'ignore'
[0.336s] Level 1:colcon.colcon_core.package_identification:_identify(src) by extension 'ignore_ament_install'
[0.336s] Level 1:colcon.colcon_core.package_identification:_identify(src) by extensions ['colcon_pkg']
[0.336s] Level 1:colcon.colcon_core.package_identification:_identify(src) by extension 'colcon_pkg'
[0.336s] Level 1:colcon.colcon_core.package_identification:_identify(src) by extensions ['colcon_meta']
[0.336s] Level 1:colcon.colcon_core.package_identification:_identify(src) by extension 'colcon_meta'
[0.336s] Level 1:colcon.colcon_core.package_identification:_identify(src) by extensions ['ros']
[0.336s] Level 1:colcon.colcon_core.package_identification:_identify(src) by extension 'ros'
[0.336s] Level 1:colcon.colcon_core.package_identification:_identify(src) by extensions ['cmake', 'python']
[0.336s] Level 1:colcon.colcon_core.package_identification:_identify(src) by extension 'cmake'
[0.336s] Level 1:colcon.colcon_core.package_identification:_identify(src) by extension 'python'
[0.336s] Level 1:colcon.colcon_core.package_identification:_identify(src) by extensions ['python_setup_py']
[0.336s] Level 1:colcon.colcon_core.package_identification:_identify(src) by extension 'python_setup_py'
[0.336s] Level 1:colcon.colcon_core.package_identification:_identify(src/env) by extensions ['ignore', 'ignore_ament_install']
[0.336s] Level 1:colcon.colcon_core.package_identification:_identify(src/env) by extension 'ignore'
[0.336s] Level 1:colcon.colcon_core.package_identification:_identify(src/env) by extension 'ignore_ament_install'
[0.336s] Level 1:colcon.colcon_core.package_identification:_identify(src/env) by extensions ['colcon_pkg']
[0.336s] Level 1:colcon.colcon_core.package_identification:_identify(src/env) by extension 'colcon_pkg'
[0.336s] Level 1:colcon.colcon_core.package_identification:_identify(src/env) by extensions ['colcon_meta']
[0.336s] Level 1:colcon.colcon_core.package_identification:_identify(src/env) by extension 'colcon_meta'
[0.336s] Level 1:colcon.colcon_core.package_identification:_identify(src/env) by extensions ['ros']
[0.336s] Level 1:colcon.colcon_core.package_identification:_identify(src/env) by extension 'ros'
[0.336s] Level 1:colcon.colcon_core.package_identification:_identify(src/env) by extensions ['cmake', 'python']
[0.336s] Level 1:colcon.colcon_core.package_identification:_identify(src/env) by extension 'cmake'
[0.336s] Level 1:colcon.colcon_core.package_identification:_identify(src/env) by extension 'python'
[0.336s] Level 1:colcon.colcon_core.package_identification:_identify(src/env) by extensions ['python_setup_py']
[0.336s] Level 1:colcon.colcon_core.package_identification:_identify(src/env) by extension 'python_setup_py'
[0.337s] Level 1:colcon.colcon_core.package_identification:_identify(src/env/env) by extensions ['ignore', 'ignore_ament_install']
[0.337s] Level 1:colcon.colcon_core.package_identification:_identify(src/env/env) by extension 'ignore'
[0.337s] Level 1:colcon.colcon_core.package_identification:_identify(src/env/env) by extension 'ignore_ament_install'
[0.337s] Level 1:colcon.colcon_core.package_identification:_identify(src/env/env) by extensions ['colcon_pkg']
[0.337s] Level 1:colcon.colcon_core.package_identification:_identify(src/env/env) by extension 'colcon_pkg'
[0.337s] Level 1:colcon.colcon_core.package_identification:_identify(src/env/env) by extensions ['colcon_meta']
[0.337s] Level 1:colcon.colcon_core.package_identification:_identify(src/env/env) by extension 'colcon_meta'
[0.337s] Level 1:colcon.colcon_core.package_identification:_identify(src/env/env) by extensions ['ros']
[0.337s] Level 1:colcon.colcon_core.package_identification:_identify(src/env/env) by extension 'ros'
[0.337s] Level 1:colcon.colcon_core.package_identification:_identify(src/env/env) by extensions ['cmake', 'python']
[0.337s] Level 1:colcon.colcon_core.package_identification:_identify(src/env/env) by extension 'cmake'
[0.337s] Level 1:colcon.colcon_core.package_identification:_identify(src/env/env) by extension 'python'
[0.337s] Level 1:colcon.colcon_core.package_identification:_identify(src/env/env) by extensions ['python_setup_py']
[0.337s] Level 1:colcon.colcon_core.package_identification:_identify(src/env/env) by extension 'python_setup_py'
[0.337s] Level 1:colcon.colcon_core.package_identification:_identify(src/env/env/midterm_env) by extensions ['ignore', 'ignore_ament_install']
[0.337s] Level 1:colcon.colcon_core.package_identification:_identify(src/env/env/midterm_env) by extension 'ignore'
[0.337s] Level 1:colcon.colcon_core.package_identification:_identify(src/env/env/midterm_env) by extension 'ignore_ament_install'
[0.337s] Level 1:colcon.colcon_core.package_identification:_identify(src/env/env/midterm_env) by extensions ['colcon_pkg']
[0.337s] Level 1:colcon.colcon_core.package_identification:_identify(src/env/env/midterm_env) by extension 'colcon_pkg'
[0.337s] Level 1:colcon.colcon_core.package_identification:_identify(src/env/env/midterm_env) by extensions ['colcon_meta']
[0.337s] Level 1:colcon.colcon_core.package_identification:_identify(src/env/env/midterm_env) by extension 'colcon_meta'
[0.337s] Level 1:colcon.colcon_core.package_identification:_identify(src/env/env/midterm_env) by extensions ['ros']
[0.337s] Level 1:colcon.colcon_core.package_identification:_identify(src/env/env/midterm_env) by extension 'ros'
[0.339s] DEBUG:colcon.colcon_core.package_identification:Package 'src/env/env/midterm_env' with type 'ros.ament_python' and name 'midterm_env'
[0.339s] Level 1:colcon.colcon_core.package_identification:_identify(src/env/env/midterm_msgs) by extensions ['ignore', 'ignore_ament_install']
[0.339s] Level 1:colcon.colcon_core.package_identification:_identify(src/env/env/midterm_msgs) by extension 'ignore'
[0.339s] Level 1:colcon.colcon_core.package_identification:_identify(src/env/env/midterm_msgs) by extension 'ignore_ament_install'
[0.339s] Level 1:colcon.colcon_core.package_identification:_identify(src/env/env/midterm_msgs) by extensions ['colcon_pkg']
[0.339s] Level 1:colcon.colcon_core.package_identification:_identify(src/env/env/midterm_msgs) by extension 'colcon_pkg'
[0.339s] Level 1:colcon.colcon_core.package_identification:_identify(src/env/env/midterm_msgs) by extensions ['colcon_meta']
[0.339s] Level 1:colcon.colcon_core.package_identification:_identify(src/env/env/midterm_msgs) by extension 'colcon_meta'
[0.339s] Level 1:colcon.colcon_core.package_identification:_identify(src/env/env/midterm_msgs) by extensions ['ros']
[0.339s] Level 1:colcon.colcon_core.package_identification:_identify(src/env/env/midterm_msgs) by extension 'ros'
[0.340s] DEBUG:colcon.colcon_core.package_identification:Package 'src/env/env/midterm_msgs' with type 'ros.ament_cmake' and name 'midterm_msgs'
[0.340s] Level 1:colcon.colcon_core.package_discovery:discover_packages(recursive) using defaults
[0.340s] Level 1:colcon.colcon_core.package_discovery:discover_packages(ignore) discover
[0.340s] Level 1:colcon.colcon_core.package_discovery:discover_packages(ignore) using defaults
[0.340s] Level 1:colcon.colcon_core.package_discovery:discover_packages(path) discover
[0.340s] Level 1:colcon.colcon_core.package_discovery:discover_packages(path) using defaults
[0.365s] Level 1:colcon.colcon_core.package_discovery:discover_packages(prefix_path) check parameters
[0.365s] Level 1:colcon.colcon_core.package_discovery:discover_packages(prefix_path) discover
[0.368s] DEBUG:colcon.colcon_installed_package_information.package_discovery:Found 267 installed packages in /opt/ros/humble
[0.368s] Level 1:colcon.colcon_core.package_discovery:discover_packages(prefix_path) using defaults
[0.389s] Level 5:colcon.colcon_core.verb:set package 'midterm_msgs' build argument 'cmake_args' from command line to 'None'
[0.389s] Level 5:colcon.colcon_core.verb:set package 'midterm_msgs' build argument 'cmake_target' from command line to 'None'
[0.389s] Level 5:colcon.colcon_core.verb:set package 'midterm_msgs' build argument 'cmake_target_skip_unavailable' from command line to 'False'
[0.389s] Level 5:colcon.colcon_core.verb:set package 'midterm_msgs' build argument 'cmake_clean_cache' from command line to 'False'
[0.389s] Level 5:colcon.colcon_core.verb:set package 'midterm_msgs' build argument 'cmake_clean_first' from command line to 'False'
[0.389s] Level 5:colcon.colcon_core.verb:set package 'midterm_msgs' build argument 'cmake_force_configure' from command line to 'False'
[0.389s] Level 5:colcon.colcon_core.verb:set package 'midterm_msgs' build argument 'ament_cmake_args' from command line to 'None'
[0.389s] Level 5:colcon.colcon_core.verb:set package 'midterm_msgs' build argument 'catkin_cmake_args' from command line to 'None'
[0.389s] Level 5:colcon.colcon_core.verb:set package 'midterm_msgs' build argument 'catkin_skip_building_tests' from command line to 'False'
[0.389s] DEBUG:colcon.colcon_core.verb:Building package 'midterm_msgs' with the following arguments: {'ament_cmake_args': None, 'build_base': '/home/jinhan/mid_mobiity/build/midterm_msgs', 'catkin_cmake_args': None, 'catkin_skip_building_tests': False, 'cmake_args': None, 'cmake_clean_cache': False, 'cmake_clean_first': False, 'cmake_force_configure': False, 'cmake_target': None, 'cmake_target_skip_unavailable': False, 'install_base': '/home/jinhan/mid_mobiity/install/midterm_msgs', 'merge_install': False, 'path': '/home/jinhan/mid_mobiity/src/env/env/midterm_msgs', 'symlink_install': False, 'test_result_base': None}
[0.389s] Level 5:colcon.colcon_core.verb:set package 'midterm_env' build argument 'cmake_args' from command line to 'None'
[0.389s] Level 5:colcon.colcon_core.verb:set package 'midterm_env' build argument 'cmake_target' from command line to 'None'
[0.389s] Level 5:colcon.colcon_core.verb:set package 'midterm_env' build argument 'cmake_target_skip_unavailable' from command line to 'False'
[0.389s] Level 5:colcon.colcon_core.verb:set package 'midterm_env' build argument 'cmake_clean_cache' from command line to 'False'
[0.389s] Level 5:colcon.colcon_core.verb:set package 'midterm_env' build argument 'cmake_clean_first' from command line to 'False'
[0.389s] Level 5:colcon.colcon_core.verb:set package 'midterm_env' build argument 'cmake_force_configure' from command line to 'False'
[0.389s] Level 5:colcon.colcon_core.verb:set package 'midterm_env' build argument 'ament_cmake_args' from command line to 'None'
[0.389s] Level 5:colcon.colcon_core.verb:set package 'midterm_env' build argument 'catkin_cmake_args' from command line to 'None'
[0.389s] Level 5:colcon.colcon_core.verb:set package 'midterm_env' build argument 'catkin_skip_building_tests' from command line to 'False'
[0.389s] DEBUG:colcon.colcon_core.verb:Building package 'midterm_env' with the following arguments: {'ament_cmake_args': None, 'build_base': '/home/jinhan/mid_mobiity/build/midterm_env', 'catkin_cmake_args': None, 'catkin_skip_building_tests': False, 'cmake_args': None, 'cmake_clean_cache': False, 'cmake_clean_first': False, 'cmake_force_configure': False, 'cmake_target': None, 'cmake_target_skip_unavailable': False, 'install_base': '/home/jinhan/mid_mobiity/install/midterm_env', 'merge_install': False, 'path': '/home/jinhan/mid_mobiity/src/env/env/midterm_env', 'symlink_install': False, 'test_result_base': None}
[0.389s] INFO:colcon.colcon_core.executor:Executing jobs using 'parallel' executor
[0.390s] DEBUG:colcon.colcon_parallel_executor.executor.parallel:run_until_complete
[0.390s] INFO:colcon.colcon_ros.task.ament_cmake.build:Building ROS package in '/home/jinhan/mid_mobiity/src/env/env/midterm_msgs' with build type 'ament_cmake'
[0.390s] INFO:colcon.colcon_cmake.task.cmake.build:Building CMake package in '/home/jinhan/mid_mobiity/src/env/env/midterm_msgs'
[0.393s] INFO:colcon.colcon_core.plugin_system:Skipping extension 'colcon_core.shell.bat': Not used on non-Windows systems
[0.393s] INFO:colcon.colcon_core.shell:Skip shell extension 'powershell' for command environment: Not usable outside of PowerShell
[0.393s] DEBUG:colcon.colcon_core.shell:Skip shell extension 'dsv' for command environment
[0.399s] DEBUG:colcon.colcon_core.event_handler.log_command:Invoking command in '/home/jinhan/mid_mobiity/build/midterm_msgs': CMAKE_PREFIX_PATH=/opt/ros/humble /usr/bin/cmake /home/jinhan/mid_mobiity/src/env/env/midterm_msgs -DCMAKE_INSTALL_PREFIX=/home/jinhan/mid_mobiity/install/midterm_msgs
[1.770s] DEBUG:colcon.colcon_core.event_handler.log_command:Invoked command in '/home/jinhan/mid_mobiity/build/midterm_msgs' returned '0': CMAKE_PREFIX_PATH=/opt/ros/humble /usr/bin/cmake /home/jinhan/mid_mobiity/src/env/env/midterm_msgs -DCMAKE_INSTALL_PREFIX=/home/jinhan/mid_mobiity/install/midterm_msgs
[1.772s] DEBUG:colcon.colcon_core.event_handler.log_command:Invoking command in '/home/jinhan/mid_mobiity/build/midterm_msgs': CMAKE_PREFIX_PATH=/opt/ros/humble /usr/bin/cmake --build /home/jinhan/mid_mobiity/build/midterm_msgs -- -j12 -l12
[4.363s] DEBUG:colcon.colcon_core.event_handler.log_command:Invoked command in '/home/jinhan/mid_mobiity/build/midterm_msgs' returned '0': CMAKE_PREFIX_PATH=/opt/ros/humble /usr/bin/cmake --build /home/jinhan/mid_mobiity/build/midterm_msgs -- -j12 -l12
[4.372s] DEBUG:colcon.colcon_core.event_handler.log_command:Invoking command in '/home/jinhan/mid_mobiity/build/midterm_msgs': CMAKE_PREFIX_PATH=/opt/ros/humble /usr/bin/cmake --install /home/jinhan/mid_mobiity/build/midterm_msgs
[4.423s] Level 1:colcon.colcon_core.environment:create_environment_scripts_only(midterm_msgs)
[4.423s] DEBUG:colcon.colcon_core.event_handler.log_command:Invoked command in '/home/jinhan/mid_mobiity/build/midterm_msgs' returned '0': CMAKE_PREFIX_PATH=/opt/ros/humble /usr/bin/cmake --install /home/jinhan/mid_mobiity/build/midterm_msgs
[4.429s] Level 1:colcon.colcon_core.environment:checking '/home/jinhan/mid_mobiity/install/midterm_msgs' for CMake module files
[4.429s] Level 1:colcon.colcon_core.environment:checking '/home/jinhan/mid_mobiity/install/midterm_msgs' for CMake config files
[4.430s] Level 1:colcon.colcon_core.shell:create_environment_hook('midterm_msgs', 'cmake_prefix_path')
[4.431s] INFO:colcon.colcon_core.shell:Creating environment hook '/home/jinhan/mid_mobiity/install/midterm_msgs/share/midterm_msgs/hook/cmake_prefix_path.ps1'
[4.432s] INFO:colcon.colcon_core.shell:Creating environment descriptor '/home/jinhan/mid_mobiity/install/midterm_msgs/share/midterm_msgs/hook/cmake_prefix_path.dsv'
[4.432s] INFO:colcon.colcon_core.shell:Creating environment hook '/home/jinhan/mid_mobiity/install/midterm_msgs/share/midterm_msgs/hook/cmake_prefix_path.sh'
[4.433s] Level 1:colcon.colcon_core.environment:checking '/home/jinhan/mid_mobiity/install/midterm_msgs/lib'
[4.433s] Level 1:colcon.colcon_core.shell:create_environment_hook('midterm_msgs', 'ld_library_path_lib')
[4.433s] INFO:colcon.colcon_core.shell:Creating environment hook '/home/jinhan/mid_mobiity/install/midterm_msgs/share/midterm_msgs/hook/ld_library_path_lib.ps1'
[4.434s] INFO:colcon.colcon_core.shell:Creating environment descriptor '/home/jinhan/mid_mobiity/install/midterm_msgs/share/midterm_msgs/hook/ld_library_path_lib.dsv'
[4.434s] INFO:colcon.colcon_core.shell:Creating environment hook '/home/jinhan/mid_mobiity/install/midterm_msgs/share/midterm_msgs/hook/ld_library_path_lib.sh'
[4.434s] Level 1:colcon.colcon_core.environment:checking '/home/jinhan/mid_mobiity/install/midterm_msgs/bin'
[4.434s] Level 1:colcon.colcon_core.environment:checking '/home/jinhan/mid_mobiity/install/midterm_msgs/lib/pkgconfig/midterm_msgs.pc'
[4.434s] Level 1:colcon.colcon_core.environment:checking '/home/jinhan/mid_mobiity/install/midterm_msgs/lib/python3.10/site-packages'
[4.435s] Level 1:colcon.colcon_core.environment:checking '/home/jinhan/mid_mobiity/install/midterm_msgs/bin'
[4.435s] INFO:colcon.colcon_core.shell:Creating package script '/home/jinhan/mid_mobiity/install/midterm_msgs/share/midterm_msgs/package.ps1'
[4.436s] INFO:colcon.colcon_core.shell:Creating package descriptor '/home/jinhan/mid_mobiity/install/midterm_msgs/share/midterm_msgs/package.dsv'
[4.437s] INFO:colcon.colcon_core.shell:Creating package script '/home/jinhan/mid_mobiity/install/midterm_msgs/share/midterm_msgs/package.sh'
[4.437s] INFO:colcon.colcon_core.shell:Creating package script '/home/jinhan/mid_mobiity/install/midterm_msgs/share/midterm_msgs/package.bash'
[4.438s] INFO:colcon.colcon_core.shell:Creating package script '/home/jinhan/mid_mobiity/install/midterm_msgs/share/midterm_msgs/package.zsh'
[4.439s] Level 1:colcon.colcon_core.environment:create_file_with_runtime_dependencies(/home/jinhan/mid_mobiity/install/midterm_msgs/share/colcon-core/packages/midterm_msgs)
[4.440s] Level 1:colcon.colcon_core.environment:create_environment_scripts_only(midterm_msgs)
[4.440s] Level 1:colcon.colcon_core.environment:checking '/home/jinhan/mid_mobiity/install/midterm_msgs' for CMake module files
[4.441s] Level 1:colcon.colcon_core.environment:checking '/home/jinhan/mid_mobiity/install/midterm_msgs' for CMake config files
[4.441s] Level 1:colcon.colcon_core.shell:create_environment_hook('midterm_msgs', 'cmake_prefix_path')
[4.442s] INFO:colcon.colcon_core.shell:Creating environment hook '/home/jinhan/mid_mobiity/install/midterm_msgs/share/midterm_msgs/hook/cmake_prefix_path.ps1'
[4.442s] INFO:colcon.colcon_core.shell:Creating environment descriptor '/home/jinhan/mid_mobiity/install/midterm_msgs/share/midterm_msgs/hook/cmake_prefix_path.dsv'
[4.442s] INFO:colcon.colcon_core.shell:Creating environment hook '/home/jinhan/mid_mobiity/install/midterm_msgs/share/midterm_msgs/hook/cmake_prefix_path.sh'
[4.443s] Level 1:colcon.colcon_core.environment:checking '/home/jinhan/mid_mobiity/install/midterm_msgs/lib'
[4.443s] Level 1:colcon.colcon_core.shell:create_environment_hook('midterm_msgs', 'ld_library_path_lib')
[4.443s] INFO:colcon.colcon_core.shell:Creating environment hook '/home/jinhan/mid_mobiity/install/midterm_msgs/share/midterm_msgs/hook/ld_library_path_lib.ps1'
[4.444s] INFO:colcon.colcon_core.shell:Creating environment descriptor '/home/jinhan/mid_mobiity/install/midterm_msgs/share/midterm_msgs/hook/ld_library_path_lib.dsv'
[4.444s] INFO:colcon.colcon_core.shell:Creating environment hook '/home/jinhan/mid_mobiity/install/midterm_msgs/share/midterm_msgs/hook/ld_library_path_lib.sh'
[4.445s] Level 1:colcon.colcon_core.environment:checking '/home/jinhan/mid_mobiity/install/midterm_msgs/bin'
[4.445s] Level 1:colcon.colcon_core.environment:checking '/home/jinhan/mid_mobiity/install/midterm_msgs/lib/pkgconfig/midterm_msgs.pc'
[4.445s] Level 1:colcon.colcon_core.environment:checking '/home/jinhan/mid_mobiity/install/midterm_msgs/lib/python3.10/site-packages'
[4.445s] Level 1:colcon.colcon_core.environment:checking '/home/jinhan/mid_mobiity/install/midterm_msgs/bin'
[4.446s] INFO:colcon.colcon_core.shell:Creating package script '/home/jinhan/mid_mobiity/install/midterm_msgs/share/midterm_msgs/package.ps1'
[4.446s] INFO:colcon.colcon_core.shell:Creating package descriptor '/home/jinhan/mid_mobiity/install/midterm_msgs/share/midterm_msgs/package.dsv'
[4.447s] INFO:colcon.colcon_core.shell:Creating package script '/home/jinhan/mid_mobiity/install/midterm_msgs/share/midterm_msgs/package.sh'
[4.447s] INFO:colcon.colcon_core.shell:Creating package script '/home/jinhan/mid_mobiity/install/midterm_msgs/share/midterm_msgs/package.bash'
[4.447s] INFO:colcon.colcon_core.shell:Creating package script '/home/jinhan/mid_mobiity/install/midterm_msgs/share/midterm_msgs/package.zsh'
[4.448s] Level 1:colcon.colcon_core.environment:create_file_with_runtime_dependencies(/home/jinhan/mid_mobiity/install/midterm_msgs/share/colcon-core/packages/midterm_msgs)
[4.448s] INFO:colcon.colcon_ros.task.ament_python.build:Building ROS package in '/home/jinhan/mid_mobiity/src/env/env/midterm_env' with build type 'ament_python'
[4.448s] Level 1:colcon.colcon_core.shell:create_environment_hook('midterm_env', 'ament_prefix_path')
[4.448s] INFO:colcon.colcon_core.shell:Creating environment hook '/home/jinhan/mid_mobiity/install/midterm_env/share/midterm_env/hook/ament_prefix_path.ps1'
[4.449s] INFO:colcon.colcon_core.shell:Creating environment descriptor '/home/jinhan/mid_mobiity/install/midterm_env/share/midterm_env/hook/ament_prefix_path.dsv'
[4.449s] INFO:colcon.colcon_core.shell:Creating environment hook '/home/jinhan/mid_mobiity/install/midterm_env/share/midterm_env/hook/ament_prefix_path.sh'
[4.450s] INFO:colcon.colcon_core.shell:Skip shell extension 'powershell' for command environment: Not usable outside of PowerShell
[4.450s] DEBUG:colcon.colcon_core.shell:Skip shell extension 'dsv' for command environment
[4.616s] INFO:colcon.colcon_core.task.python.build:Building Python package in '/home/jinhan/mid_mobiity/src/env/env/midterm_env'
[4.616s] INFO:colcon.colcon_core.shell:Skip shell extension 'powershell' for command environment: Not usable outside of PowerShell
[4.616s] DEBUG:colcon.colcon_core.shell:Skip shell extension 'dsv' for command environment
[4.841s] DEBUG:colcon.colcon_core.event_handler.log_command:Invoking command in '/home/jinhan/mid_mobiity/src/env/env/midterm_env': AMENT_PREFIX_PATH=/home/jinhan/mid_mobiity/install/midterm_msgs:${AMENT_PREFIX_PATH} CMAKE_PREFIX_PATH=/home/jinhan/mid_mobiity/install/midterm_msgs LD_LIBRARY_PATH=/home/jinhan/mid_mobiity/install/midterm_msgs/lib:/opt/ros/humble/opt/rviz_ogre_vendor/lib:/opt/ros/humble/lib/x86_64-linux-gnu:/opt/ros/humble/lib:/usr/share/gazebo/../../lib/x86_64-linux-gnu/gazebo-11/plugins PYTHONPATH=/home/jinhan/mid_mobiity/build/midterm_env/prefix_override:/usr/lib/python3/dist-packages/colcon_core/task/python/colcon_distutils_commands:/home/jinhan/mid_mobiity/install/midterm_env/lib/python3.10/site-packages:/home/jinhan/mid_mobiity/install/midterm_msgs/local/lib/python3.10/dist-packages:${PYTHONPATH} /usr/bin/python3 -W ignore:setup.py install is deprecated -W ignore:easy_install command is deprecated setup.py egg_info --egg-base ../../../../build/midterm_env build --build-base /home/jinhan/mid_mobiity/build/midterm_env/build install --record /home/jinhan/mid_mobiity/build/midterm_env/install.log --single-version-externally-managed install_data
[5.019s] Level 1:colcon.colcon_core.environment:checking '/home/jinhan/mid_mobiity/install/midterm_env' for CMake module files
[5.019s] DEBUG:colcon.colcon_core.event_handler.log_command:Invoked command in '/home/jinhan/mid_mobiity/src/env/env/midterm_env' returned '0': AMENT_PREFIX_PATH=/home/jinhan/mid_mobiity/install/midterm_msgs:${AMENT_PREFIX_PATH} CMAKE_PREFIX_PATH=/home/jinhan/mid_mobiity/install/midterm_msgs LD_LIBRARY_PATH=/home/jinhan/mid_mobiity/install/midterm_msgs/lib:/opt/ros/humble/opt/rviz_ogre_vendor/lib:/opt/ros/humble/lib/x86_64-linux-gnu:/opt/ros/humble/lib:/usr/share/gazebo/../../lib/x86_64-linux-gnu/gazebo-11/plugins PYTHONPATH=/home/jinhan/mid_mobiity/build/midterm_env/prefix_override:/usr/lib/python3/dist-packages/colcon_core/task/python/colcon_distutils_commands:/home/jinhan/mid_mobiity/install/midterm_env/lib/python3.10/site-packages:/home/jinhan/mid_mobiity/install/midterm_msgs/local/lib/python3.10/dist-packages:${PYTHONPATH} /usr/bin/python3 -W ignore:setup.py install is deprecated -W ignore:easy_install command is deprecated setup.py egg_info --egg-base ../../../../build/midterm_env build --build-base /home/jinhan/mid_mobiity/build/midterm_env/build install --record /home/jinhan/mid_mobiity/build/midterm_env/install.log --single-version-externally-managed install_data
[5.019s] Level 1:colcon.colcon_core.environment:checking '/home/jinhan/mid_mobiity/install/midterm_env' for CMake config files
[5.020s] Level 1:colcon.colcon_core.environment:checking '/home/jinhan/mid_mobiity/install/midterm_env/lib'
[5.020s] Level 1:colcon.colcon_core.environment:checking '/home/jinhan/mid_mobiity/install/midterm_env/bin'
[5.020s] Level 1:colcon.colcon_core.environment:checking '/home/jinhan/mid_mobiity/install/midterm_env/lib/pkgconfig/midterm_env.pc'
[5.020s] Level 1:colcon.colcon_core.environment:checking '/home/jinhan/mid_mobiity/install/midterm_env/lib/python3.10/site-packages'
[5.020s] Level 1:colcon.colcon_core.shell:create_environment_hook('midterm_env', 'pythonpath')
[5.020s] INFO:colcon.colcon_core.shell:Creating environment hook '/home/jinhan/mid_mobiity/install/midterm_env/share/midterm_env/hook/pythonpath.ps1'
[5.020s] INFO:colcon.colcon_core.shell:Creating environment descriptor '/home/jinhan/mid_mobiity/install/midterm_env/share/midterm_env/hook/pythonpath.dsv'
[5.021s] INFO:colcon.colcon_core.shell:Creating environment hook '/home/jinhan/mid_mobiity/install/midterm_env/share/midterm_env/hook/pythonpath.sh'
[5.021s] Level 1:colcon.colcon_core.environment:checking '/home/jinhan/mid_mobiity/install/midterm_env/bin'
[5.021s] Level 1:colcon.colcon_core.environment:create_environment_scripts_only(midterm_env)
[5.021s] INFO:colcon.colcon_core.shell:Creating package script '/home/jinhan/mid_mobiity/install/midterm_env/share/midterm_env/package.ps1'
[5.021s] INFO:colcon.colcon_core.shell:Creating package descriptor '/home/jinhan/mid_mobiity/install/midterm_env/share/midterm_env/package.dsv'
[5.022s] INFO:colcon.colcon_core.shell:Creating package script '/home/jinhan/mid_mobiity/install/midterm_env/share/midterm_env/package.sh'
[5.022s] INFO:colcon.colcon_core.shell:Creating package script '/home/jinhan/mid_mobiity/install/midterm_env/share/midterm_env/package.bash'
[5.022s] INFO:colcon.colcon_core.shell:Creating package script '/home/jinhan/mid_mobiity/install/midterm_env/share/midterm_env/package.zsh'
[5.022s] Level 1:colcon.colcon_core.environment:create_file_with_runtime_dependencies(/home/jinhan/mid_mobiity/install/midterm_env/share/colcon-core/packages/midterm_env)
[5.022s] DEBUG:colcon.colcon_parallel_executor.executor.parallel:closing loop
[5.022s] DEBUG:colcon.colcon_parallel_executor.executor.parallel:loop closed
[5.022s] DEBUG:colcon.colcon_parallel_executor.executor.parallel:run_until_complete finished with '0'
[5.022s] DEBUG:colcon.colcon_core.event_reactor:joining thread
[5.027s] INFO:colcon.colcon_core.plugin_system:Skipping extension 'colcon_notification.desktop_notification.terminal_notifier': Not used on non-Darwin systems
[5.027s] INFO:colcon.colcon_core.plugin_system:Skipping extension 'colcon_notification.desktop_notification.win32': Not used on non-Windows systems
[5.027s] INFO:colcon.colcon_notification.desktop_notification:Sending desktop notification using 'notify2'
[5.039s] DEBUG:colcon.colcon_core.event_reactor:joined thread
[5.040s] INFO:colcon.colcon_core.shell:Creating prefix script '/home/jinhan/mid_mobiity/install/local_setup.ps1'
[5.041s] INFO:colcon.colcon_core.shell:Creating prefix util module '/home/jinhan/mid_mobiity/install/_local_setup_util_ps1.py'
[5.043s] INFO:colcon.colcon_core.shell:Creating prefix chain script '/home/jinhan/mid_mobiity/install/setup.ps1'
[5.044s] INFO:colcon.colcon_core.shell:Creating prefix script '/home/jinhan/mid_mobiity/install/local_setup.sh'
[5.044s] INFO:colcon.colcon_core.shell:Creating prefix util module '/home/jinhan/mid_mobiity/install/_local_setup_util_sh.py'
[5.045s] INFO:colcon.colcon_core.shell:Creating prefix chain script '/home/jinhan/mid_mobiity/install/setup.sh'
[5.046s] INFO:colcon.colcon_core.shell:Creating prefix script '/home/jinhan/mid_mobiity/install/local_setup.bash'
[5.046s] INFO:colcon.colcon_core.shell:Creating prefix chain script '/home/jinhan/mid_mobiity/install/setup.bash'
[5.047s] INFO:colcon.colcon_core.shell:Creating prefix script '/home/jinhan/mid_mobiity/install/local_setup.zsh'
[5.047s] INFO:colcon.colcon_core.shell:Creating prefix chain script '/home/jinhan/mid_mobiity/install/setup.zsh'
