[0.534s] Invoking command in '/home/jinhan/mid_mobiity/src/env/env/auto_driving2': AMENT_PREFIX_PATH=/home/jinhan/mid_mobiity/install/midterm_msgs:${AMENT_PREFIX_PATH} CMAKE_PREFIX_PATH=/home/jinhan/mid_mobiity/install/midterm_msgs LD_LIBRARY_PATH=/home/jinhan/mid_mobiity/install/midterm_msgs/lib:/opt/ros/humble/opt/rviz_ogre_vendor/lib:/opt/ros/humble/lib/x86_64-linux-gnu:/opt/ros/humble/lib:/usr/share/gazebo/../../lib/x86_64-linux-gnu/gazebo-11/plugins PYTHONPATH=/home/jinhan/mid_mobiity/build/auto_driving2/prefix_override:/usr/lib/python3/dist-packages/colcon_core/task/python/colcon_distutils_commands:/home/jinhan/mid_mobiity/install/auto_driving2/lib/python3.10/site-packages:/home/jinhan/mid_mobiity/install/midterm_msgs/local/lib/python3.10/dist-packages:${PYTHONPATH} /usr/bin/python3 -W ignore:setup.py install is deprecated -W ignore:easy_install command is deprecated setup.py egg_info --egg-base ../../../../build/auto_driving2 build --build-base /home/jinhan/mid_mobiity/build/auto_driving2/build install --record /home/jinhan/mid_mobiity/build/auto_driving2/install.log --single-version-externally-managed install_data
[0.677s] running egg_info
[0.678s] writing ../../../../build/auto_driving2/auto_driving2.egg-info/PKG-INFO
[0.678s] writing dependency_links to ../../../../build/auto_driving2/auto_driving2.egg-info/dependency_links.txt
[0.678s] writing entry points to ../../../../build/auto_driving2/auto_driving2.egg-info/entry_points.txt
[0.678s] writing requirements to ../../../../build/auto_driving2/auto_driving2.egg-info/requires.txt
[0.678s] writing top-level names to ../../../../build/auto_driving2/auto_driving2.egg-info/top_level.txt
[0.679s] reading manifest file '../../../../build/auto_driving2/auto_driving2.egg-info/SOURCES.txt'
[0.679s] writing manifest file '../../../../build/auto_driving2/auto_driving2.egg-info/SOURCES.txt'
[0.679s] running build
[0.680s] running build_py
[0.680s] copying auto_driving2/integrated_planner_rviz.py -> /home/jinhan/mid_mobiity/build/auto_driving2/build/lib/auto_driving2
[0.680s] running install
[0.680s] running install_lib
[0.680s] copying /home/jinhan/mid_mobiity/build/auto_driving2/build/lib/auto_driving2/integrated_planner_rviz.py -> /home/jinhan/mid_mobiity/install/auto_driving2/lib/python3.10/site-packages/auto_driving2
[0.681s] byte-compiling /home/jinhan/mid_mobiity/install/auto_driving2/lib/python3.10/site-packages/auto_driving2/integrated_planner_rviz.py to integrated_planner_rviz.cpython-310.pyc
[0.685s] running install_data
[0.685s] running install_egg_info
[0.687s] removing '/home/jinhan/mid_mobiity/install/auto_driving2/lib/python3.10/site-packages/auto_driving2-0.0.0-py3.10.egg-info' (and everything under it)
[0.687s] Copying ../../../../build/auto_driving2/auto_driving2.egg-info to /home/jinhan/mid_mobiity/install/auto_driving2/lib/python3.10/site-packages/auto_driving2-0.0.0-py3.10.egg-info
[0.687s] running install_scripts
[0.700s] Installing planner script to /home/jinhan/mid_mobiity/install/auto_driving2/lib/auto_driving2
[0.700s] writing list of installed files to '/home/jinhan/mid_mobiity/build/auto_driving2/install.log'
[0.720s] Invoked command in '/home/jinhan/mid_mobiity/src/env/env/auto_driving2' returned '0': AMENT_PREFIX_PATH=/home/jinhan/mid_mobiity/install/midterm_msgs:${AMENT_PREFIX_PATH} CMAKE_PREFIX_PATH=/home/jinhan/mid_mobiity/install/midterm_msgs LD_LIBRARY_PATH=/home/jinhan/mid_mobiity/install/midterm_msgs/lib:/opt/ros/humble/opt/rviz_ogre_vendor/lib:/opt/ros/humble/lib/x86_64-linux-gnu:/opt/ros/humble/lib:/usr/share/gazebo/../../lib/x86_64-linux-gnu/gazebo-11/plugins PYTHONPATH=/home/jinhan/mid_mobiity/build/auto_driving2/prefix_override:/usr/lib/python3/dist-packages/colcon_core/task/python/colcon_distutils_commands:/home/jinhan/mid_mobiity/install/auto_driving2/lib/python3.10/site-packages:/home/jinhan/mid_mobiity/install/midterm_msgs/local/lib/python3.10/dist-packages:${PYTHONPATH} /usr/bin/python3 -W ignore:setup.py install is deprecated -W ignore:easy_install command is deprecated setup.py egg_info --egg-base ../../../../build/auto_driving2 build --build-base /home/jinhan/mid_mobiity/build/auto_driving2/build install --record /home/jinhan/mid_mobiity/build/auto_driving2/install.log --single-version-externally-managed install_data
