[0.663s] Invoking command in '/home/jinhan/mid_mobiity/src/env/env/auto_driving': PYTHONPATH=/home/jinhan/mid_mobiity/build/auto_driving/prefix_override:/usr/lib/python3/dist-packages/colcon_core/task/python/colcon_distutils_commands:/home/jinhan/mid_mobiity/install/auto_driving/lib/python3.10/site-packages:${PYTHONPATH} /usr/bin/python3 -W ignore:setup.py install is deprecated -W ignore:easy_install command is deprecated setup.py egg_info --egg-base ../../../../build/auto_driving build --build-base /home/jinhan/mid_mobiity/build/auto_driving/build install --record /home/jinhan/mid_mobiity/build/auto_driving/install.log --single-version-externally-managed install_data
[0.808s] running egg_info
[0.808s] writing ../../../../build/auto_driving/auto_driving.egg-info/PKG-INFO
[0.809s] writing dependency_links to ../../../../build/auto_driving/auto_driving.egg-info/dependency_links.txt
[0.809s] writing entry points to ../../../../build/auto_driving/auto_driving.egg-info/entry_points.txt
[0.809s] writing requirements to ../../../../build/auto_driving/auto_driving.egg-info/requires.txt
[0.809s] writing top-level names to ../../../../build/auto_driving/auto_driving.egg-info/top_level.txt
[0.810s] reading manifest file '../../../../build/auto_driving/auto_driving.egg-info/SOURCES.txt'
[0.810s] writing manifest file '../../../../build/auto_driving/auto_driving.egg-info/SOURCES.txt'
[0.810s] running build
[0.810s] running build_py
[0.810s] running install
[0.810s] running install_lib
[0.812s] running install_data
[0.812s] running install_egg_info
[0.813s] removing '/home/jinhan/mid_mobiity/install/auto_driving/lib/python3.10/site-packages/auto_driving-0.0.0-py3.10.egg-info' (and everything under it)
[0.813s] Copying ../../../../build/auto_driving/auto_driving.egg-info to /home/jinhan/mid_mobiity/install/auto_driving/lib/python3.10/site-packages/auto_driving-0.0.0-py3.10.egg-info
[0.814s] running install_scripts
[0.828s] Installing astar script to /home/jinhan/mid_mobiity/install/auto_driving/lib/auto_driving
[0.828s] Installing dstar_hard script to /home/jinhan/mid_mobiity/install/auto_driving/lib/auto_driving
[0.828s] Installing dstar_lite script to /home/jinhan/mid_mobiity/install/auto_driving/lib/auto_driving
[0.828s] writing list of installed files to '/home/jinhan/mid_mobiity/build/auto_driving/install.log'
[0.848s] Invoked command in '/home/jinhan/mid_mobiity/src/env/env/auto_driving' returned '0': PYTHONPATH=/home/jinhan/mid_mobiity/build/auto_driving/prefix_override:/usr/lib/python3/dist-packages/colcon_core/task/python/colcon_distutils_commands:/home/jinhan/mid_mobiity/install/auto_driving/lib/python3.10/site-packages:${PYTHONPATH} /usr/bin/python3 -W ignore:setup.py install is deprecated -W ignore:easy_install command is deprecated setup.py egg_info --egg-base ../../../../build/auto_driving build --build-base /home/jinhan/mid_mobiity/build/auto_driving/build install --record /home/jinhan/mid_mobiity/build/auto_driving/install.log --single-version-externally-managed install_data
